Archive member included to satisfy reference by file (symbol)

/home/jake/Downloads/makeself_dir_OqaUza/y/plugins/com.st.stm32cube.ide.mcu.externaltools.gnu-tools-for-stm32.10.3-2021.10.linux64_1.0.100.202210260954/tools/bin/../lib/gcc/arm-none-eabi/10.3.1/../../../../arm-none-eabi/lib/thumb/v7e-m+fp/hard/libc_nano.a(lib_a-errno.o)
                              ./Core/Src/syscalls.o (__errno)
/home/jake/Downloads/makeself_dir_OqaUza/y/plugins/com.st.stm32cube.ide.mcu.externaltools.gnu-tools-for-stm32.10.3-2021.10.linux64_1.0.100.202210260954/tools/bin/../lib/gcc/arm-none-eabi/10.3.1/../../../../arm-none-eabi/lib/thumb/v7e-m+fp/hard/libc_nano.a(lib_a-exit.o)
                              /home/jake/Downloads/makeself_dir_OqaUza/y/plugins/com.st.stm32cube.ide.mcu.externaltools.gnu-tools-for-stm32.10.3-2021.10.linux64_1.0.100.202210260954/tools/bin/../lib/gcc/arm-none-eabi/10.3.1/../../../../arm-none-eabi/lib/thumb/v7e-m+fp/hard/crt0.o (exit)
/home/jake/Downloads/makeself_dir_OqaUza/y/plugins/com.st.stm32cube.ide.mcu.externaltools.gnu-tools-for-stm32.10.3-2021.10.linux64_1.0.100.202210260954/tools/bin/../lib/gcc/arm-none-eabi/10.3.1/../../../../arm-none-eabi/lib/thumb/v7e-m+fp/hard/libc_nano.a(lib_a-impure.o)
                              /home/jake/Downloads/makeself_dir_OqaUza/y/plugins/com.st.stm32cube.ide.mcu.externaltools.gnu-tools-for-stm32.10.3-2021.10.linux64_1.0.100.202210260954/tools/bin/../lib/gcc/arm-none-eabi/10.3.1/../../../../arm-none-eabi/lib/thumb/v7e-m+fp/hard/libc_nano.a(lib_a-exit.o) (_global_impure_ptr)
/home/jake/Downloads/makeself_dir_OqaUza/y/plugins/com.st.stm32cube.ide.mcu.externaltools.gnu-tools-for-stm32.10.3-2021.10.linux64_1.0.100.202210260954/tools/bin/../lib/gcc/arm-none-eabi/10.3.1/../../../../arm-none-eabi/lib/thumb/v7e-m+fp/hard/libc_nano.a(lib_a-init.o)
                              /home/jake/Downloads/makeself_dir_OqaUza/y/plugins/com.st.stm32cube.ide.mcu.externaltools.gnu-tools-for-stm32.10.3-2021.10.linux64_1.0.100.202210260954/tools/bin/../lib/gcc/arm-none-eabi/10.3.1/../../../../arm-none-eabi/lib/thumb/v7e-m+fp/hard/crt0.o (__libc_init_array)
/home/jake/Downloads/makeself_dir_OqaUza/y/plugins/com.st.stm32cube.ide.mcu.externaltools.gnu-tools-for-stm32.10.3-2021.10.linux64_1.0.100.202210260954/tools/bin/../lib/gcc/arm-none-eabi/10.3.1/../../../../arm-none-eabi/lib/thumb/v7e-m+fp/hard/libc_nano.a(lib_a-memset.o)
                              /home/jake/Downloads/makeself_dir_OqaUza/y/plugins/com.st.stm32cube.ide.mcu.externaltools.gnu-tools-for-stm32.10.3-2021.10.linux64_1.0.100.202210260954/tools/bin/../lib/gcc/arm-none-eabi/10.3.1/../../../../arm-none-eabi/lib/thumb/v7e-m+fp/hard/crt0.o (memset)
/home/jake/Downloads/makeself_dir_OqaUza/y/plugins/com.st.stm32cube.ide.mcu.externaltools.gnu-tools-for-stm32.10.3-2021.10.linux64_1.0.100.202210260954/tools/bin/../lib/gcc/arm-none-eabi/10.3.1/../../../../arm-none-eabi/lib/thumb/v7e-m+fp/hard/libc_nano.a(lib_a-puts.o)
                              ./Core/Src/main.o (puts)
/home/jake/Downloads/makeself_dir_OqaUza/y/plugins/com.st.stm32cube.ide.mcu.externaltools.gnu-tools-for-stm32.10.3-2021.10.linux64_1.0.100.202210260954/tools/bin/../lib/gcc/arm-none-eabi/10.3.1/../../../../arm-none-eabi/lib/thumb/v7e-m+fp/hard/libc_nano.a(lib_a-wbuf.o)
                              /home/jake/Downloads/makeself_dir_OqaUza/y/plugins/com.st.stm32cube.ide.mcu.externaltools.gnu-tools-for-stm32.10.3-2021.10.linux64_1.0.100.202210260954/tools/bin/../lib/gcc/arm-none-eabi/10.3.1/../../../../arm-none-eabi/lib/thumb/v7e-m+fp/hard/libc_nano.a(lib_a-puts.o) (__swbuf_r)
/home/jake/Downloads/makeself_dir_OqaUza/y/plugins/com.st.stm32cube.ide.mcu.externaltools.gnu-tools-for-stm32.10.3-2021.10.linux64_1.0.100.202210260954/tools/bin/../lib/gcc/arm-none-eabi/10.3.1/../../../../arm-none-eabi/lib/thumb/v7e-m+fp/hard/libc_nano.a(lib_a-wsetup.o)
                              /home/jake/Downloads/makeself_dir_OqaUza/y/plugins/com.st.stm32cube.ide.mcu.externaltools.gnu-tools-for-stm32.10.3-2021.10.linux64_1.0.100.202210260954/tools/bin/../lib/gcc/arm-none-eabi/10.3.1/../../../../arm-none-eabi/lib/thumb/v7e-m+fp/hard/libc_nano.a(lib_a-puts.o) (__swsetup_r)
/home/jake/Downloads/makeself_dir_OqaUza/y/plugins/com.st.stm32cube.ide.mcu.externaltools.gnu-tools-for-stm32.10.3-2021.10.linux64_1.0.100.202210260954/tools/bin/../lib/gcc/arm-none-eabi/10.3.1/../../../../arm-none-eabi/lib/thumb/v7e-m+fp/hard/libc_nano.a(lib_a-fflush.o)
                              /home/jake/Downloads/makeself_dir_OqaUza/y/plugins/com.st.stm32cube.ide.mcu.externaltools.gnu-tools-for-stm32.10.3-2021.10.linux64_1.0.100.202210260954/tools/bin/../lib/gcc/arm-none-eabi/10.3.1/../../../../arm-none-eabi/lib/thumb/v7e-m+fp/hard/libc_nano.a(lib_a-wbuf.o) (_fflush_r)
[...]
Memory Configuration

Name             Origin             Length             Attributes
CCMRAM           0x0000000010000000 0x0000000000010000 xrw
RAM              0x0000000020000000 0x0000000000020000 xrw
FLASH            0x0000000008000000 0x0000000000080000 xr
*default*        0x0000000000000000 0xffffffffffffffff

Linker script and memory map

LOAD /home/jake/Downloads/makeself_dir_OqaUza/y/plugins/com.st.stm32cube.ide.mcu.externaltools.gnu-tools-for-stm32.10.3-2021.10.linux64_1.0.100.202210260954/tools/bin/../lib/gcc/arm-none-eabi/10.3.1/thumb/v7e-m+fp/hard/crti.o
LOAD /home/jake/Downloads/makeself_dir_OqaUza/y/plugins/com.st.stm32cube.ide.mcu.externaltools.gnu-tools-for-stm32.10.3-2021.10.linux64_1.0.100.202210260954/tools/bin/../lib/gcc/arm-none-eabi/10.3.1/thumb/v7e-m+fp/hard/crtbegin.o
LOAD /home/jake/Downloads/makeself_dir_OqaUza/y/plugins/com.st.stm32cube.ide.mcu.externaltools.gnu-tools-for-stm32.10.3-2021.10.linux64_1.0.100.202210260954/tools/bin/../lib/gcc/arm-none-eabi/10.3.1/../../../../arm-none-eabi/lib/thumb/v7e-m+fp/hard/crt0.o
LOAD ./Core/Src/main.o
LOAD ./Core/Src/stm32f4xx_hal_msp.o
LOAD ./Core/Src/stm32f4xx_it.o
LOAD ./Core/Src/syscalls.o
LOAD ./Core/Src/sysmem.o
LOAD ./Core/Src/system_stm32f4xx.o
LOAD ./Core/Startup/startup_stm32f407vetx.o
LOAD ./Drivers/STM32F4xx_HAL_Driver/Src/stm32f4xx_hal.o
LOAD ./Drivers/STM32F4xx_HAL_Driver/Src/stm32f4xx_hal_cortex.o
LOAD ./Drivers/STM32F4xx_HAL_Driver/Src/stm32f4xx_hal_dma.o
LOAD ./Drivers/STM32F4xx_HAL_Driver/Src/stm32f4xx_hal_dma_ex.o
LOAD ./Drivers/STM32F4xx_HAL_Driver/Src/stm32f4xx_hal_exti.o
LOAD ./Drivers/STM32F4xx_HAL_Driver/Src/stm32f4xx_hal_flash.o
LOAD ./Drivers/STM32F4xx_HAL_Driver/Src/stm32f4xx_hal_flash_ex.o
LOAD ./Drivers/STM32F4xx_HAL_Driver/Src/stm32f4xx_hal_flash_ramfunc.o
LOAD ./Drivers/STM32F4xx_HAL_Driver/Src/stm32f4xx_hal_gpio.o
LOAD ./Drivers/STM32F4xx_HAL_Driver/Src/stm32f4xx_hal_i2s.o
LOAD ./Drivers/STM32F4xx_HAL_Driver/Src/stm32f4xx_hal_i2s_ex.o
LOAD ./Drivers/STM32F4xx_HAL_Driver/Src/stm32f4xx_hal_pwr.o
LOAD ./Drivers/STM32F4xx_HAL_Driver/Src/stm32f4xx_hal_pwr_ex.o
LOAD ./Drivers/STM32F4xx_HAL_Driver/Src/stm32f4xx_hal_rcc.o
LOAD ./Drivers/STM32F4xx_HAL_Driver/Src/stm32f4xx_hal_rcc_ex.o
LOAD ./Drivers/STM32F4xx_HAL_Driver/Src/stm32f4xx_hal_spi.o
LOAD ./Drivers/STM32F4xx_HAL_Driver/Src/stm32f4xx_hal_uart.o
START GROUP
LOAD /home/jake/Downloads/makeself_dir_OqaUza/y/plugins/com.st.stm32cube.ide.mcu.externaltools.gnu-tools-for-stm32.10.3-2021.10.linux64_1.0.100.202210260954/tools/bin/../lib/gcc/arm-none-eabi/10.3.1/../../../../arm-none-eabi/lib/thumb/v7e-m+fp/hard/libc_nano.a
LOAD /home/jake/Downloads/makeself_dir_OqaUza/y/plugins/com.st.stm32cube.ide.mcu.externaltools.gnu-tools-for-stm32.10.3-2021.10.linux64_1.0.100.202210260954/tools/bin/../lib/gcc/arm-none-eabi/10.3.1/../../../../arm-none-eabi/lib/thumb/v7e-m+fp/hard/libm.a
END GROUP
START GROUP
LOAD /home/jake/Downloads/makeself_dir_OqaUza/y/plugins/com.st.stm32cube.ide.mcu.externaltools.gnu-tools-for-stm32.10.3-2021.10.linux64_1.0.100.202210260954/tools/bin/../lib/gcc/arm-none-eabi/10.3.1/thumb/v7e-m+fp/hard/libgcc.a
LOAD /home/jake/Downloads/makeself_dir_OqaUza/y/plugins/com.st.stm32cube.ide.mcu.externaltools.gnu-tools-for-stm32.10.3-2021.10.linux64_1.0.100.202210260954/tools/bin/../lib/gcc/arm-none-eabi/10.3.1/../../../../arm-none-eabi/lib/thumb/v7e-m+fp/hard/libc_nano.a
END GROUP
START GROUP
LOAD /home/jake/Downloads/makeself_dir_OqaUza/y/plugins/com.st.stm32cube.ide.mcu.externaltools.gnu-tools-for-stm32.10.3-2021.10.linux64_1.0.100.202210260954/tools/bin/../lib/gcc/arm-none-eabi/10.3.1/thumb/v7e-m+fp/hard/libgcc.a
LOAD /home/jake/Downloads/makeself_dir_OqaUza/y/plugins/com.st.stm32cube.ide.mcu.externaltools.gnu-tools-for-stm32.10.3-2021.10.linux64_1.0.100.202210260954/tools/bin/../lib/gcc/arm-none-eabi/10.3.1/../../../../arm-none-eabi/lib/thumb/v7e-m+fp/hard/libc_nano.a
LOAD /home/jake/Downloads/makeself_dir_OqaUza/y/plugins/com.st.stm32cube.ide.mcu.externaltools.gnu-tools-for-stm32.10.3-2021.10.linux64_1.0.100.202210260954/tools/bin/../lib/gcc/arm-none-eabi/10.3.1/../../../../arm-none-eabi/lib/thumb/v7e-m+fp/hard/libnosys.a
END GROUP
START GROUP
LOAD /home/jake/Downloads/makeself_dir_OqaUza/y/plugins/com.st.stm32cube.ide.mcu.externaltools.gnu-tools-for-stm32.10.3-2021.10.linux64_1.0.100.202210260954/tools/bin/../lib/gcc/arm-none-eabi/10.3.1/thumb/v7e-m+fp/hard/libgcc.a
LOAD /home/jake/Downloads/makeself_dir_OqaUza/y/plugins/com.st.stm32cube.ide.mcu.externaltools.gnu-tools-for-stm32.10.3-2021.10.linux64_1.0.100.202210260954/tools/bin/../lib/gcc/arm-none-eabi/10.3.1/../../../../arm-none-eabi/lib/thumb/v7e-m+fp/hard/libc_nano.a
LOAD /home/jake/Downloads/makeself_dir_OqaUza/y/plugins/com.st.stm32cube.ide.mcu.externaltools.gnu-tools-for-stm32.10.3-2021.10.linux64_1.0.100.202210260954/tools/bin/../lib/gcc/arm-none-eabi/10.3.1/../../../../arm-none-eabi/lib/thumb/v7e-m+fp/hard/libnosys.a
END GROUP
LOAD /home/jake/Downloads/makeself_dir_OqaUza/y/plugins/com.st.stm32cube.ide.mcu.externaltools.gnu-tools-for-stm32.10.3-2021.10.linux64_1.0.100.202210260954/tools/bin/../lib/gcc/arm-none-eabi/10.3.1/thumb/v7e-m+fp/hard/crtend.o
LOAD /home/jake/Downloads/makeself_dir_OqaUza/y/plugins/com.st.stm32cube.ide.mcu.externaltools.gnu-tools-for-stm32.10.3-2021.10.linux64_1.0.100.202210260954/tools/bin/../lib/gcc/arm-none-eabi/10.3.1/thumb/v7e-m+fp/hard/crtn.o
                0x0000000020020000                _estack = (ORIGIN (RAM) + LENGTH (RAM))
                0x0000000000000200                _Min_Heap_Size = 0x200
                0x0000000000000400                _Min_Stack_Size = 0x400

.isr_vector     0x0000000008000000      0x188
                0x0000000008000000                . = ALIGN (0x4)
 *(.isr_vector)
 .isr_vector    0x0000000008000000      0x188 ./Core/Startup/startup_stm32f407vetx.o
                0x0000000008000000                g_pfnVectors
                0x0000000008000188                . = ALIGN (0x4)

.text           0x0000000008000188     0x4e98
                0x0000000008000188                . = ALIGN (0x4)
 *(.text)
 .text          0x0000000008000188       0x40 /home/jake/Downloads/makeself_dir_OqaUza/y/plugins/com.st.stm32cube.ide.mcu.externaltools.gnu-tools-for-stm32.10.3-2021.10.linux64_1.0.100.202210260954/tools/bin/../lib/gcc/arm-none-eabi/10.3.1/thumb/v7e-m+fp/hard/crtbegin.o
 .text          0x00000000080001c8      0x254 /home/jake/Downloads/makeself_dir_OqaUza/y/plugins/com.st.stm32cube.ide.mcu.externaltools.gnu-tools-for-stm32.10.3-2021.10.linux64_1.0.100.202210260954/tools/bin/../lib/gcc/arm-none-eabi/10.3.1/thumb/v7e-m+fp/hard/libgcc.a(_arm_muldf3.o)
                0x00000000080001c8                __aeabi_dmul
                0x00000000080001c8                __muldf3
 .text          0x000000000800041c      0x378 /home/jake/Downloads/makeself_dir_OqaUza/y/plugins/com.st.stm32cube.ide.mcu.externaltools.gnu-tools-for-stm32.10.3-2021.10.linux64_1.0.100.202210260954/tools/bin/../lib/gcc/arm-none-eabi/10.3.1/thumb/v7e-m+fp/hard/libgcc.a(_arm_addsubdf3.o)
                0x000000000800041c                __aeabi_drsub
                0x0000000008000424                __aeabi_dsub
                0x0000000008000424                __subdf3
                0x0000000008000428                __adddf3
                0x0000000008000428                __aeabi_dadd
                0x00000000080006a0                __aeabi_ui2d
                0x00000000080006a0                __floatunsidf
                0x00000000080006c0                __floatsidf
                0x00000000080006c0                __aeabi_i2d
                0x00000000080006e4                __extendsfdf2
                0x00000000080006e4                __aeabi_f2d
                0x0000000008000728                __aeabi_ul2d
                0x0000000008000728                __floatundidf
                0x0000000008000738                __floatdidf
                0x0000000008000738                __aeabi_l2d
 .text          0x0000000008000794       0x50 /home/jake/Downloads/makeself_dir_OqaUza/y/plugins/com.st.stm32cube.ide.mcu.externaltools.gnu-tools-for-stm32.10.3-2021.10.linux64_1.0.100.202210260954/tools/bin/../lib/gcc/arm-none-eabi/10.3.1/thumb/v7e-m+fp/hard/libgcc.a(_arm_fixdfsi.o)
                0x0000000008000794                __fixdfsi
                0x0000000008000794                __aeabi_d2iz
 .text          0x00000000080007e4       0x30 /home/jake/Downloads/makeself_dir_OqaUza/y/plugins/com.st.stm32cube.ide.mcu.externaltools.gnu-tools-for-stm32.10.3-2021.10.linux64_1.0.100.202210260954/tools/bin/../lib/gcc/arm-none-eabi/10.3.1/thumb/v7e-m+fp/hard/libgcc.a(_aeabi_uldivmod.o)
                0x00000000080007e4                __aeabi_uldivmod
 .text          0x0000000008000814      0x2d0 /home/jake/Downloads/makeself_dir_OqaUza/y/plugins/com.st.stm32cube.ide.mcu.externaltools.gnu-tools-for-stm32.10.3-2021.10.linux64_1.0.100.202210260954/tools/bin/../lib/gcc/arm-none-eabi/10.3.1/thumb/v7e-m+fp/hard/libgcc.a(_udivmoddi4.o)
                0x0000000008000814                __udivmoddi4
 .text          0x0000000008000ae4        0x4 /home/jake/Downloads/makeself_dir_OqaUza/y/plugins/com.st.stm32cube.ide.mcu.externaltools.gnu-tools-for-stm32.10.3-2021.10.linux64_1.0.100.202210260954/tools/bin/../lib/gcc/arm-none-eabi/10.3.1/thumb/v7e-m+fp/hard/libgcc.a(_dvmd_tls.o)
                0x0000000008000ae4                __aeabi_ldiv0
                0x0000000008000ae4                __aeabi_idiv0
 *(.text*)
 .text._write   0x0000000008000ae8       0x28 ./Core/Src/main.o
                0x0000000008000ae8                _write
 .text.main     0x0000000008000b10       0x40 ./Core/Src/main.o
                0x0000000008000b10                main
 .text.SystemClock_Config
                0x0000000008000b50       0xd4 ./Core/Src/main.o
                0x0000000008000b50                SystemClock_Config
 .text.MX_I2S2_Init
                0x0000000008000c24       0x5c ./Core/Src/main.o
 .text.MX_UART4_Init
                0x0000000008000c80       0x54 ./Core/Src/main.o
 .text.MX_DMA_Init
                0x0000000008000cd4       0x40 ./Core/Src/main.o
 .text.MX_GPIO_Init
                0x0000000008000d14       0x88 ./Core/Src/main.o
 .text.HAL_I2SEx_TxRxHalfCpltCallback
                0x0000000008000d9c       0x1e ./Core/Src/main.o
                0x0000000008000d9c                HAL_I2SEx_TxRxHalfCpltCallback
 .text.HAL_I2SEx_TxRxCpltCallback
                0x0000000008000dba       0x1e ./Core/Src/main.o
                0x0000000008000dba                HAL_I2SEx_TxRxCpltCallback
 .text.Process_Data
                0x0000000008000dd8       0xe8 ./Core/Src/main.o
                0x0000000008000dd8                Process_Data
 .text.low_pass_filter
                0x0000000008000ec0      0x260 ./Core/Src/main.o
                0x0000000008000ec0                low_pass_filter
 .text.Error_Handler
                0x0000000008001120        0xa ./Core/Src/main.o
                0x0000000008001120                Error_Handler
 *fill*         0x000000000800112a        0x2 
 .text.HAL_MspInit
                0x000000000800112c       0x50 ./Core/Src/stm32f4xx_hal_msp.o
                0x000000000800112c                HAL_MspInit
 .text.HAL_I2S_MspInit
                0x000000000800117c      0x1f8 ./Core/Src/stm32f4xx_hal_msp.o
                0x000000000800117c                HAL_I2S_MspInit
 .text.HAL_UART_MspInit
                0x0000000008001374       0x90 ./Core/Src/stm32f4xx_hal_msp.o
                0x0000000008001374                HAL_UART_MspInit
 .text.NMI_Handler
                0x0000000008001404        0x6 ./Core/Src/stm32f4xx_it.o
                0x0000000008001404                NMI_Handler
 .text.HardFault_Handler
                0x000000000800140a        0x6 ./Core/Src/stm32f4xx_it.o
                0x000000000800140a                HardFault_Handler
 .text.MemManage_Handler
                0x0000000008001410        0x6 ./Core/Src/stm32f4xx_it.o
                0x0000000008001410                MemManage_Handler
 .text.BusFault_Handler
                0x0000000008001416        0x6 ./Core/Src/stm32f4xx_it.o
                0x0000000008001416                BusFault_Handler
 .text.UsageFault_Handler
                0x000000000800141c        0x6 ./Core/Src/stm32f4xx_it.o
                0x000000000800141c                UsageFault_Handler
 .text.SVC_Handler
                0x0000000008001422        0xe ./Core/Src/stm32f4xx_it.o
                0x0000000008001422                SVC_Handler
 .text.DebugMon_Handler
                0x0000000008001430        0xe ./Core/Src/stm32f4xx_it.o
                0x0000000008001430                DebugMon_Handler
 .text.PendSV_Handler
                0x000000000800143e        0xe ./Core/Src/stm32f4xx_it.o
                0x000000000800143e                PendSV_Handler
 .text.SysTick_Handler
                0x000000000800144c        0xc ./Core/Src/stm32f4xx_it.o
                0x000000000800144c                SysTick_Handler
 .text.DMA1_Stream3_IRQHandler
                0x0000000008001458       0x14 ./Core/Src/stm32f4xx_it.o
                0x0000000008001458                DMA1_Stream3_IRQHandler
 .text.DMA1_Stream4_IRQHandler
                0x000000000800146c       0x14 ./Core/Src/stm32f4xx_it.o
                0x000000000800146c                DMA1_Stream4_IRQHandler
 .text._read    0x0000000008001480       0x3a ./Core/Src/syscalls.o
                0x0000000008001480                _read
 .text._close   0x00000000080014ba       0x18 ./Core/Src/syscalls.o
                0x00000000080014ba                _close
 .text._fstat   0x00000000080014d2       0x20 ./Core/Src/syscalls.o
                0x00000000080014d2                _fstat
 .text._isatty  0x00000000080014f2       0x16 ./Core/Src/syscalls.o
                0x00000000080014f2                _isatty
 .text._lseek   0x0000000008001508       0x1a ./Core/Src/syscalls.o
                0x0000000008001508                _lseek
 *fill*         0x0000000008001522        0x2 
 .text._sbrk    0x0000000008001524       0x6c ./Core/Src/sysmem.o
                0x0000000008001524                _sbrk
 .text.SystemInit
                0x0000000008001590       0x24 ./Core/Src/system_stm32f4xx.o
                0x0000000008001590                SystemInit
 .text.Reset_Handler
                0x00000000080015b4       0x50 ./Core/Startup/startup_stm32f407vetx.o
                0x00000000080015b4                Reset_Handler
 .text.Default_Handler
                0x0000000008001604        0x2 ./Core/Startup/startup_stm32f407vetx.o
                0x0000000008001604                RTC_Alarm_IRQHandler
                0x0000000008001604                HASH_RNG_IRQHandler
                0x0000000008001604                EXTI2_IRQHandler
                0x0000000008001604                TIM8_CC_IRQHandler
                0x0000000008001604                TIM1_CC_IRQHandler
                0x0000000008001604                DMA2_Stream5_IRQHandler
                0x0000000008001604                DMA1_Stream5_IRQHandler
                0x0000000008001604                PVD_IRQHandler
                0x0000000008001604                SDIO_IRQHandler
                0x0000000008001604                TAMP_STAMP_IRQHandler
                0x0000000008001604                CAN2_RX1_IRQHandler
                0x0000000008001604                EXTI3_IRQHandler
                0x0000000008001604                TIM8_TRG_COM_TIM14_IRQHandler
                0x0000000008001604                TIM1_UP_TIM10_IRQHandler
                0x0000000008001604                TIM8_UP_TIM13_IRQHandler
                0x0000000008001604                I2C3_ER_IRQHandler
                0x0000000008001604                EXTI0_IRQHandler
                0x0000000008001604                I2C2_EV_IRQHandler
                0x0000000008001604                DMA1_Stream2_IRQHandler
                0x0000000008001604                CAN1_RX0_IRQHandler
                0x0000000008001604                FPU_IRQHandler
                0x0000000008001604                OTG_HS_WKUP_IRQHandler
                0x0000000008001604                CAN2_SCE_IRQHandler
                0x0000000008001604                DMA2_Stream2_IRQHandler
                0x0000000008001604                SPI1_IRQHandler
                0x0000000008001604                TIM6_DAC_IRQHandler
                0x0000000008001604                TIM1_BRK_TIM9_IRQHandler
                0x0000000008001604                DCMI_IRQHandler
                0x0000000008001604                CAN2_RX0_IRQHandler
                0x0000000008001604                DMA2_Stream3_IRQHandler
                0x0000000008001604                USART6_IRQHandler
                0x0000000008001604                USART3_IRQHandler
                0x0000000008001604                CAN1_RX1_IRQHandler
                0x0000000008001604                UART5_IRQHandler
                0x0000000008001604                DMA2_Stream0_IRQHandler
                0x0000000008001604                TIM4_IRQHandler
                0x0000000008001604                I2C1_EV_IRQHandler
                0x0000000008001604                DMA1_Stream6_IRQHandler
                0x0000000008001604                DMA1_Stream1_IRQHandler
                0x0000000008001604                UART4_IRQHandler
                0x0000000008001604                TIM3_IRQHandler
                0x0000000008001604                RCC_IRQHandler
                0x0000000008001604                TIM8_BRK_TIM12_IRQHandler
                0x0000000008001604                Default_Handler
                0x0000000008001604                EXTI15_10_IRQHandler
                0x0000000008001604                ADC_IRQHandler
                0x0000000008001604                DMA1_Stream7_IRQHandler
                0x0000000008001604                TIM7_IRQHandler
                0x0000000008001604                CAN2_TX_IRQHandler
                0x0000000008001604                TIM5_IRQHandler
                0x0000000008001604                DMA2_Stream7_IRQHandler
                0x0000000008001604                I2C3_EV_IRQHandler
                0x0000000008001604                EXTI9_5_IRQHandler
                0x0000000008001604                RTC_WKUP_IRQHandler
                0x0000000008001604                ETH_WKUP_IRQHandler
                0x0000000008001604                SPI2_IRQHandler
                0x0000000008001604                OTG_HS_EP1_IN_IRQHandler
                0x0000000008001604                DMA1_Stream0_IRQHandler
                0x0000000008001604                CAN1_TX_IRQHandler
                0x0000000008001604                EXTI4_IRQHandler
                0x0000000008001604                FSMC_IRQHandler
                0x0000000008001604                ETH_IRQHandler
                0x0000000008001604                OTG_HS_EP1_OUT_IRQHandler
                0x0000000008001604                WWDG_IRQHandler
                0x0000000008001604                TIM2_IRQHandler
                0x0000000008001604                OTG_FS_WKUP_IRQHandler
                0x0000000008001604                TIM1_TRG_COM_TIM11_IRQHandler
                0x0000000008001604                OTG_HS_IRQHandler
                0x0000000008001604                EXTI1_IRQHandler
                0x0000000008001604                USART2_IRQHandler
                0x0000000008001604                I2C2_ER_IRQHandler
                0x0000000008001604                DMA2_Stream1_IRQHandler
                0x0000000008001604                CAN1_SCE_IRQHandler
                0x0000000008001604                FLASH_IRQHandler
                0x0000000008001604                DMA2_Stream4_IRQHandler
                0x0000000008001604                USART1_IRQHandler
                0x0000000008001604                OTG_FS_IRQHandler
                0x0000000008001604                SPI3_IRQHandler
                0x0000000008001604                I2C1_ER_IRQHandler
                0x0000000008001604                DMA2_Stream6_IRQHandler
 *fill*         0x0000000008001606        0x2 
 .text.HAL_Init
                0x0000000008001608       0x44 ./Drivers/STM32F4xx_HAL_Driver/Src/stm32f4xx_hal.o
                0x0000000008001608                HAL_Init
 .text.HAL_InitTick
                0x000000000800164c       0x60 ./Drivers/STM32F4xx_HAL_Driver/Src/stm32f4xx_hal.o
                0x000000000800164c                HAL_InitTick
 .text.HAL_IncTick
                0x00000000080016ac       0x28 ./Drivers/STM32F4xx_HAL_Driver/Src/stm32f4xx_hal.o
                0x00000000080016ac                HAL_IncTick
 .text.HAL_GetTick
                0x00000000080016d4       0x18 ./Drivers/STM32F4xx_HAL_Driver/Src/stm32f4xx_hal.o
                0x00000000080016d4                HAL_GetTick
 .text.__NVIC_SetPriorityGrouping
                0x00000000080016ec       0x48 ./Drivers/STM32F4xx_HAL_Driver/Src/stm32f4xx_hal_cortex.o
 .text.__NVIC_GetPriorityGrouping
                0x0000000008001734       0x1c ./Drivers/STM32F4xx_HAL_Driver/Src/stm32f4xx_hal_cortex.o
 .text.__NVIC_EnableIRQ
                0x0000000008001750       0x3c ./Drivers/STM32F4xx_HAL_Driver/Src/stm32f4xx_hal_cortex.o
 .text.__NVIC_SetPriority
                0x000000000800178c       0x54 ./Drivers/STM32F4xx_HAL_Driver/Src/stm32f4xx_hal_cortex.o
 .text.NVIC_EncodePriority
                0x00000000080017e0       0x66 ./Drivers/STM32F4xx_HAL_Driver/Src/stm32f4xx_hal_cortex.o
 *fill*         0x0000000008001846        0x2 
 .text.SysTick_Config
                0x0000000008001848       0x44 ./Drivers/STM32F4xx_HAL_Driver/Src/stm32f4xx_hal_cortex.o
 .text.HAL_NVIC_SetPriorityGrouping
                0x000000000800188c       0x16 ./Drivers/STM32F4xx_HAL_Driver/Src/stm32f4xx_hal_cortex.o
                0x000000000800188c                HAL_NVIC_SetPriorityGrouping
 .text.HAL_NVIC_SetPriority
                0x00000000080018a2       0x38 ./Drivers/STM32F4xx_HAL_Driver/Src/stm32f4xx_hal_cortex.o
                0x00000000080018a2                HAL_NVIC_SetPriority
 .text.HAL_NVIC_EnableIRQ
                0x00000000080018da       0x1c ./Drivers/STM32F4xx_HAL_Driver/Src/stm32f4xx_hal_cortex.o
                0x00000000080018da                HAL_NVIC_EnableIRQ
 .text.HAL_SYSTICK_Config
                0x00000000080018f6       0x18 ./Drivers/STM32F4xx_HAL_Driver/Src/stm32f4xx_hal_cortex.o
                0x00000000080018f6                HAL_SYSTICK_Config
 *fill*         0x000000000800190e        0x2 
 .text.HAL_DMA_Init
                0x0000000008001910      0x15c ./Drivers/STM32F4xx_HAL_Driver/Src/stm32f4xx_hal_dma.o
                0x0000000008001910                HAL_DMA_Init
 .text.HAL_DMA_Start_IT
                0x0000000008001a6c       0xb0 ./Drivers/STM32F4xx_HAL_Driver/Src/stm32f4xx_hal_dma.o
                0x0000000008001a6c                HAL_DMA_Start_IT
 .text.HAL_DMA_IRQHandler
                0x0000000008001b1c      0x314 ./Drivers/STM32F4xx_HAL_Driver/Src/stm32f4xx_hal_dma.o
                0x0000000008001b1c                HAL_DMA_IRQHandler
 .text.DMA_SetConfig
                0x0000000008001e30       0x5c ./Drivers/STM32F4xx_HAL_Driver/Src/stm32f4xx_hal_dma.o
 .text.DMA_CalcBaseAndBitshift
                0x0000000008001e8c       0x6c ./Drivers/STM32F4xx_HAL_Driver/Src/stm32f4xx_hal_dma.o
 .text.DMA_CheckFifoParam
                0x0000000008001ef8       0xf8 ./Drivers/STM32F4xx_HAL_Driver/Src/stm32f4xx_hal_dma.o
 .text.HAL_GPIO_Init
                0x0000000008001ff0      0x338 ./Drivers/STM32F4xx_HAL_Driver/Src/stm32f4xx_hal_gpio.o
                0x0000000008001ff0                HAL_GPIO_Init
 .text.HAL_I2S_Init
                0x0000000008002328      0x280 ./Drivers/STM32F4xx_HAL_Driver/Src/stm32f4xx_hal_i2s.o
                0x0000000008002328                HAL_I2S_Init
 .text.HAL_I2S_TxCpltCallback
                0x00000000080025a8       0x14 ./Drivers/STM32F4xx_HAL_Driver/Src/stm32f4xx_hal_i2s.o
                0x00000000080025a8                HAL_I2S_TxCpltCallback
 .text.HAL_I2S_RxCpltCallback
                0x00000000080025bc       0x14 ./Drivers/STM32F4xx_HAL_Driver/Src/stm32f4xx_hal_i2s.o
                0x00000000080025bc                HAL_I2S_RxCpltCallback
 .text.HAL_I2S_ErrorCallback
                0x00000000080025d0       0x14 ./Drivers/STM32F4xx_HAL_Driver/Src/stm32f4xx_hal_i2s.o
                0x00000000080025d0                HAL_I2S_ErrorCallback
 .text.I2S_Transmit_IT
                0x00000000080025e4       0x5c ./Drivers/STM32F4xx_HAL_Driver/Src/stm32f4xx_hal_i2s.o
 .text.I2S_Receive_IT
                0x0000000008002640       0x5e ./Drivers/STM32F4xx_HAL_Driver/Src/stm32f4xx_hal_i2s.o
 .text.I2S_IRQHandler
                0x000000000800269e      0x114 ./Drivers/STM32F4xx_HAL_Driver/Src/stm32f4xx_hal_i2s.o
 *fill*         0x00000000080027b2        0x2 
 .text.HAL_I2SEx_TransmitReceive_DMA
                0x00000000080027b4      0x314 ./Drivers/STM32F4xx_HAL_Driver/Src/stm32f4xx_hal_i2s_ex.o
                0x00000000080027b4                HAL_I2SEx_TransmitReceive_DMA
 .text.HAL_I2SEx_FullDuplex_IRQHandler
                0x0000000008002ac8      0x2a8 ./Drivers/STM32F4xx_HAL_Driver/Src/stm32f4xx_hal_i2s_ex.o
                0x0000000008002ac8                HAL_I2SEx_FullDuplex_IRQHandler
 .text.I2SEx_TxRxDMAHalfCplt
                0x0000000008002d70       0x1c ./Drivers/STM32F4xx_HAL_Driver/Src/stm32f4xx_hal_i2s_ex.o
 .text.I2SEx_TxRxDMACplt
                0x0000000008002d8c       0xd8 ./Drivers/STM32F4xx_HAL_Driver/Src/stm32f4xx_hal_i2s_ex.o
 .text.I2SEx_TxRxDMAError
                0x0000000008002e64       0x80 ./Drivers/STM32F4xx_HAL_Driver/Src/stm32f4xx_hal_i2s_ex.o
 .text.I2SEx_TxISR_I2S
                0x0000000008002ee4       0x62 ./Drivers/STM32F4xx_HAL_Driver/Src/stm32f4xx_hal_i2s_ex.o
 *fill*         0x0000000008002f46        0x2 
 .text.I2SEx_TxISR_I2SExt
                0x0000000008002f48       0x98 ./Drivers/STM32F4xx_HAL_Driver/Src/stm32f4xx_hal_i2s_ex.o
 .text.I2SEx_RxISR_I2S
                0x0000000008002fe0       0x64 ./Drivers/STM32F4xx_HAL_Driver/Src/stm32f4xx_hal_i2s_ex.o
 .text.I2SEx_RxISR_I2SExt
                0x0000000008003044       0x98 ./Drivers/STM32F4xx_HAL_Driver/Src/stm32f4xx_hal_i2s_ex.o
 .text.HAL_RCC_OscConfig
                0x00000000080030dc      0x4f0 ./Drivers/STM32F4xx_HAL_Driver/Src/stm32f4xx_hal_rcc.o
                0x00000000080030dc                HAL_RCC_OscConfig
 .text.HAL_RCC_ClockConfig
                0x00000000080035cc      0x1cc ./Drivers/STM32F4xx_HAL_Driver/Src/stm32f4xx_hal_rcc.o
                0x00000000080035cc                HAL_RCC_ClockConfig
 .text.HAL_RCC_GetSysClockFreq
                0x0000000008003798      0x20c ./Drivers/STM32F4xx_HAL_Driver/Src/stm32f4xx_hal_rcc.o
                0x0000000008003798                HAL_RCC_GetSysClockFreq
 .text.HAL_RCC_GetHCLKFreq
                0x00000000080039a4       0x18 ./Drivers/STM32F4xx_HAL_Driver/Src/stm32f4xx_hal_rcc.o
                0x00000000080039a4                HAL_RCC_GetHCLKFreq
 .text.HAL_RCC_GetPCLK1Freq
                0x00000000080039bc       0x28 ./Drivers/STM32F4xx_HAL_Driver/Src/stm32f4xx_hal_rcc.o
                0x00000000080039bc                HAL_RCC_GetPCLK1Freq
 .text.HAL_RCC_GetPCLK2Freq
                0x00000000080039e4       0x28 ./Drivers/STM32F4xx_HAL_Driver/Src/stm32f4xx_hal_rcc.o
                0x00000000080039e4                HAL_RCC_GetPCLK2Freq
 .text.HAL_RCCEx_PeriphCLKConfig
                0x0000000008003a0c      0x1c4 ./Drivers/STM32F4xx_HAL_Driver/Src/stm32f4xx_hal_rcc_ex.o
                0x0000000008003a0c                HAL_RCCEx_PeriphCLKConfig
 .text.HAL_RCCEx_GetPeriphCLKFreq
                0x0000000008003bd0       0xbc ./Drivers/STM32F4xx_HAL_Driver/Src/stm32f4xx_hal_rcc_ex.o
                0x0000000008003bd0                HAL_RCCEx_GetPeriphCLKFreq
 .text.HAL_UART_Init
                0x0000000008003c8c       0x9a ./Drivers/STM32F4xx_HAL_Driver/Src/stm32f4xx_hal_uart.o
                0x0000000008003c8c                HAL_UART_Init
 *fill*         0x0000000008003d26        0x2 
 .text.HAL_UART_Transmit_DMA
                0x0000000008003d28       0xfc ./Drivers/STM32F4xx_HAL_Driver/Src/stm32f4xx_hal_uart.o
                0x0000000008003d28                HAL_UART_Transmit_DMA
 .text.HAL_UART_TxCpltCallback
                0x0000000008003e24       0x14 ./Drivers/STM32F4xx_HAL_Driver/Src/stm32f4xx_hal_uart.o
                0x0000000008003e24                HAL_UART_TxCpltCallback
 .text.HAL_UART_TxHalfCpltCallback
                0x0000000008003e38       0x14 ./Drivers/STM32F4xx_HAL_Driver/Src/stm32f4xx_hal_uart.o
                0x0000000008003e38                HAL_UART_TxHalfCpltCallback
 .text.HAL_UART_ErrorCallback
                0x0000000008003e4c       0x14 ./Drivers/STM32F4xx_HAL_Driver/Src/stm32f4xx_hal_uart.o
                0x0000000008003e4c                HAL_UART_ErrorCallback
 .text.UART_DMATransmitCplt
                0x0000000008003e60       0x9a ./Drivers/STM32F4xx_HAL_Driver/Src/stm32f4xx_hal_uart.o
 .text.UART_DMATxHalfCplt
                0x0000000008003efa       0x1c ./Drivers/STM32F4xx_HAL_Driver/Src/stm32f4xx_hal_uart.o
 .text.UART_DMAError
                0x0000000008003f16       0x94 ./Drivers/STM32F4xx_HAL_Driver/Src/stm32f4xx_hal_uart.o
 .text.UART_EndTxTransfer
                0x0000000008003faa       0x50 ./Drivers/STM32F4xx_HAL_Driver/Src/stm32f4xx_hal_uart.o
 .text.UART_EndRxTransfer
                0x0000000008003ffa       0xc6 ./Drivers/STM32F4xx_HAL_Driver/Src/stm32f4xx_hal_uart.o
 .text.UART_SetConfig
                0x00000000080040c0      0x4e8 ./Drivers/STM32F4xx_HAL_Driver/Src/stm32f4xx_hal_uart.o
 .text.__errno  0x00000000080045a8        0xc /home/jake/Downloads/makeself_dir_OqaUza/y/plugins/com.st.stm32cube.ide.mcu.externaltools.gnu-tools-for-stm32.10.3-2021.10.linux64_1.0.100.202210260954/tools/bin/../lib/gcc/arm-none-eabi/10.3.1/../../../../arm-none-eabi/lib/thumb/v7e-m+fp/hard/libc_nano.a(lib_a-errno.o)
                0x00000000080045a8                __errno
 .text.__libc_init_array
                0x00000000080045b4       0x48 /home/jake/Downloads/makeself_dir_OqaUza/y/plugins/com.st.stm32cube.ide.mcu.externaltools.gnu-tools-for-stm32.10.3-2021.10.linux64_1.0.100.202210260954/tools/bin/../lib/gcc/arm-none-eabi/10.3.1/../../../../arm-none-eabi/lib/thumb/v7e-m+fp/hard/libc_nano.a(lib_a-init.o)
                0x00000000080045b4                __libc_init_array
 .text.memset   0x00000000080045fc       0x10 /home/jake/Downloads/makeself_dir_OqaUza/y/plugins/com.st.stm32cube.ide.mcu.externaltools.gnu-tools-for-stm32.10.3-2021.10.linux64_1.0.100.202210260954/tools/bin/../lib/gcc/arm-none-eabi/10.3.1/../../../../arm-none-eabi/lib/thumb/v7e-m+fp/hard/libc_nano.a(lib_a-memset.o)
                0x00000000080045fc                memset
 .text._puts_r  0x000000000800460c       0xdc /home/jake/Downloads/makeself_dir_OqaUza/y/plugins/com.st.stm32cube.ide.mcu.externaltools.gnu-tools-for-stm32.10.3-2021.10.linux64_1.0.100.202210260954/tools/bin/../lib/gcc/arm-none-eabi/10.3.1/../../../../arm-none-eabi/lib/thumb/v7e-m+fp/hard/libc_nano.a(lib_a-puts.o)
                0x000000000800460c                _puts_r
 .text.puts     0x00000000080046e8       0x10 /home/jake/Downloads/makeself_dir_OqaUza/y/plugins/com.st.stm32cube.ide.mcu.externaltools.gnu-tools-for-stm32.10.3-2021.10.linux64_1.0.100.202210260954/tools/bin/../lib/gcc/arm-none-eabi/10.3.1/../../../../arm-none-eabi/lib/thumb/v7e-m+fp/hard/libc_nano.a(lib_a-puts.o)
                0x00000000080046e8                puts
 .text.__swbuf_r
                0x00000000080046f8       0xa4 /home/jake/Downloads/makeself_dir_OqaUza/y/plugins/com.st.stm32cube.ide.mcu.externaltools.gnu-tools-for-stm32.10.3-2021.10.linux64_1.0.100.202210260954/tools/bin/../lib/gcc/arm-none-eabi/10.3.1/../../../../arm-none-eabi/lib/thumb/v7e-m+fp/hard/libc_nano.a(lib_a-wbuf.o)
                0x00000000080046f8                __swbuf_r
 .text.__swsetup_r
                0x000000000800479c       0xdc /home/jake/Downloads/makeself_dir_OqaUza/y/plugins/com.st.stm32cube.ide.mcu.externaltools.gnu-tools-for-stm32.10.3-2021.10.linux64_1.0.100.202210260954/tools/bin/../lib/gcc/arm-none-eabi/10.3.1/../../../../arm-none-eabi/lib/thumb/v7e-m+fp/hard/libc_nano.a(lib_a-wsetup.o)
                0x000000000800479c                __swsetup_r
 .text.__sflush_r
                0x0000000008004878      0x10c /home/jake/Downloads/makeself_dir_OqaUza/y/plugins/com.st.stm32cube.ide.mcu.externaltools.gnu-tools-for-stm32.10.3-2021.10.linux64_1.0.100.202210260954/tools/bin/../lib/gcc/arm-none-eabi/10.3.1/../../../../arm-none-eabi/lib/thumb/v7e-m+fp/hard/libc_nano.a(lib_a-fflush.o)
                0x0000000008004878                __sflush_r
 .text._fflush_r
                0x0000000008004984       0x78 /home/jake/Downloads/makeself_dir_OqaUza/y/plugins/com.st.stm32cube.ide.mcu.externaltools.gnu-tools-for-stm32.10.3-2021.10.linux64_1.0.100.202210260954/tools/bin/../lib/gcc/arm-none-eabi/10.3.1/../../../../arm-none-eabi/lib/thumb/v7e-m+fp/hard/libc_nano.a(lib_a-fflush.o)
                0x0000000008004984                _fflush_r
 .text.std      0x00000000080049fc       0x48 /home/jake/Downloads/makeself_dir_OqaUza/y/plugins/com.st.stm32cube.ide.mcu.externaltools.gnu-tools-for-stm32.10.3-2021.10.linux64_1.0.100.202210260954/tools/bin/../lib/gcc/arm-none-eabi/10.3.1/../../../../arm-none-eabi/lib/thumb/v7e-m+fp/hard/libc_nano.a(lib_a-findfp.o)
 .text._cleanup_r
                0x0000000008004a44        0xc /home/jake/Downloads/makeself_dir_OqaUza/y/plugins/com.st.stm32cube.ide.mcu.externaltools.gnu-tools-for-stm32.10.3-2021.10.linux64_1.0.100.202210260954/tools/bin/../lib/gcc/arm-none-eabi/10.3.1/../../../../arm-none-eabi/lib/thumb/v7e-m+fp/hard/libc_nano.a(lib_a-findfp.o)
                0x0000000008004a44                _cleanup_r
 .text.__sfmoreglue
                0x0000000008004a50       0x2c /home/jake/Downloads/makeself_dir_OqaUza/y/plugins/com.st.stm32cube.ide.mcu.externaltools.gnu-tools-for-stm32.10.3-2021.10.linux64_1.0.100.202210260954/tools/bin/../lib/gcc/arm-none-eabi/10.3.1/../../../../arm-none-eabi/lib/thumb/v7e-m+fp/hard/libc_nano.a(lib_a-findfp.o)
                0x0000000008004a50                __sfmoreglue
 .text.__sfp_lock_acquire
                0x0000000008004a7c        0xc /home/jake/Downloads/makeself_dir_OqaUza/y/plugins/com.st.stm32cube.ide.mcu.externaltools.gnu-tools-for-stm32.10.3-2021.10.linux64_1.0.100.202210260954/tools/bin/../lib/gcc/arm-none-eabi/10.3.1/../../../../arm-none-eabi/lib/thumb/v7e-m+fp/hard/libc_nano.a(lib_a-findfp.o)
                0x0000000008004a7c                __sfp_lock_acquire
 .text.__sfp_lock_release
                0x0000000008004a88        0xc /home/jake/Downloads/makeself_dir_OqaUza/y/plugins/com.st.stm32cube.ide.mcu.externaltools.gnu-tools-for-stm32.10.3-2021.10.linux64_1.0.100.202210260954/tools/bin/../lib/gcc/arm-none-eabi/10.3.1/../../../../arm-none-eabi/lib/thumb/v7e-m+fp/hard/libc_nano.a(lib_a-findfp.o)
                0x0000000008004a88                __sfp_lock_release
 .text.__sinit_lock_acquire
                0x0000000008004a94        0xc /home/jake/Downloads/makeself_dir_OqaUza/y/plugins/com.st.stm32cube.ide.mcu.externaltools.gnu-tools-for-stm32.10.3-2021.10.linux64_1.0.100.202210260954/tools/bin/../lib/gcc/arm-none-eabi/10.3.1/../../../../arm-none-eabi/lib/thumb/v7e-m+fp/hard/libc_nano.a(lib_a-findfp.o)
                0x0000000008004a94                __sinit_lock_acquire
 .text.__sinit_lock_release
                0x0000000008004aa0        0xc /home/jake/Downloads/makeself_dir_OqaUza/y/plugins/com.st.stm32cube.ide.mcu.externaltools.gnu-tools-for-stm32.10.3-2021.10.linux64_1.0.100.202210260954/tools/bin/../lib/gcc/arm-none-eabi/10.3.1/../../../../arm-none-eabi/lib/thumb/v7e-m+fp/hard/libc_nano.a(lib_a-findfp.o)
                0x0000000008004aa0                __sinit_lock_release
 .text.__sinit  0x0000000008004aac       0x70 /home/jake/Downloads/makeself_dir_OqaUza/y/plugins/com.st.stm32cube.ide.mcu.externaltools.gnu-tools-for-stm32.10.3-2021.10.linux64_1.0.100.202210260954/tools/bin/../lib/gcc/arm-none-eabi/10.3.1/../../../../arm-none-eabi/lib/thumb/v7e-m+fp/hard/libc_nano.a(lib_a-findfp.o)
                0x0000000008004aac                __sinit
 .text.__sfp    0x0000000008004b1c       0x8c /home/jake/Downloads/makeself_dir_OqaUza/y/plugins/com.st.stm32cube.ide.mcu.externaltools.gnu-tools-for-stm32.10.3-2021.10.linux64_1.0.100.202210260954/tools/bin/../lib/gcc/arm-none-eabi/10.3.1/../../../../arm-none-eabi/lib/thumb/v7e-m+fp/hard/libc_nano.a(lib_a-findfp.o)
                0x0000000008004b1c                __sfp
 .text._fwalk_reent
                0x0000000008004ba8       0x3e /home/jake/Downloads/makeself_dir_OqaUza/y/plugins/com.st.stm32cube.ide.mcu.externaltools.gnu-tools-for-stm32.10.3-2021.10.linux64_1.0.100.202210260954/tools/bin/../lib/gcc/arm-none-eabi/10.3.1/../../../../arm-none-eabi/lib/thumb/v7e-m+fp/hard/libc_nano.a(lib_a-fwalk.o)
                0x0000000008004ba8                _fwalk_reent
 .text.__retarget_lock_init_recursive
                0x0000000008004be6        0x2 /home/jake/Downloads/makeself_dir_OqaUza/y/plugins/com.st.stm32cube.ide.mcu.externaltools.gnu-tools-for-stm32.10.3-2021.10.linux64_1.0.100.202210260954/tools/bin/../lib/gcc/arm-none-eabi/10.3.1/../../../../arm-none-eabi/lib/thumb/v7e-m+fp/hard/libc_nano.a(lib_a-lock.o)
                0x0000000008004be6                __retarget_lock_init_recursive
 .text.__retarget_lock_acquire_recursive
                0x0000000008004be8        0x2 /home/jake/Downloads/makeself_dir_OqaUza/y/plugins/com.st.stm32cube.ide.mcu.externaltools.gnu-tools-for-stm32.10.3-2021.10.linux64_1.0.100.202210260954/tools/bin/../lib/gcc/arm-none-eabi/10.3.1/../../../../arm-none-eabi/lib/thumb/v7e-m+fp/hard/libc_nano.a(lib_a-lock.o)
                0x0000000008004be8                __retarget_lock_acquire_recursive
 .text.__retarget_lock_release_recursive
                0x0000000008004bea        0x2 /home/jake/Downloads/makeself_dir_OqaUza/y/plugins/com.st.stm32cube.ide.mcu.externaltools.gnu-tools-for-stm32.10.3-2021.10.linux64_1.0.100.202210260954/tools/bin/../lib/gcc/arm-none-eabi/10.3.1/../../../../arm-none-eabi/lib/thumb/v7e-m+fp/hard/libc_nano.a(lib_a-lock.o)
                0x0000000008004bea                __retarget_lock_release_recursive
 .text.__swhatbuf_r
                0x0000000008004bec       0x4a /home/jake/Downloads/makeself_dir_OqaUza/y/plugins/com.st.stm32cube.ide.mcu.externaltools.gnu-tools-for-stm32.10.3-2021.10.linux64_1.0.100.202210260954/tools/bin/../lib/gcc/arm-none-eabi/10.3.1/../../../../arm-none-eabi/lib/thumb/v7e-m+fp/hard/libc_nano.a(lib_a-makebuf.o)
                0x0000000008004bec                __swhatbuf_r
 *fill*         0x0000000008004c36        0x2 
 .text.__smakebuf_r
                0x0000000008004c38       0x80 /home/jake/Downloads/makeself_dir_OqaUza/y/plugins/com.st.stm32cube.ide.mcu.externaltools.gnu-tools-for-stm32.10.3-2021.10.linux64_1.0.100.202210260954/tools/bin/../lib/gcc/arm-none-eabi/10.3.1/../../../../arm-none-eabi/lib/thumb/v7e-m+fp/hard/libc_nano.a(lib_a-makebuf.o)
                0x0000000008004c38                __smakebuf_r
 .text._free_r  0x0000000008004cb8       0x98 /home/jake/Downloads/makeself_dir_OqaUza/y/plugins/com.st.stm32cube.ide.mcu.externaltools.gnu-tools-for-stm32.10.3-2021.10.linux64_1.0.100.202210260954/tools/bin/../lib/gcc/arm-none-eabi/10.3.1/../../../../arm-none-eabi/lib/thumb/v7e-m+fp/hard/libc_nano.a(lib_a-nano-freer.o)
                0x0000000008004cb8                _free_r
 .text.sbrk_aligned
                0x0000000008004d50       0x40 /home/jake/Downloads/makeself_dir_OqaUza/y/plugins/com.st.stm32cube.ide.mcu.externaltools.gnu-tools-for-stm32.10.3-2021.10.linux64_1.0.100.202210260954/tools/bin/../lib/gcc/arm-none-eabi/10.3.1/../../../../arm-none-eabi/lib/thumb/v7e-m+fp/hard/libc_nano.a(lib_a-nano-mallocr.o)
 .text._malloc_r
                0x0000000008004d90       0xe8 /home/jake/Downloads/makeself_dir_OqaUza/y/plugins/com.st.stm32cube.ide.mcu.externaltools.gnu-tools-for-stm32.10.3-2021.10.linux64_1.0.100.202210260954/tools/bin/../lib/gcc/arm-none-eabi/10.3.1/../../../../arm-none-eabi/lib/thumb/v7e-m+fp/hard/libc_nano.a(lib_a-nano-mallocr.o)
                0x0000000008004d90                _malloc_r
 .text._sbrk_r  0x0000000008004e78       0x20 /home/jake/Downloads/makeself_dir_OqaUza/y/plugins/com.st.stm32cube.ide.mcu.externaltools.gnu-tools-for-stm32.10.3-2021.10.linux64_1.0.100.202210260954/tools/bin/../lib/gcc/arm-none-eabi/10.3.1/../../../../arm-none-eabi/lib/thumb/v7e-m+fp/hard/libc_nano.a(lib_a-sbrkr.o)
                0x0000000008004e78                _sbrk_r
 .text.__sread  0x0000000008004e98       0x22 /home/jake/Downloads/makeself_dir_OqaUza/y/plugins/com.st.stm32cube.ide.mcu.externaltools.gnu-tools-for-stm32.10.3-2021.10.linux64_1.0.100.202210260954/tools/bin/../lib/gcc/arm-none-eabi/10.3.1/../../../../arm-none-eabi/lib/thumb/v7e-m+fp/hard/libc_nano.a(lib_a-stdio.o)
                0x0000000008004e98                __sread
 .text.__swrite
                0x0000000008004eba       0x38 /home/jake/Downloads/makeself_dir_OqaUza/y/plugins/com.st.stm32cube.ide.mcu.externaltools.gnu-tools-for-stm32.10.3-2021.10.linux64_1.0.100.202210260954/tools/bin/../lib/gcc/arm-none-eabi/10.3.1/../../../../arm-none-eabi/lib/thumb/v7e-m+fp/hard/libc_nano.a(lib_a-stdio.o)
                0x0000000008004eba                __swrite
 .text.__sseek  0x0000000008004ef2       0x24 /home/jake/Downloads/makeself_dir_OqaUza/y/plugins/com.st.stm32cube.ide.mcu.externaltools.gnu-tools-for-stm32.10.3-2021.10.linux64_1.0.100.202210260954/tools/bin/../lib/gcc/arm-none-eabi/10.3.1/../../../../arm-none-eabi/lib/thumb/v7e-m+fp/hard/libc_nano.a(lib_a-stdio.o)
                0x0000000008004ef2                __sseek
 .text.__sclose
                0x0000000008004f16        0x8 /home/jake/Downloads/makeself_dir_OqaUza/y/plugins/com.st.stm32cube.ide.mcu.externaltools.gnu-tools-for-stm32.10.3-2021.10.linux64_1.0.100.202210260954/tools/bin/../lib/gcc/arm-none-eabi/10.3.1/../../../../arm-none-eabi/lib/thumb/v7e-m+fp/hard/libc_nano.a(lib_a-stdio.o)
                0x0000000008004f16                __sclose
 *fill*         0x0000000008004f1e        0x2 
 .text._write_r
                0x0000000008004f20       0x24 /home/jake/Downloads/makeself_dir_OqaUza/y/plugins/com.st.stm32cube.ide.mcu.externaltools.gnu-tools-for-stm32.10.3-2021.10.linux64_1.0.100.202210260954/tools/bin/../lib/gcc/arm-none-eabi/10.3.1/../../../../arm-none-eabi/lib/thumb/v7e-m+fp/hard/libc_nano.a(lib_a-writer.o)
                0x0000000008004f20                _write_r
 .text._close_r
                0x0000000008004f44       0x20 /home/jake/Downloads/makeself_dir_OqaUza/y/plugins/com.st.stm32cube.ide.mcu.externaltools.gnu-tools-for-stm32.10.3-2021.10.linux64_1.0.100.202210260954/tools/bin/../lib/gcc/arm-none-eabi/10.3.1/../../../../arm-none-eabi/lib/thumb/v7e-m+fp/hard/libc_nano.a(lib_a-closer.o)
                0x0000000008004f44                _close_r
 .text._fstat_r
                0x0000000008004f64       0x24 /home/jake/Downloads/makeself_dir_OqaUza/y/plugins/com.st.stm32cube.ide.mcu.externaltools.gnu-tools-for-stm32.10.3-2021.10.linux64_1.0.100.202210260954/tools/bin/../lib/gcc/arm-none-eabi/10.3.1/../../../../arm-none-eabi/lib/thumb/v7e-m+fp/hard/libc_nano.a(lib_a-fstatr.o)
                0x0000000008004f64                _fstat_r
 .text._isatty_r
                0x0000000008004f88       0x20 /home/jake/Downloads/makeself_dir_OqaUza/y/plugins/com.st.stm32cube.ide.mcu.externaltools.gnu-tools-for-stm32.10.3-2021.10.linux64_1.0.100.202210260954/tools/bin/../lib/gcc/arm-none-eabi/10.3.1/../../../../arm-none-eabi/lib/thumb/v7e-m+fp/hard/libc_nano.a(lib_a-isattyr.o)
                0x0000000008004f88                _isatty_r
 .text._lseek_r
                0x0000000008004fa8       0x24 /home/jake/Downloads/makeself_dir_OqaUza/y/plugins/com.st.stm32cube.ide.mcu.externaltools.gnu-tools-for-stm32.10.3-2021.10.linux64_1.0.100.202210260954/tools/bin/../lib/gcc/arm-none-eabi/10.3.1/../../../../arm-none-eabi/lib/thumb/v7e-m+fp/hard/libc_nano.a(lib_a-lseekr.o)
                0x0000000008004fa8                _lseek_r
 .text.__malloc_lock
                0x0000000008004fcc        0xc /home/jake/Downloads/makeself_dir_OqaUza/y/plugins/com.st.stm32cube.ide.mcu.externaltools.gnu-tools-for-stm32.10.3-2021.10.linux64_1.0.100.202210260954/tools/bin/../lib/gcc/arm-none-eabi/10.3.1/../../../../arm-none-eabi/lib/thumb/v7e-m+fp/hard/libc_nano.a(lib_a-mlock.o)
                0x0000000008004fcc                __malloc_lock
 .text.__malloc_unlock
                0x0000000008004fd8        0xc /home/jake/Downloads/makeself_dir_OqaUza/y/plugins/com.st.stm32cube.ide.mcu.externaltools.gnu-tools-for-stm32.10.3-2021.10.linux64_1.0.100.202210260954/tools/bin/../lib/gcc/arm-none-eabi/10.3.1/../../../../arm-none-eabi/lib/thumb/v7e-m+fp/hard/libc_nano.a(lib_a-mlock.o)
                0x0000000008004fd8                __malloc_unlock
 .text._read_r  0x0000000008004fe4       0x24 /home/jake/Downloads/makeself_dir_OqaUza/y/plugins/com.st.stm32cube.ide.mcu.externaltools.gnu-tools-for-stm32.10.3-2021.10.linux64_1.0.100.202210260954/tools/bin/../lib/gcc/arm-none-eabi/10.3.1/../../../../arm-none-eabi/lib/thumb/v7e-m+fp/hard/libc_nano.a(lib_a-readr.o)
                0x0000000008004fe4                _read_r
 *(.glue_7)
 .glue_7        0x0000000008005008        0x0 linker stubs
 *(.glue_7t)
 .glue_7t       0x0000000008005008        0x0 linker stubs
 *(.eh_frame)
 .eh_frame      0x0000000008005008        0x0 /home/jake/Downloads/makeself_dir_OqaUza/y/plugins/com.st.stm32cube.ide.mcu.externaltools.gnu-tools-for-stm32.10.3-2021.10.linux64_1.0.100.202210260954/tools/bin/../lib/gcc/arm-none-eabi/10.3.1/thumb/v7e-m+fp/hard/crtbegin.o
 *(.init)
 .init          0x0000000008005008        0x4 /home/jake/Downloads/makeself_dir_OqaUza/y/plugins/com.st.stm32cube.ide.mcu.externaltools.gnu-tools-for-stm32.10.3-2021.10.linux64_1.0.100.202210260954/tools/bin/../lib/gcc/arm-none-eabi/10.3.1/thumb/v7e-m+fp/hard/crti.o
                0x0000000008005008                _init
 .init          0x000000000800500c        0x8 /home/jake/Downloads/makeself_dir_OqaUza/y/plugins/com.st.stm32cube.ide.mcu.externaltools.gnu-tools-for-stm32.10.3-2021.10.linux64_1.0.100.202210260954/tools/bin/../lib/gcc/arm-none-eabi/10.3.1/thumb/v7e-m+fp/hard/crtn.o
 *(.fini)
 .fini          0x0000000008005014        0x4 /home/jake/Downloads/makeself_dir_OqaUza/y/plugins/com.st.stm32cube.ide.mcu.externaltools.gnu-tools-for-stm32.10.3-2021.10.linux64_1.0.100.202210260954/tools/bin/../lib/gcc/arm-none-eabi/10.3.1/thumb/v7e-m+fp/hard/crti.o
                0x0000000008005014                _fini
 .fini          0x0000000008005018        0x8 /home/jake/Downloads/makeself_dir_OqaUza/y/plugins/com.st.stm32cube.ide.mcu.externaltools.gnu-tools-for-stm32.10.3-2021.10.linux64_1.0.100.202210260954/tools/bin/../lib/gcc/arm-none-eabi/10.3.1/thumb/v7e-m+fp/hard/crtn.o
                0x0000000008005020                . = ALIGN (0x4)
                0x0000000008005020                _etext = .

.vfp11_veneer   0x0000000008005020        0x0
 .vfp11_veneer  0x0000000008005020        0x0 linker stubs

.v4_bx          0x0000000008005020        0x0
 .v4_bx         0x0000000008005020        0x0 linker stubs

.iplt           0x0000000008005020        0x0
 .iplt          0x0000000008005020        0x0 /home/jake/Downloads/makeself_dir_OqaUza/y/plugins/com.st.stm32cube.ide.mcu.externaltools.gnu-tools-for-stm32.10.3-2021.10.linux64_1.0.100.202210260954/tools/bin/../lib/gcc/arm-none-eabi/10.3.1/thumb/v7e-m+fp/hard/crtbegin.o

.rodata         0x0000000008005020       0xa0
                0x0000000008005020                . = ALIGN (0x4)
 *(.rodata)
 .rodata        0x0000000008005020       0x1b ./Core/Src/main.o
 *(.rodata*)
 *fill*         0x000000000800503b        0x1 
 .rodata.AHBPrescTable
                0x000000000800503c       0x10 ./Core/Src/system_stm32f4xx.o
                0x000000000800503c                AHBPrescTable
 .rodata.APBPrescTable
                0x000000000800504c        0x8 ./Core/Src/system_stm32f4xx.o
                0x000000000800504c                APBPrescTable
 .rodata.flagBitshiftOffset.0
                0x0000000008005054        0x8 ./Drivers/STM32F4xx_HAL_Driver/Src/stm32f4xx_hal_dma.o
 .rodata._global_impure_ptr
                0x000000000800505c        0x4 /home/jake/Downloads/makeself_dir_OqaUza/y/plugins/com.st.stm32cube.ide.mcu.externaltools.gnu-tools-for-stm32.10.3-2021.10.linux64_1.0.100.202210260954/tools/bin/../lib/gcc/arm-none-eabi/10.3.1/../../../../arm-none-eabi/lib/thumb/v7e-m+fp/hard/libc_nano.a(lib_a-impure.o)
                0x000000000800505c                _global_impure_ptr
 .rodata.__sf_fake_stderr
                0x0000000008005060       0x20 /home/jake/Downloads/makeself_dir_OqaUza/y/plugins/com.st.stm32cube.ide.mcu.externaltools.gnu-tools-for-stm32.10.3-2021.10.linux64_1.0.100.202210260954/tools/bin/../lib/gcc/arm-none-eabi/10.3.1/../../../../arm-none-eabi/lib/thumb/v7e-m+fp/hard/libc_nano.a(lib_a-findfp.o)
                0x0000000008005060                __sf_fake_stderr
 .rodata.__sf_fake_stdin
                0x0000000008005080       0x20 /home/jake/Downloads/makeself_dir_OqaUza/y/plugins/com.st.stm32cube.ide.mcu.externaltools.gnu-tools-for-stm32.10.3-2021.10.linux64_1.0.100.202210260954/tools/bin/../lib/gcc/arm-none-eabi/10.3.1/../../../../arm-none-eabi/lib/thumb/v7e-m+fp/hard/libc_nano.a(lib_a-findfp.o)
                0x0000000008005080                __sf_fake_stdin
 .rodata.__sf_fake_stdout
                0x00000000080050a0       0x20 /home/jake/Downloads/makeself_dir_OqaUza/y/plugins/com.st.stm32cube.ide.mcu.externaltools.gnu-tools-for-stm32.10.3-2021.10.linux64_1.0.100.202210260954/tools/bin/../lib/gcc/arm-none-eabi/10.3.1/../../../../arm-none-eabi/lib/thumb/v7e-m+fp/hard/libc_nano.a(lib_a-findfp.o)
                0x00000000080050a0                __sf_fake_stdout
                0x00000000080050c0                . = ALIGN (0x4)

.ARM.extab      0x00000000080050c0        0x0
                0x00000000080050c0                . = ALIGN (0x4)
 *(.ARM.extab* .gnu.linkonce.armextab.*)
                0x00000000080050c0                . = ALIGN (0x4)

.ARM            0x00000000080050c0        0x8
                0x00000000080050c0                . = ALIGN (0x4)
                0x00000000080050c0                __exidx_start = .
 *(.ARM.exidx*)
 .ARM.exidx     0x00000000080050c0        0x8 /home/jake/Downloads/makeself_dir_OqaUza/y/plugins/com.st.stm32cube.ide.mcu.externaltools.gnu-tools-for-stm32.10.3-2021.10.linux64_1.0.100.202210260954/tools/bin/../lib/gcc/arm-none-eabi/10.3.1/thumb/v7e-m+fp/hard/libgcc.a(_udivmoddi4.o)
                0x00000000080050c8                __exidx_end = .
                0x00000000080050c8                . = ALIGN (0x4)

.rel.dyn        0x00000000080050c8        0x0
 .rel.iplt      0x00000000080050c8        0x0 /home/jake/Downloads/makeself_dir_OqaUza/y/plugins/com.st.stm32cube.ide.mcu.externaltools.gnu-tools-for-stm32.10.3-2021.10.linux64_1.0.100.202210260954/tools/bin/../lib/gcc/arm-none-eabi/10.3.1/thumb/v7e-m+fp/hard/crtbegin.o

.preinit_array  0x00000000080050c8        0x0
                0x00000000080050c8                . = ALIGN (0x4)
                0x00000000080050c8                PROVIDE (__preinit_array_start = .)
 *(.preinit_array*)
                0x00000000080050c8                PROVIDE (__preinit_array_end = .)
                0x00000000080050c8                . = ALIGN (0x4)

.init_array     0x00000000080050c8        0x4
                0x00000000080050c8                . = ALIGN (0x4)
                0x00000000080050c8                PROVIDE (__init_array_start = .)
 *(SORT_BY_NAME(.init_array.*))
 *(.init_array*)
 .init_array    0x00000000080050c8        0x4 /home/jake/Downloads/makeself_dir_OqaUza/y/plugins/com.st.stm32cube.ide.mcu.externaltools.gnu-tools-for-stm32.10.3-2021.10.linux64_1.0.100.202210260954/tools/bin/../lib/gcc/arm-none-eabi/10.3.1/thumb/v7e-m+fp/hard/crtbegin.o
                0x00000000080050cc                PROVIDE (__init_array_end = .)
                0x00000000080050cc                . = ALIGN (0x4)

.fini_array     0x00000000080050cc        0x4
                0x00000000080050cc                . = ALIGN (0x4)
                [!provide]                        PROVIDE (__fini_array_start = .)
 *(SORT_BY_NAME(.fini_array.*))
 *(.fini_array*)
 .fini_array    0x00000000080050cc        0x4 /home/jake/Downloads/makeself_dir_OqaUza/y/plugins/com.st.stm32cube.ide.mcu.externaltools.gnu-tools-for-stm32.10.3-2021.10.linux64_1.0.100.202210260954/tools/bin/../lib/gcc/arm-none-eabi/10.3.1/thumb/v7e-m+fp/hard/crtbegin.o
                [!provide]                        PROVIDE (__fini_array_end = .)
                0x00000000080050d0                . = ALIGN (0x4)
                0x00000000080050d0                _sidata = LOADADDR (.data)

.data           0x0000000020000000       0xa8 load address 0x00000000080050d0
                0x0000000020000000                . = ALIGN (0x4)
                0x0000000020000000                _sdata = .
 *(.data)
 *(.data*)
 .data.b0       0x0000000020000000        0x8 ./Core/Src/main.o
                0x0000000020000000                b0
 .data.b1       0x0000000020000008        0x8 ./Core/Src/main.o
                0x0000000020000008                b1
 .data.b2       0x0000000020000010        0x8 ./Core/Src/main.o
                0x0000000020000010                b2
 .data.b3       0x0000000020000018        0x8 ./Core/Src/main.o
                0x0000000020000018                b3
 .data.a1       0x0000000020000020        0x8 ./Core/Src/main.o
                0x0000000020000020                a1
 .data.a2       0x0000000020000028        0x8 ./Core/Src/main.o
                0x0000000020000028                a2
 .data.a3       0x0000000020000030        0x8 ./Core/Src/main.o
                0x0000000020000030                a3
 .data.SystemCoreClock
                0x0000000020000038        0x4 ./Core/Src/system_stm32f4xx.o
                0x0000000020000038                SystemCoreClock
 .data.uwTickPrio
                0x000000002000003c        0x4 ./Drivers/STM32F4xx_HAL_Driver/Src/stm32f4xx_hal.o
                0x000000002000003c                uwTickPrio
 .data.uwTickFreq
                0x0000000020000040        0x1 ./Drivers/STM32F4xx_HAL_Driver/Src/stm32f4xx_hal.o
                0x0000000020000040                uwTickFreq
 *fill*         0x0000000020000041        0x3 
 .data._impure_ptr
                0x0000000020000044        0x4 /home/jake/Downloads/makeself_dir_OqaUza/y/plugins/com.st.stm32cube.ide.mcu.externaltools.gnu-tools-for-stm32.10.3-2021.10.linux64_1.0.100.202210260954/tools/bin/../lib/gcc/arm-none-eabi/10.3.1/../../../../arm-none-eabi/lib/thumb/v7e-m+fp/hard/libc_nano.a(lib_a-impure.o)
                0x0000000020000044                _impure_ptr
 .data.impure_data
                0x0000000020000048       0x60 /home/jake/Downloads/makeself_dir_OqaUza/y/plugins/com.st.stm32cube.ide.mcu.externaltools.gnu-tools-for-stm32.10.3-2021.10.linux64_1.0.100.202210260954/tools/bin/../lib/gcc/arm-none-eabi/10.3.1/../../../../arm-none-eabi/lib/thumb/v7e-m+fp/hard/libc_nano.a(lib_a-impure.o)
 *(.RamFunc)
 *(.RamFunc*)
                0x00000000200000a8                . = ALIGN (0x4)
                0x00000000200000a8                _edata = .
                0x0000000008005178                _siccmram = LOADADDR (.ccmram)

.igot.plt       0x00000000200000a8        0x0 load address 0x0000000008005178
 .igot.plt      0x00000000200000a8        0x0 /home/jake/Downloads/makeself_dir_OqaUza/y/plugins/com.st.stm32cube.ide.mcu.externaltools.gnu-tools-for-stm32.10.3-2021.10.linux64_1.0.100.202210260954/tools/bin/../lib/gcc/arm-none-eabi/10.3.1/thumb/v7e-m+fp/hard/crtbegin.o

.ccmram         0x0000000010000000        0x0 load address 0x0000000008005178
                0x0000000010000000                . = ALIGN (0x4)
                0x0000000010000000                _sccmram = .
 *(.ccmram)
 *(.ccmram*)
                0x0000000010000000                . = ALIGN (0x4)
                0x0000000010000000                _eccmram = .
                0x0000000010000000                . = ALIGN (0x4)

.bss            0x00000000200000a8      0x244
                0x00000000200000a8                _sbss = .
                0x00000000200000a8                __bss_start__ = _sbss
 *(.bss)
 .bss           0x00000000200000a8       0x1c /home/jake/Downloads/makeself_dir_OqaUza/y/plugins/com.st.stm32cube.ide.mcu.externaltools.gnu-tools-for-stm32.10.3-2021.10.linux64_1.0.100.202210260954/tools/bin/../lib/gcc/arm-none-eabi/10.3.1/thumb/v7e-m+fp/hard/crtbegin.o
 *(.bss*)
 .bss.hi2s2     0x00000000200000c4       0x48 ./Core/Src/main.o
                0x00000000200000c4                hi2s2
 .bss.hdma_i2s2_ext_rx
                0x000000002000010c       0x60 ./Core/Src/main.o
                0x000000002000010c                hdma_i2s2_ext_rx
 .bss.hdma_spi2_tx
                0x000000002000016c       0x60 ./Core/Src/main.o
                0x000000002000016c                hdma_spi2_tx
 .bss.huart4    0x00000000200001cc       0x44 ./Core/Src/main.o
                0x00000000200001cc                huart4
 .bss.rx_buf    0x0000000020000210       0x10 ./Core/Src/main.o
                0x0000000020000210                rx_buf
 .bss.tx_buf    0x0000000020000220       0x10 ./Core/Src/main.o
                0x0000000020000220                tx_buf
 .bss.input_list
                0x0000000020000230       0x50 ./Core/Src/main.o
                0x0000000020000230                input_list
 .bss.output_list
                0x0000000020000280       0x50 ./Core/Src/main.o
                0x0000000020000280                output_list
 .bss.count     0x00000000200002d0        0x4 ./Core/Src/main.o
                0x00000000200002d0                count
 .bss.__sbrk_heap_end
                0x00000000200002d4        0x4 ./Core/Src/sysmem.o
 .bss.uwTick    0x00000000200002d8        0x4 ./Drivers/STM32F4xx_HAL_Driver/Src/stm32f4xx_hal.o
                0x00000000200002d8                uwTick
 .bss.__lock___malloc_recursive_mutex
                0x00000000200002dc        0x1 /home/jake/Downloads/makeself_dir_OqaUza/y/plugins/com.st.stm32cube.ide.mcu.externaltools.gnu-tools-for-stm32.10.3-2021.10.linux64_1.0.100.202210260954/tools/bin/../lib/gcc/arm-none-eabi/10.3.1/../../../../arm-none-eabi/lib/thumb/v7e-m+fp/hard/libc_nano.a(lib_a-lock.o)
                0x00000000200002dc                __lock___malloc_recursive_mutex
 .bss.__lock___sfp_recursive_mutex
                0x00000000200002dd        0x1 /home/jake/Downloads/makeself_dir_OqaUza/y/plugins/com.st.stm32cube.ide.mcu.externaltools.gnu-tools-for-stm32.10.3-2021.10.linux64_1.0.100.202210260954/tools/bin/../lib/gcc/arm-none-eabi/10.3.1/../../../../arm-none-eabi/lib/thumb/v7e-m+fp/hard/libc_nano.a(lib_a-lock.o)
                0x00000000200002dd                __lock___sfp_recursive_mutex
 .bss.__lock___sinit_recursive_mutex
                0x00000000200002de        0x1 /home/jake/Downloads/makeself_dir_OqaUza/y/plugins/com.st.stm32cube.ide.mcu.externaltools.gnu-tools-for-stm32.10.3-2021.10.linux64_1.0.100.202210260954/tools/bin/../lib/gcc/arm-none-eabi/10.3.1/../../../../arm-none-eabi/lib/thumb/v7e-m+fp/hard/libc_nano.a(lib_a-lock.o)
                0x00000000200002de                __lock___sinit_recursive_mutex
 *fill*         0x00000000200002df        0x1 
 .bss.__malloc_free_list
                0x00000000200002e0        0x4 /home/jake/Downloads/makeself_dir_OqaUza/y/plugins/com.st.stm32cube.ide.mcu.externaltools.gnu-tools-for-stm32.10.3-2021.10.linux64_1.0.100.202210260954/tools/bin/../lib/gcc/arm-none-eabi/10.3.1/../../../../arm-none-eabi/lib/thumb/v7e-m+fp/hard/libc_nano.a(lib_a-nano-mallocr.o)
                0x00000000200002e0                __malloc_free_list
 .bss.__malloc_sbrk_start
                0x00000000200002e4        0x4 /home/jake/Downloads/makeself_dir_OqaUza/y/plugins/com.st.stm32cube.ide.mcu.externaltools.gnu-tools-for-stm32.10.3-2021.10.linux64_1.0.100.202210260954/tools/bin/../lib/gcc/arm-none-eabi/10.3.1/../../../../arm-none-eabi/lib/thumb/v7e-m+fp/hard/libc_nano.a(lib_a-nano-mallocr.o)
                0x00000000200002e4                __malloc_sbrk_start
 .bss.errno     0x00000000200002e8        0x4 /home/jake/Downloads/makeself_dir_OqaUza/y/plugins/com.st.stm32cube.ide.mcu.externaltools.gnu-tools-for-stm32.10.3-2021.10.linux64_1.0.100.202210260954/tools/bin/../lib/gcc/arm-none-eabi/10.3.1/../../../../arm-none-eabi/lib/thumb/v7e-m+fp/hard/libc_nano.a(lib_a-reent.o)
                0x00000000200002e8                errno
 *(COMMON)
                0x00000000200002ec                . = ALIGN (0x4)
                0x00000000200002ec                _ebss = .
                0x00000000200002ec                __bss_end__ = _ebss

._user_heap_stack
                0x00000000200002ec      0x604
                0x00000000200002f0                . = ALIGN (0x8)
 *fill*         0x00000000200002ec        0x4 
                [!provide]                        PROVIDE (end = .)
                0x00000000200002f0                PROVIDE (_end = .)
                0x00000000200004f0                . = (. + _Min_Heap_Size)
 *fill*         0x00000000200002f0      0x200 
                0x00000000200008f0                . = (. + _Min_Stack_Size)
 *fill*         0x00000000200004f0      0x400 
                0x00000000200008f0                . = ALIGN (0x8)

/DISCARD/
 libc.a(*)
 libm.a(*)
 libgcc.a(*)

.ARM.attributes
                0x0000000000000000       0x30
 *(.ARM.attributes)
 .ARM.attributes
                0x0000000000000000       0x1e /home/jake/Downloads/makeself_dir_OqaUza/y/plugins/com.st.stm32cube.ide.mcu.externaltools.gnu-tools-for-stm32.10.3-2021.10.linux64_1.0.100.202210260954/tools/bin/../lib/gcc/arm-none-eabi/10.3.1/thumb/v7e-m+fp/hard/crti.o
 .ARM.attributes
                0x000000000000001e       0x34 /home/jake/Downloads/makeself_dir_OqaUza/y/plugins/com.st.stm32cube.ide.mcu.externaltools.gnu-tools-for-stm32.10.3-2021.10.linux64_1.0.100.202210260954/tools/bin/../lib/gcc/arm-none-eabi/10.3.1/thumb/v7e-m+fp/hard/crtbegin.o
 .ARM.attributes
                0x0000000000000052       0x34 ./Core/Src/main.o
 .ARM.attributes
                0x0000000000000086       0x34 ./Core/Src/stm32f4xx_hal_msp.o
 .ARM.attributes
                0x00000000000000ba       0x34 ./Core/Src/stm32f4xx_it.o
 .ARM.attributes
                0x00000000000000ee       0x34 ./Core/Src/syscalls.o
 .ARM.attributes
                0x0000000000000122       0x34 ./Core/Src/sysmem.o
 .ARM.attributes
                0x0000000000000156       0x34 ./Core/Src/system_stm32f4xx.o
 .ARM.attributes
                0x000000000000018a       0x21 ./Core/Startup/startup_stm32f407vetx.o
 .ARM.attributes
                0x00000000000001ab       0x34 ./Drivers/STM32F4xx_HAL_Driver/Src/stm32f4xx_hal.o
 .ARM.attributes
                0x00000000000001df       0x34 ./Drivers/STM32F4xx_HAL_Driver/Src/stm32f4xx_hal_cortex.o
 .ARM.attributes
                0x0000000000000213       0x34 ./Drivers/STM32F4xx_HAL_Driver/Src/stm32f4xx_hal_dma.o
 .ARM.attributes
                0x0000000000000247       0x34 ./Drivers/STM32F4xx_HAL_Driver/Src/stm32f4xx_hal_gpio.o
 .ARM.attributes
                0x000000000000027b       0x34 ./Drivers/STM32F4xx_HAL_Driver/Src/stm32f4xx_hal_i2s.o
 .ARM.attributes
                0x00000000000002af       0x34 ./Drivers/STM32F4xx_HAL_Driver/Src/stm32f4xx_hal_i2s_ex.o
 .ARM.attributes
                0x00000000000002e3       0x34 ./Drivers/STM32F4xx_HAL_Driver/Src/stm32f4xx_hal_rcc.o
 .ARM.attributes
                0x0000000000000317       0x34 ./Drivers/STM32F4xx_HAL_Driver/Src/stm32f4xx_hal_rcc_ex.o
 .ARM.attributes
                0x000000000000034b       0x34 ./Drivers/STM32F4xx_HAL_Driver/Src/stm32f4xx_hal_uart.o
 .ARM.attributes
                0x000000000000037f       0x34 /home/jake/Downloads/makeself_dir_OqaUza/y/plugins/com.st.stm32cube.ide.mcu.externaltools.gnu-tools-for-stm32.10.3-2021.10.linux64_1.0.100.202210260954/tools/bin/../lib/gcc/arm-none-eabi/10.3.1/../../../../arm-none-eabi/lib/thumb/v7e-m+fp/hard/libc_nano.a(lib_a-errno.o)
 .ARM.attributes
                0x00000000000003b3       0x34 /home/jake/Downloads/makeself_dir_OqaUza/y/plugins/com.st.stm32cube.ide.mcu.externaltools.gnu-tools-for-stm32.10.3-2021.10.linux64_1.0.100.202210260954/tools/bin/../lib/gcc/arm-none-eabi/10.3.1/../../../../arm-none-eabi/lib/thumb/v7e-m+fp/hard/libc_nano.a(lib_a-impure.o)
 .ARM.attributes
                0x00000000000003e7       0x34 /home/jake/Downloads/makeself_dir_OqaUza/y/plugins/com.st.stm32cube.ide.mcu.externaltools.gnu-tools-for-stm32.10.3-2021.10.linux64_1.0.100.202210260954/tools/bin/../lib/gcc/arm-none-eabi/10.3.1/../../../../arm-none-eabi/lib/thumb/v7e-m+fp/hard/libc_nano.a(lib_a-init.o)
 .ARM.attributes
                0x000000000000041b       0x34 /home/jake/Downloads/makeself_dir_OqaUza/y/plugins/com.st.stm32cube.ide.mcu.externaltools.gnu-tools-for-stm32.10.3-2021.10.linux64_1.0.100.202210260954/tools/bin/../lib/gcc/arm-none-eabi/10.3.1/../../../../arm-none-eabi/lib/thumb/v7e-m+fp/hard/libc_nano.a(lib_a-memset.o)
 .ARM.attributes
                0x000000000000044f       0x34 /home/jake/Downloads/makeself_dir_OqaUza/y/plugins/com.st.stm32cube.ide.mcu.externaltools.gnu-tools-for-stm32.10.3-2021.10.linux64_1.0.100.202210260954/tools/bin/../lib/gcc/arm-none-eabi/10.3.1/../../../../arm-none-eabi/lib/thumb/v7e-m+fp/hard/libc_nano.a(lib_a-puts.o)
 .ARM.attributes
                0x0000000000000483       0x34 /home/jake/Downloads/makeself_dir_OqaUza/y/plugins/com.st.stm32cube.ide.mcu.externaltools.gnu-tools-for-stm32.10.3-2021.10.linux64_1.0.100.202210260954/tools/bin/../lib/gcc/arm-none-eabi/10.3.1/../../../../arm-none-eabi/lib/thumb/v7e-m+fp/hard/libc_nano.a(lib_a-wbuf.o)
 .ARM.attributes
                0x00000000000004b7       0x34 /home/jake/Downloads/makeself_dir_OqaUza/y/plugins/com.st.stm32cube.ide.mcu.externaltools.gnu-tools-for-stm32.10.3-2021.10.linux64_1.0.100.202210260954/tools/bin/../lib/gcc/arm-none-eabi/10.3.1/../../../../arm-none-eabi/lib/thumb/v7e-m+fp/hard/libc_nano.a(lib_a-wsetup.o)
 .ARM.attributes
                0x00000000000004eb       0x34 /home/jake/Downloads/makeself_dir_OqaUza/y/plugins/com.st.stm32cube.ide.mcu.externaltools.gnu-tools-for-stm32.10.3-2021.10.linux64_1.0.100.202210260954/tools/bin/../lib/gcc/arm-none-eabi/10.3.1/../../../../arm-none-eabi/lib/thumb/v7e-m+fp/hard/libc_nano.a(lib_a-fflush.o)
 .ARM.attributes
                0x000000000000051f       0x34 /home/jake/Downloads/makeself_dir_OqaUza/y/plugins/com.st.stm32cube.ide.mcu.externaltools.gnu-tools-for-stm32.10.3-2021.10.linux64_1.0.100.202210260954/tools/bin/../lib/gcc/arm-none-eabi/10.3.1/../../../../arm-none-eabi/lib/thumb/v7e-m+fp/hard/libc_nano.a(lib_a-findfp.o)
 .ARM.attributes
                0x0000000000000553       0x34 /home/jake/Downloads/makeself_dir_OqaUza/y/plugins/com.st.stm32cube.ide.mcu.externaltools.gnu-tools-for-stm32.10.3-2021.10.linux64_1.0.100.202210260954/tools/bin/../lib/gcc/arm-none-eabi/10.3.1/../../../../arm-none-eabi/lib/thumb/v7e-m+fp/hard/libc_nano.a(lib_a-fwalk.o)
 .ARM.attributes
                0x0000000000000587       0x34 /home/jake/Downloads/makeself_dir_OqaUza/y/plugins/com.st.stm32cube.ide.mcu.externaltools.gnu-tools-for-stm32.10.3-2021.10.linux64_1.0.100.202210260954/tools/bin/../lib/gcc/arm-none-eabi/10.3.1/../../../../arm-none-eabi/lib/thumb/v7e-m+fp/hard/libc_nano.a(lib_a-lock.o)
 .ARM.attributes
                0x00000000000005bb       0x34 /home/jake/Downloads/makeself_dir_OqaUza/y/plugins/com.st.stm32cube.ide.mcu.externaltools.gnu-tools-for-stm32.10.3-2021.10.linux64_1.0.100.202210260954/tools/bin/../lib/gcc/arm-none-eabi/10.3.1/../../../../arm-none-eabi/lib/thumb/v7e-m+fp/hard/libc_nano.a(lib_a-makebuf.o)
 .ARM.attributes
                0x00000000000005ef       0x34 /home/jake/Downloads/makeself_dir_OqaUza/y/plugins/com.st.stm32cube.ide.mcu.externaltools.gnu-tools-for-stm32.10.3-2021.10.linux64_1.0.100.202210260954/tools/bin/../lib/gcc/arm-none-eabi/10.3.1/../../../../arm-none-eabi/lib/thumb/v7e-m+fp/hard/libc_nano.a(lib_a-nano-freer.o)
 .ARM.attributes
                0x0000000000000623       0x34 /home/jake/Downloads/makeself_dir_OqaUza/y/plugins/com.st.stm32cube.ide.mcu.externaltools.gnu-tools-for-stm32.10.3-2021.10.linux64_1.0.100.202210260954/tools/bin/../lib/gcc/arm-none-eabi/10.3.1/../../../../arm-none-eabi/lib/thumb/v7e-m+fp/hard/libc_nano.a(lib_a-nano-mallocr.o)
 .ARM.attributes
                0x0000000000000657       0x34 /home/jake/Downloads/makeself_dir_OqaUza/y/plugins/com.st.stm32cube.ide.mcu.externaltools.gnu-tools-for-stm32.10.3-2021.10.linux64_1.0.100.202210260954/tools/bin/../lib/gcc/arm-none-eabi/10.3.1/../../../../arm-none-eabi/lib/thumb/v7e-m+fp/hard/libc_nano.a(lib_a-sbrkr.o)
 .ARM.attributes
                0x000000000000068b       0x34 /home/jake/Downloads/makeself_dir_OqaUza/y/plugins/com.st.stm32cube.ide.mcu.externaltools.gnu-tools-for-stm32.10.3-2021.10.linux64_1.0.100.202210260954/tools/bin/../lib/gcc/arm-none-eabi/10.3.1/../../../../arm-none-eabi/lib/thumb/v7e-m+fp/hard/libc_nano.a(lib_a-stdio.o)
 .ARM.attributes
                0x00000000000006bf       0x34 /home/jake/Downloads/makeself_dir_OqaUza/y/plugins/com.st.stm32cube.ide.mcu.externaltools.gnu-tools-for-stm32.10.3-2021.10.linux64_1.0.100.202210260954/tools/bin/../lib/gcc/arm-none-eabi/10.3.1/../../../../arm-none-eabi/lib/thumb/v7e-m+fp/hard/libc_nano.a(lib_a-writer.o)
 .ARM.attributes
                0x00000000000006f3       0x34 /home/jake/Downloads/makeself_dir_OqaUza/y/plugins/com.st.stm32cube.ide.mcu.externaltools.gnu-tools-for-stm32.10.3-2021.10.linux64_1.0.100.202210260954/tools/bin/../lib/gcc/arm-none-eabi/10.3.1/../../../../arm-none-eabi/lib/thumb/v7e-m+fp/hard/libc_nano.a(lib_a-closer.o)
 .ARM.attributes
                0x0000000000000727       0x34 /home/jake/Downloads/makeself_dir_OqaUza/y/plugins/com.st.stm32cube.ide.mcu.externaltools.gnu-tools-for-stm32.10.3-2021.10.linux64_1.0.100.202210260954/tools/bin/../lib/gcc/arm-none-eabi/10.3.1/../../../../arm-none-eabi/lib/thumb/v7e-m+fp/hard/libc_nano.a(lib_a-fstatr.o)
 .ARM.attributes
                0x000000000000075b       0x34 /home/jake/Downloads/makeself_dir_OqaUza/y/plugins/com.st.stm32cube.ide.mcu.externaltools.gnu-tools-for-stm32.10.3-2021.10.linux64_1.0.100.202210260954/tools/bin/../lib/gcc/arm-none-eabi/10.3.1/../../../../arm-none-eabi/lib/thumb/v7e-m+fp/hard/libc_nano.a(lib_a-isattyr.o)
 .ARM.attributes
                0x000000000000078f       0x34 /home/jake/Downloads/makeself_dir_OqaUza/y/plugins/com.st.stm32cube.ide.mcu.externaltools.gnu-tools-for-stm32.10.3-2021.10.linux64_1.0.100.202210260954/tools/bin/../lib/gcc/arm-none-eabi/10.3.1/../../../../arm-none-eabi/lib/thumb/v7e-m+fp/hard/libc_nano.a(lib_a-lseekr.o)
 .ARM.attributes
                0x00000000000007c3       0x34 /home/jake/Downloads/makeself_dir_OqaUza/y/plugins/com.st.stm32cube.ide.mcu.externaltools.gnu-tools-for-stm32.10.3-2021.10.linux64_1.0.100.202210260954/tools/bin/../lib/gcc/arm-none-eabi/10.3.1/../../../../arm-none-eabi/lib/thumb/v7e-m+fp/hard/libc_nano.a(lib_a-mlock.o)
 .ARM.attributes
                0x00000000000007f7       0x34 /home/jake/Downloads/makeself_dir_OqaUza/y/plugins/com.st.stm32cube.ide.mcu.externaltools.gnu-tools-for-stm32.10.3-2021.10.linux64_1.0.100.202210260954/tools/bin/../lib/gcc/arm-none-eabi/10.3.1/../../../../arm-none-eabi/lib/thumb/v7e-m+fp/hard/libc_nano.a(lib_a-readr.o)
 .ARM.attributes
                0x000000000000082b       0x34 /home/jake/Downloads/makeself_dir_OqaUza/y/plugins/com.st.stm32cube.ide.mcu.externaltools.gnu-tools-for-stm32.10.3-2021.10.linux64_1.0.100.202210260954/tools/bin/../lib/gcc/arm-none-eabi/10.3.1/../../../../arm-none-eabi/lib/thumb/v7e-m+fp/hard/libc_nano.a(lib_a-reent.o)
 .ARM.attributes
                0x000000000000085f       0x1e /home/jake/Downloads/makeself_dir_OqaUza/y/plugins/com.st.stm32cube.ide.mcu.externaltools.gnu-tools-for-stm32.10.3-2021.10.linux64_1.0.100.202210260954/tools/bin/../lib/gcc/arm-none-eabi/10.3.1/thumb/v7e-m+fp/hard/libgcc.a(_arm_muldf3.o)
 .ARM.attributes
                0x000000000000087d       0x1e /home/jake/Downloads/makeself_dir_OqaUza/y/plugins/com.st.stm32cube.ide.mcu.externaltools.gnu-tools-for-stm32.10.3-2021.10.linux64_1.0.100.202210260954/tools/bin/../lib/gcc/arm-none-eabi/10.3.1/thumb/v7e-m+fp/hard/libgcc.a(_arm_addsubdf3.o)
 .ARM.attributes
                0x000000000000089b       0x1e /home/jake/Downloads/makeself_dir_OqaUza/y/plugins/com.st.stm32cube.ide.mcu.externaltools.gnu-tools-for-stm32.10.3-2021.10.linux64_1.0.100.202210260954/tools/bin/../lib/gcc/arm-none-eabi/10.3.1/thumb/v7e-m+fp/hard/libgcc.a(_arm_fixdfsi.o)
 .ARM.attributes
                0x00000000000008b9       0x1e /home/jake/Downloads/makeself_dir_OqaUza/y/plugins/com.st.stm32cube.ide.mcu.externaltools.gnu-tools-for-stm32.10.3-2021.10.linux64_1.0.100.202210260954/tools/bin/../lib/gcc/arm-none-eabi/10.3.1/thumb/v7e-m+fp/hard/libgcc.a(_aeabi_uldivmod.o)
 .ARM.attributes
                0x00000000000008d7       0x34 /home/jake/Downloads/makeself_dir_OqaUza/y/plugins/com.st.stm32cube.ide.mcu.externaltools.gnu-tools-for-stm32.10.3-2021.10.linux64_1.0.100.202210260954/tools/bin/../lib/gcc/arm-none-eabi/10.3.1/thumb/v7e-m+fp/hard/libgcc.a(_udivmoddi4.o)
 .ARM.attributes
                0x000000000000090b       0x1e /home/jake/Downloads/makeself_dir_OqaUza/y/plugins/com.st.stm32cube.ide.mcu.externaltools.gnu-tools-for-stm32.10.3-2021.10.linux64_1.0.100.202210260954/tools/bin/../lib/gcc/arm-none-eabi/10.3.1/thumb/v7e-m+fp/hard/libgcc.a(_dvmd_tls.o)
 .ARM.attributes
                0x0000000000000929       0x1e /home/jake/Downloads/makeself_dir_OqaUza/y/plugins/com.st.stm32cube.ide.mcu.externaltools.gnu-tools-for-stm32.10.3-2021.10.linux64_1.0.100.202210260954/tools/bin/../lib/gcc/arm-none-eabi/10.3.1/thumb/v7e-m+fp/hard/crtn.o
OUTPUT(STM32_Audio_Stream.elf elf32-littlearm)
LOAD linker stubs
LOAD /home/jake/Downloads/makeself_dir_OqaUza/y/plugins/com.st.stm32cube.ide.mcu.externaltools.gnu-tools-for-stm32.10.3-2021.10.linux64_1.0.100.202210260954/tools/bin/../lib/gcc/arm-none-eabi/10.3.1/../../../../arm-none-eabi/lib/thumb/v7e-m+fp/hard/libc.a
LOAD /home/jake/Downloads/makeself_dir_OqaUza/y/plugins/com.st.stm32cube.ide.mcu.externaltools.gnu-tools-for-stm32.10.3-2021.10.linux64_1.0.100.202210260954/tools/bin/../lib/gcc/arm-none-eabi/10.3.1/../../../../arm-none-eabi/lib/thumb/v7e-m+fp/hard/libm.a
LOAD /home/jake/Downloads/makeself_dir_OqaUza/y/plugins/com.st.stm32cube.ide.mcu.externaltools.gnu-tools-for-stm32.10.3-2021.10.linux64_1.0.100.202210260954/tools/bin/../lib/gcc/arm-none-eabi/10.3.1/thumb/v7e-m+fp/hard/libgcc.a

.debug_info     0x0000000000000000     0xb531
 .debug_info    0x0000000000000000     0x12e7 ./Core/Src/main.o
 .debug_info    0x00000000000012e7      0xd9e ./Core/Src/stm32f4xx_hal_msp.o
 .debug_info    0x0000000000002085      0x40a ./Core/Src/stm32f4xx_it.o
 .debug_info    0x000000000000248f      0x6e0 ./Core/Src/syscalls.o
 .debug_info    0x0000000000002b6f      0x171 ./Core/Src/sysmem.o
 .debug_info    0x0000000000002ce0      0x523 ./Core/Src/system_stm32f4xx.o
 .debug_info    0x0000000000003203       0x22 ./Core/Startup/startup_stm32f407vetx.o
 .debug_info    0x0000000000003225      0x97c ./Drivers/STM32F4xx_HAL_Driver/Src/stm32f4xx_hal.o
 .debug_info    0x0000000000003ba1      0xe1b ./Drivers/STM32F4xx_HAL_Driver/Src/stm32f4xx_hal_cortex.o
 .debug_info    0x00000000000049bc      0x94f ./Drivers/STM32F4xx_HAL_Driver/Src/stm32f4xx_hal_dma.o
 .debug_info    0x000000000000530b      0x76a ./Drivers/STM32F4xx_HAL_Driver/Src/stm32f4xx_hal_gpio.o
 .debug_info    0x0000000000005a75      0xeb6 ./Drivers/STM32F4xx_HAL_Driver/Src/stm32f4xx_hal_i2s.o
 .debug_info    0x000000000000692b      0xb7b ./Drivers/STM32F4xx_HAL_Driver/Src/stm32f4xx_hal_i2s_ex.o
 .debug_info    0x00000000000074a6      0x966 ./Drivers/STM32F4xx_HAL_Driver/Src/stm32f4xx_hal_rcc.o
 .debug_info    0x0000000000007e0c      0x569 ./Drivers/STM32F4xx_HAL_Driver/Src/stm32f4xx_hal_rcc_ex.o
 .debug_info    0x0000000000008375     0x31bc ./Drivers/STM32F4xx_HAL_Driver/Src/stm32f4xx_hal_uart.o

.debug_abbrev   0x0000000000000000     0x1f54
 .debug_abbrev  0x0000000000000000      0x313 ./Core/Src/main.o
 .debug_abbrev  0x0000000000000313      0x205 ./Core/Src/stm32f4xx_hal_msp.o
 .debug_abbrev  0x0000000000000518      0x15f ./Core/Src/stm32f4xx_it.o
 .debug_abbrev  0x0000000000000677      0x1b3 ./Core/Src/syscalls.o
 .debug_abbrev  0x000000000000082a       0xbb ./Core/Src/sysmem.o
 .debug_abbrev  0x00000000000008e5      0x116 ./Core/Src/system_stm32f4xx.o
 .debug_abbrev  0x00000000000009fb       0x12 ./Core/Startup/startup_stm32f407vetx.o
 .debug_abbrev  0x0000000000000a0d      0x20d ./Drivers/STM32F4xx_HAL_Driver/Src/stm32f4xx_hal.o
 .debug_abbrev  0x0000000000000c1a      0x316 ./Drivers/STM32F4xx_HAL_Driver/Src/stm32f4xx_hal_cortex.o
 .debug_abbrev  0x0000000000000f30      0x25b ./Drivers/STM32F4xx_HAL_Driver/Src/stm32f4xx_hal_dma.o
 .debug_abbrev  0x000000000000118b      0x1c4 ./Drivers/STM32F4xx_HAL_Driver/Src/stm32f4xx_hal_gpio.o
 .debug_abbrev  0x000000000000134f      0x247 ./Drivers/STM32F4xx_HAL_Driver/Src/stm32f4xx_hal_i2s.o
 .debug_abbrev  0x0000000000001596      0x278 ./Drivers/STM32F4xx_HAL_Driver/Src/stm32f4xx_hal_i2s_ex.o
 .debug_abbrev  0x000000000000180e      0x2aa ./Drivers/STM32F4xx_HAL_Driver/Src/stm32f4xx_hal_rcc.o
 .debug_abbrev  0x0000000000001ab8      0x1a8 ./Drivers/STM32F4xx_HAL_Driver/Src/stm32f4xx_hal_rcc_ex.o
 .debug_abbrev  0x0000000000001c60      0x2f4 ./Drivers/STM32F4xx_HAL_Driver/Src/stm32f4xx_hal_uart.o

.debug_aranges  0x0000000000000000      0x990
 .debug_aranges
                0x0000000000000000       0x78 ./Core/Src/main.o
 .debug_aranges
                0x0000000000000078       0x40 ./Core/Src/stm32f4xx_hal_msp.o
 .debug_aranges
                0x00000000000000b8       0x70 ./Core/Src/stm32f4xx_it.o
 .debug_aranges
                0x0000000000000128       0xa8 ./Core/Src/syscalls.o
 .debug_aranges
                0x00000000000001d0       0x20 ./Core/Src/sysmem.o
 .debug_aranges
                0x00000000000001f0       0x28 ./Core/Src/system_stm32f4xx.o
 .debug_aranges
                0x0000000000000218       0x28 ./Core/Startup/startup_stm32f407vetx.o
 .debug_aranges
                0x0000000000000240       0xf0 ./Drivers/STM32F4xx_HAL_Driver/Src/stm32f4xx_hal.o
 .debug_aranges
                0x0000000000000330      0x118 ./Drivers/STM32F4xx_HAL_Driver/Src/stm32f4xx_hal_cortex.o
 .debug_aranges
                0x0000000000000448       0x90 ./Drivers/STM32F4xx_HAL_Driver/Src/stm32f4xx_hal_dma.o
 .debug_aranges
                0x00000000000004d8       0x58 ./Drivers/STM32F4xx_HAL_Driver/Src/stm32f4xx_hal_gpio.o
 .debug_aranges
                0x0000000000000530      0x108 ./Drivers/STM32F4xx_HAL_Driver/Src/stm32f4xx_hal_i2s.o
 .debug_aranges
                0x0000000000000638       0x88 ./Drivers/STM32F4xx_HAL_Driver/Src/stm32f4xx_hal_i2s_ex.o
 .debug_aranges
                0x00000000000006c0       0x88 ./Drivers/STM32F4xx_HAL_Driver/Src/stm32f4xx_hal_rcc.o
 .debug_aranges
                0x0000000000000748       0x48 ./Drivers/STM32F4xx_HAL_Driver/Src/stm32f4xx_hal_rcc_ex.o
 .debug_aranges
                0x0000000000000790      0x200 ./Drivers/STM32F4xx_HAL_Driver/Src/stm32f4xx_hal_uart.o

.debug_ranges   0x0000000000000000      0x8c8
 .debug_ranges  0x0000000000000000       0x68 ./Core/Src/main.o
 .debug_ranges  0x0000000000000068       0x30 ./Core/Src/stm32f4xx_hal_msp.o
 .debug_ranges  0x0000000000000098       0x60 ./Core/Src/stm32f4xx_it.o
 .debug_ranges  0x00000000000000f8       0x98 ./Core/Src/syscalls.o
 .debug_ranges  0x0000000000000190       0x10 ./Core/Src/sysmem.o
 .debug_ranges  0x00000000000001a0       0x18 ./Core/Src/system_stm32f4xx.o
 .debug_ranges  0x00000000000001b8       0x20 ./Core/Startup/startup_stm32f407vetx.o
 .debug_ranges  0x00000000000001d8       0xe0 ./Drivers/STM32F4xx_HAL_Driver/Src/stm32f4xx_hal.o
 .debug_ranges  0x00000000000002b8      0x108 ./Drivers/STM32F4xx_HAL_Driver/Src/stm32f4xx_hal_cortex.o
 .debug_ranges  0x00000000000003c0       0x80 ./Drivers/STM32F4xx_HAL_Driver/Src/stm32f4xx_hal_dma.o
 .debug_ranges  0x0000000000000440       0x48 ./Drivers/STM32F4xx_HAL_Driver/Src/stm32f4xx_hal_gpio.o
 .debug_ranges  0x0000000000000488       0xf8 ./Drivers/STM32F4xx_HAL_Driver/Src/stm32f4xx_hal_i2s.o
 .debug_ranges  0x0000000000000580       0x78 ./Drivers/STM32F4xx_HAL_Driver/Src/stm32f4xx_hal_i2s_ex.o
 .debug_ranges  0x00000000000005f8       0x78 ./Drivers/STM32F4xx_HAL_Driver/Src/stm32f4xx_hal_rcc.o
 .debug_ranges  0x0000000000000670       0x38 ./Drivers/STM32F4xx_HAL_Driver/Src/stm32f4xx_hal_rcc_ex.o
 .debug_ranges  0x00000000000006a8      0x220 ./Drivers/STM32F4xx_HAL_Driver/Src/stm32f4xx_hal_uart.o

.debug_macro    0x0000000000000000    0x215f7
 .debug_macro   0x0000000000000000      0x33c ./Core/Src/main.o
 .debug_macro   0x000000000000033c      0xa78 ./Core/Src/main.o
 .debug_macro   0x0000000000000db4      0x29b ./Core/Src/main.o
 .debug_macro   0x000000000000104f       0x2e ./Core/Src/main.o
 .debug_macro   0x000000000000107d       0x2f ./Core/Src/main.o
 .debug_macro   0x00000000000010ac       0x22 ./Core/Src/main.o
 .debug_macro   0x00000000000010ce       0x8e ./Core/Src/main.o
 .debug_macro   0x000000000000115c       0x51 ./Core/Src/main.o
 .debug_macro   0x00000000000011ad      0x103 ./Core/Src/main.o
 .debug_macro   0x00000000000012b0       0x6a ./Core/Src/main.o
 .debug_macro   0x000000000000131a      0x1df ./Core/Src/main.o
 .debug_macro   0x00000000000014f9       0x1c ./Core/Src/main.o
 .debug_macro   0x0000000000001515       0x22 ./Core/Src/main.o
 .debug_macro   0x0000000000001537       0xd9 ./Core/Src/main.o
 .debug_macro   0x0000000000001610     0x102d ./Core/Src/main.o
 .debug_macro   0x000000000000263d      0x11f ./Core/Src/main.o
 .debug_macro   0x000000000000275c    0x15e82 ./Core/Src/main.o
 .debug_macro   0x00000000000185de       0x6d ./Core/Src/main.o
 .debug_macro   0x000000000001864b     0x367e ./Core/Src/main.o
 .debug_macro   0x000000000001bcc9      0x174 ./Core/Src/main.o
 .debug_macro   0x000000000001be3d       0x5c ./Core/Src/main.o
 .debug_macro   0x000000000001be99      0x96b ./Core/Src/main.o
 .debug_macro   0x000000000001c804      0x9fe ./Core/Src/main.o
 .debug_macro   0x000000000001d202      0x115 ./Core/Src/main.o
 .debug_macro   0x000000000001d317      0x13e ./Core/Src/main.o
 .debug_macro   0x000000000001d455       0xa5 ./Core/Src/main.o
 .debug_macro   0x000000000001d4fa      0x174 ./Core/Src/main.o
 .debug_macro   0x000000000001d66e      0x287 ./Core/Src/main.o
 .debug_macro   0x000000000001d8f5       0x5f ./Core/Src/main.o
 .debug_macro   0x000000000001d954      0x236 ./Core/Src/main.o
 .debug_macro   0x000000000001db8a      0x12c ./Core/Src/main.o
 .debug_macro   0x000000000001dcb6      0x21e ./Core/Src/main.o
 .debug_macro   0x000000000001ded4       0x2e ./Core/Src/main.o
 .debug_macro   0x000000000001df02      0x1a7 ./Core/Src/main.o
 .debug_macro   0x000000000001e0a9       0x46 ./Core/Src/main.o
 .debug_macro   0x000000000001e0ef       0x4a ./Core/Src/main.o
 .debug_macro   0x000000000001e139      0x11a ./Core/Src/main.o
 .debug_macro   0x000000000001e253       0x7e ./Core/Src/main.o
 .debug_macro   0x000000000001e2d1       0x89 ./Core/Src/main.o
 .debug_macro   0x000000000001e35a      0x295 ./Core/Src/main.o
 .debug_macro   0x000000000001e5ef      0x12d ./Core/Src/main.o
 .debug_macro   0x000000000001e71c       0x52 ./Core/Src/main.o
 .debug_macro   0x000000000001e76e       0x1e ./Core/Src/main.o
 .debug_macro   0x000000000001e78c       0x3c ./Core/Src/main.o
 .debug_macro   0x000000000001e7c8       0x34 ./Core/Src/main.o
 .debug_macro   0x000000000001e7fc       0x16 ./Core/Src/main.o
 .debug_macro   0x000000000001e812       0x35 ./Core/Src/main.o
 .debug_macro   0x000000000001e847      0x341 ./Core/Src/main.o
 .debug_macro   0x000000000001eb88       0x10 ./Core/Src/main.o
 .debug_macro   0x000000000001eb98       0x16 ./Core/Src/main.o
 .debug_macro   0x000000000001ebae       0x43 ./Core/Src/main.o
 .debug_macro   0x000000000001ebf1       0x34 ./Core/Src/main.o
 .debug_macro   0x000000000001ec25       0x10 ./Core/Src/main.o
 .debug_macro   0x000000000001ec35       0x58 ./Core/Src/main.o
 .debug_macro   0x000000000001ec8d       0x71 ./Core/Src/main.o
 .debug_macro   0x000000000001ecfe       0x1c ./Core/Src/main.o
 .debug_macro   0x000000000001ed1a      0x12a ./Core/Src/main.o
 .debug_macro   0x000000000001ee44       0x10 ./Core/Src/main.o
 .debug_macro   0x000000000001ee54       0x1c ./Core/Src/main.o
 .debug_macro   0x000000000001ee70       0x52 ./Core/Src/main.o
 .debug_macro   0x000000000001eec2       0x22 ./Core/Src/main.o
 .debug_macro   0x000000000001eee4       0x10 ./Core/Src/main.o
 .debug_macro   0x000000000001eef4       0x52 ./Core/Src/main.o
 .debug_macro   0x000000000001ef46       0xd5 ./Core/Src/main.o
 .debug_macro   0x000000000001f01b       0x1c ./Core/Src/main.o
 .debug_macro   0x000000000001f037       0x3d ./Core/Src/main.o
 .debug_macro   0x000000000001f074       0x16 ./Core/Src/main.o
 .debug_macro   0x000000000001f08a      0x145 ./Core/Src/main.o
 .debug_macro   0x000000000001f1cf      0x1dd ./Core/Src/stm32f4xx_hal_msp.o
 .debug_macro   0x000000000001f3ac      0x1e7 ./Core/Src/stm32f4xx_it.o
 .debug_macro   0x000000000001f593      0x24c ./Core/Src/syscalls.o
 .debug_macro   0x000000000001f7df       0x4c ./Core/Src/syscalls.o
 .debug_macro   0x000000000001f82b       0x94 ./Core/Src/syscalls.o
 .debug_macro   0x000000000001f8bf       0x57 ./Core/Src/syscalls.o
 .debug_macro   0x000000000001f916       0x10 ./Core/Src/syscalls.o
 .debug_macro   0x000000000001f926       0x10 ./Core/Src/syscalls.o
 .debug_macro   0x000000000001f936       0x10 ./Core/Src/syscalls.o
 .debug_macro   0x000000000001f946       0x35 ./Core/Src/syscalls.o
 .debug_macro   0x000000000001f97b      0x12c ./Core/Src/syscalls.o
 .debug_macro   0x000000000001faa7       0x16 ./Core/Src/syscalls.o
 .debug_macro   0x000000000001fabd       0x16 ./Core/Src/syscalls.o
 .debug_macro   0x000000000001fad3       0x29 ./Core/Src/syscalls.o
 .debug_macro   0x000000000001fafc       0x10 ./Core/Src/syscalls.o
 .debug_macro   0x000000000001fb0c      0x241 ./Core/Src/syscalls.o
 .debug_macro   0x000000000001fd4d       0x1c ./Core/Src/syscalls.o
 .debug_macro   0x000000000001fd69       0x10 ./Core/Src/syscalls.o
 .debug_macro   0x000000000001fd79      0x189 ./Core/Src/syscalls.o
 .debug_macro   0x000000000001ff02       0x16 ./Core/Src/syscalls.o
 .debug_macro   0x000000000001ff18       0xce ./Core/Src/syscalls.o
 .debug_macro   0x000000000001ffe6       0xff ./Core/Src/sysmem.o
 .debug_macro   0x00000000000200e5      0x23b ./Core/Src/sysmem.o
 .debug_macro   0x0000000000020320      0x1d3 ./Core/Src/system_stm32f4xx.o
 .debug_macro   0x00000000000204f3      0x233 ./Drivers/STM32F4xx_HAL_Driver/Src/stm32f4xx_hal.o
 .debug_macro   0x0000000000020726      0x1d3 ./Drivers/STM32F4xx_HAL_Driver/Src/stm32f4xx_hal_cortex.o
 .debug_macro   0x00000000000208f9      0x1d9 ./Drivers/STM32F4xx_HAL_Driver/Src/stm32f4xx_hal_dma.o
 .debug_macro   0x0000000000020ad2      0x1d9 ./Drivers/STM32F4xx_HAL_Driver/Src/stm32f4xx_hal_gpio.o
 .debug_macro   0x0000000000020cab      0x1db ./Drivers/STM32F4xx_HAL_Driver/Src/stm32f4xx_hal_i2s.o
 .debug_macro   0x0000000000020e86      0x1d3 ./Drivers/STM32F4xx_HAL_Driver/Src/stm32f4xx_hal_i2s_ex.o
 .debug_macro   0x0000000000021059      0x1f7 ./Drivers/STM32F4xx_HAL_Driver/Src/stm32f4xx_hal_rcc.o
 .debug_macro   0x0000000000021250      0x1d3 ./Drivers/STM32F4xx_HAL_Driver/Src/stm32f4xx_hal_rcc_ex.o
 .debug_macro   0x0000000000021423      0x1d4 ./Drivers/STM32F4xx_HAL_Driver/Src/stm32f4xx_hal_uart.o

.debug_line     0x0000000000000000     0xca25
 .debug_line    0x0000000000000000      0xb7d ./Core/Src/main.o
 .debug_line    0x0000000000000b7d      0x7fd ./Core/Src/stm32f4xx_hal_msp.o
 .debug_line    0x000000000000137a      0x7ce ./Core/Src/stm32f4xx_it.o
 .debug_line    0x0000000000001b48      0x81c ./Core/Src/syscalls.o
 .debug_line    0x0000000000002364      0x512 ./Core/Src/sysmem.o
 .debug_line    0x0000000000002876      0x75d ./Core/Src/system_stm32f4xx.o
 .debug_line    0x0000000000002fd3       0x88 ./Core/Startup/startup_stm32f407vetx.o
 .debug_line    0x000000000000305b      0x9c3 ./Drivers/STM32F4xx_HAL_Driver/Src/stm32f4xx_hal.o
 .debug_line    0x0000000000003a1e      0xc72 ./Drivers/STM32F4xx_HAL_Driver/Src/stm32f4xx_hal_cortex.o
 .debug_line    0x0000000000004690      0xf27 ./Drivers/STM32F4xx_HAL_Driver/Src/stm32f4xx_hal_dma.o
 .debug_line    0x00000000000055b7      0xb37 ./Drivers/STM32F4xx_HAL_Driver/Src/stm32f4xx_hal_gpio.o
 .debug_line    0x00000000000060ee     0x135c ./Drivers/STM32F4xx_HAL_Driver/Src/stm32f4xx_hal_i2s.o
 .debug_line    0x000000000000744a     0x145b ./Drivers/STM32F4xx_HAL_Driver/Src/stm32f4xx_hal_i2s_ex.o
 .debug_line    0x00000000000088a5      0xd3f ./Drivers/STM32F4xx_HAL_Driver/Src/stm32f4xx_hal_rcc.o
 .debug_line    0x00000000000095e4      0x9d9 ./Drivers/STM32F4xx_HAL_Driver/Src/stm32f4xx_hal_rcc_ex.o
 .debug_line    0x0000000000009fbd     0x2a68 ./Drivers/STM32F4xx_HAL_Driver/Src/stm32f4xx_hal_uart.o

.debug_str      0x0000000000000000    0xc5cd5
 .debug_str     0x0000000000000000    0xc2674 ./Core/Src/main.o
                                      0xc29aa (size before relaxing)
 .debug_str     0x00000000000c2674      0x1ae ./Core/Src/stm32f4xx_hal_msp.o
                                      0xbe5df (size before relaxing)
 .debug_str     0x00000000000c2822      0x10c ./Core/Src/stm32f4xx_it.o
                                      0xbe073 (size before relaxing)
 .debug_str     0x00000000000c292e     0x1756 ./Core/Src/syscalls.o
                                       0x8a7a (size before relaxing)
 .debug_str     0x00000000000c4084       0x6b ./Core/Src/sysmem.o
                                       0x5db6 (size before relaxing)
 .debug_str     0x00000000000c40ef       0xdb ./Core/Src/system_stm32f4xx.o
                                      0xbdedc (size before relaxing)
 .debug_str     0x00000000000c41ca       0x36 ./Core/Startup/startup_stm32f407vetx.o
                                         0x78 (size before relaxing)
 .debug_str     0x00000000000c4200      0x612 ./Drivers/STM32F4xx_HAL_Driver/Src/stm32f4xx_hal.o
                                      0xbea60 (size before relaxing)
 .debug_str     0x00000000000c4812      0x341 ./Drivers/STM32F4xx_HAL_Driver/Src/stm32f4xx_hal_cortex.o
                                      0xbe793 (size before relaxing)
 .debug_str     0x00000000000c4b53      0x2f3 ./Drivers/STM32F4xx_HAL_Driver/Src/stm32f4xx_hal_dma.o
                                      0xbe2f6 (size before relaxing)
 .debug_str     0x00000000000c4e46      0x15d ./Drivers/STM32F4xx_HAL_Driver/Src/stm32f4xx_hal_gpio.o
                                      0xbe057 (size before relaxing)
 .debug_str     0x00000000000c4fa3      0x2c0 ./Drivers/STM32F4xx_HAL_Driver/Src/stm32f4xx_hal_i2s.o
                                      0xbe4cd (size before relaxing)
 .debug_str     0x00000000000c5263      0x184 ./Drivers/STM32F4xx_HAL_Driver/Src/stm32f4xx_hal_i2s_ex.o
                                      0xbe3d8 (size before relaxing)
 .debug_str     0x00000000000c53e7      0x228 ./Drivers/STM32F4xx_HAL_Driver/Src/stm32f4xx_hal_rcc.o
                                      0xbe310 (size before relaxing)
 .debug_str     0x00000000000c560f       0xde ./Drivers/STM32F4xx_HAL_Driver/Src/stm32f4xx_hal_rcc_ex.o
                                      0xbe02e (size before relaxing)
 .debug_str     0x00000000000c56ed      0x5e8 ./Drivers/STM32F4xx_HAL_Driver/Src/stm32f4xx_hal_uart.o
                                      0xbe8af (size before relaxing)

.comment        0x0000000000000000       0x50
 .comment       0x0000000000000000       0x50 ./Core/Src/main.o
                                         0x51 (size before relaxing)
 .comment       0x0000000000000050       0x51 ./Core/Src/stm32f4xx_hal_msp.o
 .comment       0x0000000000000050       0x51 ./Core/Src/stm32f4xx_it.o
 .comment       0x0000000000000050       0x51 ./Core/Src/syscalls.o
 .comment       0x0000000000000050       0x51 ./Core/Src/sysmem.o
 .comment       0x0000000000000050       0x51 ./Core/Src/system_stm32f4xx.o
 .comment       0x0000000000000050       0x51 ./Drivers/STM32F4xx_HAL_Driver/Src/stm32f4xx_hal.o
 .comment       0x0000000000000050       0x51 ./Drivers/STM32F4xx_HAL_Driver/Src/stm32f4xx_hal_cortex.o
 .comment       0x0000000000000050       0x51 ./Drivers/STM32F4xx_HAL_Driver/Src/stm32f4xx_hal_dma.o
 .comment       0x0000000000000050       0x51 ./Drivers/STM32F4xx_HAL_Driver/Src/stm32f4xx_hal_gpio.o
 .comment       0x0000000000000050       0x51 ./Drivers/STM32F4xx_HAL_Driver/Src/stm32f4xx_hal_i2s.o
 .comment       0x0000000000000050       0x51 ./Drivers/STM32F4xx_HAL_Driver/Src/stm32f4xx_hal_i2s_ex.o
 .comment       0x0000000000000050       0x51 ./Drivers/STM32F4xx_HAL_Driver/Src/stm32f4xx_hal_rcc.o
 .comment       0x0000000000000050       0x51 ./Drivers/STM32F4xx_HAL_Driver/Src/stm32f4xx_hal_rcc_ex.o
 .comment       0x0000000000000050       0x51 ./Drivers/STM32F4xx_HAL_Driver/Src/stm32f4xx_hal_uart.o

.debug_frame    0x0000000000000000     0x2d84
 .debug_frame   0x0000000000000000      0x1a8 ./Core/Src/main.o
 .debug_frame   0x00000000000001a8       0xc8 ./Core/Src/stm32f4xx_hal_msp.o
 .debug_frame   0x0000000000000270      0x13c ./Core/Src/stm32f4xx_it.o
 .debug_frame   0x00000000000003ac      0x2ac ./Core/Src/syscalls.o
 .debug_frame   0x0000000000000658       0x34 ./Core/Src/sysmem.o
 .debug_frame   0x000000000000068c       0x58 ./Core/Src/system_stm32f4xx.o
 .debug_frame   0x00000000000006e4      0x374 ./Drivers/STM32F4xx_HAL_Driver/Src/stm32f4xx_hal.o
 .debug_frame   0x0000000000000a58      0x498 ./Drivers/STM32F4xx_HAL_Driver/Src/stm32f4xx_hal_cortex.o
 .debug_frame   0x0000000000000ef0      0x250 ./Drivers/STM32F4xx_HAL_Driver/Src/stm32f4xx_hal_dma.o
 .debug_frame   0x0000000000001140      0x14c ./Drivers/STM32F4xx_HAL_Driver/Src/stm32f4xx_hal_gpio.o
 .debug_frame   0x000000000000128c      0x484 ./Drivers/STM32F4xx_HAL_Driver/Src/stm32f4xx_hal_i2s.o
 .debug_frame   0x0000000000001710      0x220 ./Drivers/STM32F4xx_HAL_Driver/Src/stm32f4xx_hal_i2s_ex.o