Archive member included to satisfy reference by file (symbol)

/home/jake/Downloads/makeself_dir_OqaUza/y/plugins/com.st.stm32cube.ide.mcu.externaltools.gnu-tools-for-stm32.10.3-2021.10.linux64_1.0.100.202210260954/tools/bin/../lib/gcc/arm-none-eabi/10.3.1/../../../../arm-none-eabi/lib/thumb/v7e-m+fp/hard/libc_nano.a(lib_a-errno.o)
                              ./Core/Src/syscalls.o (__errno)
/home/jake/Downloads/makeself_dir_OqaUza/y/plugins/com.st.stm32cube.ide.mcu.externaltools.gnu-tools-for-stm32.10.3-2021.10.linux64_1.0.100.202210260954/tools/bin/../lib/gcc/arm-none-eabi/10.3.1/../../../../arm-none-eabi/lib/thumb/v7e-m+fp/hard/libc_nano.a(lib_a-exit.o)
                              /home/jake/Downloads/makeself_dir_OqaUza/y/plugins/com.st.stm32cube.ide.mcu.externaltools.gnu-tools-for-stm32.10.3-2021.10.linux64_1.0.100.202210260954/tools/bin/../lib/gcc/arm-none-eabi/10.3.1/../../../../arm-none-eabi/lib/thumb/v7e-m+fp/hard/crt0.o (exit)
/home/jake/Downloads/makeself_dir_OqaUza/y/plugins/com.st.stm32cube.ide.mcu.externaltools.gnu-tools-for-stm32.10.3-2021.10.linux64_1.0.100.202210260954/tools/bin/../lib/gcc/arm-none-eabi/10.3.1/../../../../arm-none-eabi/lib/thumb/v7e-m+fp/hard/libc_nano.a(lib_a-impure.o)
                              /home/jake/Downloads/makeself_dir_OqaUza/y/plugins/com.st.stm32cube.ide.mcu.externaltools.gnu-tools-for-stm32.10.3-2021.10.linux64_1.0.100.202210260954/tools/bin/../lib/gcc/arm-none-eabi/10.3.1/../../../../arm-none-eabi/lib/thumb/v7e-m+fp/hard/libc_nano.a(lib_a-exit.o) (_global_impure_ptr)
/home/jake/Downloads/makeself_dir_OqaUza/y/plugins/com.st.stm32cube.ide.mcu.externaltools.gnu-tools-for-stm32.10.3-2021.10.linux64_1.0.100.202210260954/tools/bin/../lib/gcc/arm-none-eabi/10.3.1/../../../../arm-none-eabi/lib/thumb/v7e-m+fp/hard/libc_nano.a(lib_a-init.o)
                              /home/jake/Downloads/makeself_dir_OqaUza/y/plugins/com.st.stm32cube.ide.mcu.externaltools.gnu-tools-for-stm32.10.3-2021.10.linux64_1.0.100.202210260954/tools/bin/../lib/gcc/arm-none-eabi/10.3.1/../../../../arm-none-eabi/lib/thumb/v7e-m+fp/hard/crt0.o (__libc_init_array)
/home/jake/Downloads/makeself_dir_OqaUza/y/plugins/com.st.stm32cube.ide.mcu.externaltools.gnu-tools-for-stm32.10.3-2021.10.linux64_1.0.100.202210260954/tools/bin/../lib/gcc/arm-none-eabi/10.3.1/../../../../arm-none-eabi/lib/thumb/v7e-m+fp/hard/libc_nano.a(lib_a-memset.o)
                              /home/jake/Downloads/makeself_dir_OqaUza/y/plugins/com.st.stm32cube.ide.mcu.externaltools.gnu-tools-for-stm32.10.3-2021.10.linux64_1.0.100.202210260954/tools/bin/../lib/gcc/arm-none-eabi/10.3.1/../../../../arm-none-eabi/lib/thumb/v7e-m+fp/hard/crt0.o (memset)
/home/jake/Downloads/makeself_dir_OqaUza/y/plugins/com.st.stm32cube.ide.mcu.externaltools.gnu-tools-for-stm32.10.3-2021.10.linux64_1.0.100.202210260954/tools/bin/../lib/gcc/arm-none-eabi/10.3.1/../../../../arm-none-eabi/lib/thumb/v7e-m+fp/hard/libc_nano.a(lib_a-puts.o)
                              ./Core/Src/main.o (puts)
/home/jake/Downloads/makeself_dir_OqaUza/y/plugins/com.st.stm32cube.ide.mcu.externaltools.gnu-tools-for-stm32.10.3-2021.10.linux64_1.0.100.202210260954/tools/bin/../lib/gcc/arm-none-eabi/10.3.1/../../../../arm-none-eabi/lib/thumb/v7e-m+fp/hard/libc_nano.a(lib_a-wbuf.o)
                              /home/jake/Downloads/makeself_dir_OqaUza/y/plugins/com.st.stm32cube.ide.mcu.externaltools.gnu-tools-for-stm32.10.3-2021.10.linux64_1.0.100.202210260954/tools/bin/../lib/gcc/arm-none-eabi/10.3.1/../../../../arm-none-eabi/lib/thumb/v7e-m+fp/hard/libc_nano.a(lib_a-puts.o) (__swbuf_r)
/home/jake/Downloads/makeself_dir_OqaUza/y/plugins/com.st.stm32cube.ide.mcu.externaltools.gnu-tools-for-stm32.10.3-2021.10.linux64_1.0.100.202210260954/tools/bin/../lib/gcc/arm-none-eabi/10.3.1/../../../../arm-none-eabi/lib/thumb/v7e-m+fp/hard/libc_nano.a(lib_a-wsetup.o)
                              /home/jake/Downloads/makeself_dir_OqaUza/y/plugins/com.st.stm32cube.ide.mcu.externaltools.gnu-tools-for-stm32.10.3-2021.10.linux64_1.0.100.202210260954/tools/bin/../lib/gcc/arm-none-eabi/10.3.1/../../../../arm-none-eabi/lib/thumb/v7e-m+fp/hard/libc_nano.a(lib_a-puts.o) (__swsetup_r)
/home/jake/Downloads/makeself_dir_OqaUza/y/plugins/com.st.stm32cube.ide.mcu.externaltools.gnu-tools-for-stm32.10.3-2021.10.linux64_1.0.100.202210260954/tools/bin/../lib/gcc/arm-none-eabi/10.3.1/../../../../arm-none-eabi/lib/thumb/v7e-m+fp/hard/libc_nano.a(lib_a-fflush.o)
                              /home/jake/Downloads/makeself_dir_OqaUza/y/plugins/com.st.stm32cube.ide.mcu.externaltools.gnu-tools-for-stm32.10.3-2021.10.linux64_1.0.100.202210260954/tools/bin/../lib/gcc/arm-none-eabi/10.3.1/../../../../arm-none-eabi/lib/thumb/v7e-m+fp/hard/libc_nano.a(lib_a-wbuf.o) (_fflush_r)
[...]
Memory Configuration

Name             Origin             Length             Attributes
CCMRAM           0x0000000010000000 0x0000000000010000 xrw
RAM              0x0000000020000000 0x0000000000020000 xrw
FLASH            0x0000000008000000 0x0000000000080000 xr
*default*        0x0000000000000000 0xffffffffffffffff

Linker script and memory map

LOAD /home/jake/Downloads/makeself_dir_OqaUza/y/plugins/com.st.stm32cube.ide.mcu.externaltools.gnu-tools-for-stm32.10.3-2021.10.linux64_1.0.100.202210260954/tools/bin/../lib/gcc/arm-none-eabi/10.3.1/thumb/v7e-m+fp/hard/crti.o
LOAD /home/jake/Downloads/makeself_dir_OqaUza/y/plugins/com.st.stm32cube.ide.mcu.externaltools.gnu-tools-for-stm32.10.3-2021.10.linux64_1.0.100.202210260954/tools/bin/../lib/gcc/arm-none-eabi/10.3.1/thumb/v7e-m+fp/hard/crtbegin.o
LOAD /home/jake/Downloads/makeself_dir_OqaUza/y/plugins/com.st.stm32cube.ide.mcu.externaltools.gnu-tools-for-stm32.10.3-2021.10.linux64_1.0.100.202210260954/tools/bin/../lib/gcc/arm-none-eabi/10.3.1/../../../../arm-none-eabi/lib/thumb/v7e-m+fp/hard/crt0.o
LOAD ./Core/Src/arm_dot_prod_f32.o
LOAD ./Core/Src/arm_float_to_q31.o
LOAD ./Core/Src/main.o
LOAD ./Core/Src/stm32f4xx_hal_msp.o
LOAD ./Core/Src/stm32f4xx_it.o
LOAD ./Core/Src/syscalls.o
LOAD ./Core/Src/sysmem.o
LOAD ./Core/Src/system_stm32f4xx.o
LOAD ./Core/Startup/startup_stm32f407vetx.o
LOAD ./Drivers/STM32F4xx_HAL_Driver/Src/stm32f4xx_hal.o
LOAD ./Drivers/STM32F4xx_HAL_Driver/Src/stm32f4xx_hal_cortex.o
LOAD ./Drivers/STM32F4xx_HAL_Driver/Src/stm32f4xx_hal_dma.o
LOAD ./Drivers/STM32F4xx_HAL_Driver/Src/stm32f4xx_hal_dma_ex.o
LOAD ./Drivers/STM32F4xx_HAL_Driver/Src/stm32f4xx_hal_exti.o
LOAD ./Drivers/STM32F4xx_HAL_Driver/Src/stm32f4xx_hal_flash.o
LOAD ./Drivers/STM32F4xx_HAL_Driver/Src/stm32f4xx_hal_flash_ex.o
LOAD ./Drivers/STM32F4xx_HAL_Driver/Src/stm32f4xx_hal_flash_ramfunc.o
LOAD ./Drivers/STM32F4xx_HAL_Driver/Src/stm32f4xx_hal_gpio.o
LOAD ./Drivers/STM32F4xx_HAL_Driver/Src/stm32f4xx_hal_i2s.o
LOAD ./Drivers/STM32F4xx_HAL_Driver/Src/stm32f4xx_hal_i2s_ex.o
LOAD ./Drivers/STM32F4xx_HAL_Driver/Src/stm32f4xx_hal_pwr.o
LOAD ./Drivers/STM32F4xx_HAL_Driver/Src/stm32f4xx_hal_pwr_ex.o
LOAD ./Drivers/STM32F4xx_HAL_Driver/Src/stm32f4xx_hal_rcc.o
LOAD ./Drivers/STM32F4xx_HAL_Driver/Src/stm32f4xx_hal_rcc_ex.o
LOAD ./Drivers/STM32F4xx_HAL_Driver/Src/stm32f4xx_hal_spi.o
LOAD ./Drivers/STM32F4xx_HAL_Driver/Src/stm32f4xx_hal_uart.o
START GROUP
LOAD /home/jake/Downloads/makeself_dir_OqaUza/y/plugins/com.st.stm32cube.ide.mcu.externaltools.gnu-tools-for-stm32.10.3-2021.10.linux64_1.0.100.202210260954/tools/bin/../lib/gcc/arm-none-eabi/10.3.1/../../../../arm-none-eabi/lib/thumb/v7e-m+fp/hard/libc_nano.a
LOAD /home/jake/Downloads/makeself_dir_OqaUza/y/plugins/com.st.stm32cube.ide.mcu.externaltools.gnu-tools-for-stm32.10.3-2021.10.linux64_1.0.100.202210260954/tools/bin/../lib/gcc/arm-none-eabi/10.3.1/../../../../arm-none-eabi/lib/thumb/v7e-m+fp/hard/libm.a
END GROUP
START GROUP
LOAD /home/jake/Downloads/makeself_dir_OqaUza/y/plugins/com.st.stm32cube.ide.mcu.externaltools.gnu-tools-for-stm32.10.3-2021.10.linux64_1.0.100.202210260954/tools/bin/../lib/gcc/arm-none-eabi/10.3.1/thumb/v7e-m+fp/hard/libgcc.a
LOAD /home/jake/Downloads/makeself_dir_OqaUza/y/plugins/com.st.stm32cube.ide.mcu.externaltools.gnu-tools-for-stm32.10.3-2021.10.linux64_1.0.100.202210260954/tools/bin/../lib/gcc/arm-none-eabi/10.3.1/../../../../arm-none-eabi/lib/thumb/v7e-m+fp/hard/libc_nano.a
END GROUP
START GROUP
LOAD /home/jake/Downloads/makeself_dir_OqaUza/y/plugins/com.st.stm32cube.ide.mcu.externaltools.gnu-tools-for-stm32.10.3-2021.10.linux64_1.0.100.202210260954/tools/bin/../lib/gcc/arm-none-eabi/10.3.1/thumb/v7e-m+fp/hard/libgcc.a
LOAD /home/jake/Downloads/makeself_dir_OqaUza/y/plugins/com.st.stm32cube.ide.mcu.externaltools.gnu-tools-for-stm32.10.3-2021.10.linux64_1.0.100.202210260954/tools/bin/../lib/gcc/arm-none-eabi/10.3.1/../../../../arm-none-eabi/lib/thumb/v7e-m+fp/hard/libc_nano.a
LOAD /home/jake/Downloads/makeself_dir_OqaUza/y/plugins/com.st.stm32cube.ide.mcu.externaltools.gnu-tools-for-stm32.10.3-2021.10.linux64_1.0.100.202210260954/tools/bin/../lib/gcc/arm-none-eabi/10.3.1/../../../../arm-none-eabi/lib/thumb/v7e-m+fp/hard/libnosys.a
END GROUP
START GROUP
LOAD /home/jake/Downloads/makeself_dir_OqaUza/y/plugins/com.st.stm32cube.ide.mcu.externaltools.gnu-tools-for-stm32.10.3-2021.10.linux64_1.0.100.202210260954/tools/bin/../lib/gcc/arm-none-eabi/10.3.1/thumb/v7e-m+fp/hard/libgcc.a
LOAD /home/jake/Downloads/makeself_dir_OqaUza/y/plugins/com.st.stm32cube.ide.mcu.externaltools.gnu-tools-for-stm32.10.3-2021.10.linux64_1.0.100.202210260954/tools/bin/../lib/gcc/arm-none-eabi/10.3.1/../../../../arm-none-eabi/lib/thumb/v7e-m+fp/hard/libc_nano.a
LOAD /home/jake/Downloads/makeself_dir_OqaUza/y/plugins/com.st.stm32cube.ide.mcu.externaltools.gnu-tools-for-stm32.10.3-2021.10.linux64_1.0.100.202210260954/tools/bin/../lib/gcc/arm-none-eabi/10.3.1/../../../../arm-none-eabi/lib/thumb/v7e-m+fp/hard/libnosys.a
END GROUP
LOAD /home/jake/Downloads/makeself_dir_OqaUza/y/plugins/com.st.stm32cube.ide.mcu.externaltools.gnu-tools-for-stm32.10.3-2021.10.linux64_1.0.100.202210260954/tools/bin/../lib/gcc/arm-none-eabi/10.3.1/thumb/v7e-m+fp/hard/crtend.o
LOAD /home/jake/Downloads/makeself_dir_OqaUza/y/plugins/com.st.stm32cube.ide.mcu.externaltools.gnu-tools-for-stm32.10.3-2021.10.linux64_1.0.100.202210260954/tools/bin/../lib/gcc/arm-none-eabi/10.3.1/thumb/v7e-m+fp/hard/crtn.o
                0x0000000020020000                _estack = (ORIGIN (RAM) + LENGTH (RAM))
                0x0000000000000200                _Min_Heap_Size = 0x200
                0x0000000000000400                _Min_Stack_Size = 0x400

.isr_vector     0x0000000008000000      0x188
                0x0000000008000000                . = ALIGN (0x4)
 *(.isr_vector)
 .isr_vector    0x0000000008000000      0x188 ./Core/Startup/startup_stm32f407vetx.o
                0x0000000008000000                g_pfnVectors
                0x0000000008000188                . = ALIGN (0x4)

.text           0x0000000008000188     0x4820
                0x0000000008000188                . = ALIGN (0x4)
 *(.text)
 .text          0x0000000008000188       0x40 /home/jake/Downloads/makeself_dir_OqaUza/y/plugins/com.st.stm32cube.ide.mcu.externaltools.gnu-tools-for-stm32.10.3-2021.10.linux64_1.0.100.202210260954/tools/bin/../lib/gcc/arm-none-eabi/10.3.1/thumb/v7e-m+fp/hard/crtbegin.o
 .text          0x00000000080001c8       0x30 /home/jake/Downloads/makeself_dir_OqaUza/y/plugins/com.st.stm32cube.ide.mcu.externaltools.gnu-tools-for-stm32.10.3-2021.10.linux64_1.0.100.202210260954/tools/bin/../lib/gcc/arm-none-eabi/10.3.1/thumb/v7e-m+fp/hard/libgcc.a(_aeabi_uldivmod.o)
                0x00000000080001c8                __aeabi_uldivmod
 .text          0x00000000080001f8      0x2d0 /home/jake/Downloads/makeself_dir_OqaUza/y/plugins/com.st.stm32cube.ide.mcu.externaltools.gnu-tools-for-stm32.10.3-2021.10.linux64_1.0.100.202210260954/tools/bin/../lib/gcc/arm-none-eabi/10.3.1/thumb/v7e-m+fp/hard/libgcc.a(_udivmoddi4.o)
                0x00000000080001f8                __udivmoddi4
 .text          0x00000000080004c8        0x4 /home/jake/Downloads/makeself_dir_OqaUza/y/plugins/com.st.stm32cube.ide.mcu.externaltools.gnu-tools-for-stm32.10.3-2021.10.linux64_1.0.100.202210260954/tools/bin/../lib/gcc/arm-none-eabi/10.3.1/thumb/v7e-m+fp/hard/libgcc.a(_dvmd_tls.o)
                0x00000000080004c8                __aeabi_ldiv0
                0x00000000080004c8                __aeabi_idiv0
 *(.text*)
 .text._write   0x00000000080004cc       0x28 ./Core/Src/main.o
                0x00000000080004cc                _write
 .text.main     0x00000000080004f4       0x40 ./Core/Src/main.o
                0x00000000080004f4                main
 .text.SystemClock_Config
                0x0000000008000534       0xd4 ./Core/Src/main.o
                0x0000000008000534                SystemClock_Config
 .text.MX_I2S2_Init
                0x0000000008000608       0x5c ./Core/Src/main.o
 .text.MX_UART4_Init
                0x0000000008000664       0x54 ./Core/Src/main.o
 .text.MX_DMA_Init
                0x00000000080006b8       0x40 ./Core/Src/main.o
 .text.MX_GPIO_Init
                0x00000000080006f8       0x88 ./Core/Src/main.o
 .text.HAL_I2SEx_TxRxHalfCpltCallback
                0x0000000008000780       0x1e ./Core/Src/main.o
                0x0000000008000780                HAL_I2SEx_TxRxHalfCpltCallback
 .text.HAL_I2SEx_TxRxCpltCallback
                0x000000000800079e       0x1e ./Core/Src/main.o
                0x000000000800079e                HAL_I2SEx_TxRxCpltCallback
 .text.Process_Data
                0x00000000080007bc      0x1a8 ./Core/Src/main.o
                0x00000000080007bc                Process_Data
 .text.low_pass_filter
                0x0000000008000964      0x144 ./Core/Src/main.o
                0x0000000008000964                low_pass_filter
 .text.Error_Handler
                0x0000000008000aa8        0xa ./Core/Src/main.o
                0x0000000008000aa8                Error_Handler
 *fill*         0x0000000008000ab2        0x2 
 .text.HAL_MspInit
                0x0000000008000ab4       0x50 ./Core/Src/stm32f4xx_hal_msp.o
                0x0000000008000ab4                HAL_MspInit
 .text.HAL_I2S_MspInit
                0x0000000008000b04      0x1f8 ./Core/Src/stm32f4xx_hal_msp.o
                0x0000000008000b04                HAL_I2S_MspInit
 .text.HAL_UART_MspInit
                0x0000000008000cfc       0x90 ./Core/Src/stm32f4xx_hal_msp.o
                0x0000000008000cfc                HAL_UART_MspInit
 .text.NMI_Handler
                0x0000000008000d8c        0x6 ./Core/Src/stm32f4xx_it.o
                0x0000000008000d8c                NMI_Handler
 .text.HardFault_Handler
                0x0000000008000d92        0x6 ./Core/Src/stm32f4xx_it.o
                0x0000000008000d92                HardFault_Handler
 .text.MemManage_Handler
                0x0000000008000d98        0x6 ./Core/Src/stm32f4xx_it.o
                0x0000000008000d98                MemManage_Handler
 .text.BusFault_Handler
                0x0000000008000d9e        0x6 ./Core/Src/stm32f4xx_it.o
                0x0000000008000d9e                BusFault_Handler
 .text.UsageFault_Handler
                0x0000000008000da4        0x6 ./Core/Src/stm32f4xx_it.o
                0x0000000008000da4                UsageFault_Handler
 .text.SVC_Handler
                0x0000000008000daa        0xe ./Core/Src/stm32f4xx_it.o
                0x0000000008000daa                SVC_Handler
 .text.DebugMon_Handler
                0x0000000008000db8        0xe ./Core/Src/stm32f4xx_it.o
                0x0000000008000db8                DebugMon_Handler
 .text.PendSV_Handler
                0x0000000008000dc6        0xe ./Core/Src/stm32f4xx_it.o
                0x0000000008000dc6                PendSV_Handler
 .text.SysTick_Handler
                0x0000000008000dd4        0xc ./Core/Src/stm32f4xx_it.o
                0x0000000008000dd4                SysTick_Handler
 .text.DMA1_Stream3_IRQHandler
                0x0000000008000de0       0x14 ./Core/Src/stm32f4xx_it.o
                0x0000000008000de0                DMA1_Stream3_IRQHandler
 .text.DMA1_Stream4_IRQHandler
                0x0000000008000df4       0x14 ./Core/Src/stm32f4xx_it.o
                0x0000000008000df4                DMA1_Stream4_IRQHandler
 .text._read    0x0000000008000e08       0x3a ./Core/Src/syscalls.o
                0x0000000008000e08                _read
 .text._close   0x0000000008000e42       0x18 ./Core/Src/syscalls.o
                0x0000000008000e42                _close
 .text._fstat   0x0000000008000e5a       0x20 ./Core/Src/syscalls.o
                0x0000000008000e5a                _fstat
 .text._isatty  0x0000000008000e7a       0x16 ./Core/Src/syscalls.o
                0x0000000008000e7a                _isatty
 .text._lseek   0x0000000008000e90       0x1a ./Core/Src/syscalls.o
                0x0000000008000e90                _lseek
 *fill*         0x0000000008000eaa        0x2 
 .text._sbrk    0x0000000008000eac       0x6c ./Core/Src/sysmem.o
                0x0000000008000eac                _sbrk
 .text.SystemInit
                0x0000000008000f18       0x24 ./Core/Src/system_stm32f4xx.o
                0x0000000008000f18                SystemInit
 .text.Reset_Handler
                0x0000000008000f3c       0x50 ./Core/Startup/startup_stm32f407vetx.o
                0x0000000008000f3c                Reset_Handler
 .text.Default_Handler
                0x0000000008000f8c        0x2 ./Core/Startup/startup_stm32f407vetx.o
                0x0000000008000f8c                RTC_Alarm_IRQHandler
                0x0000000008000f8c                HASH_RNG_IRQHandler
                0x0000000008000f8c                EXTI2_IRQHandler
                0x0000000008000f8c                TIM8_CC_IRQHandler
                0x0000000008000f8c                TIM1_CC_IRQHandler
                0x0000000008000f8c                DMA2_Stream5_IRQHandler
                0x0000000008000f8c                DMA1_Stream5_IRQHandler
                0x0000000008000f8c                PVD_IRQHandler
                0x0000000008000f8c                SDIO_IRQHandler
                0x0000000008000f8c                TAMP_STAMP_IRQHandler
                0x0000000008000f8c                CAN2_RX1_IRQHandler
                0x0000000008000f8c                EXTI3_IRQHandler
                0x0000000008000f8c                TIM8_TRG_COM_TIM14_IRQHandler
                0x0000000008000f8c                TIM1_UP_TIM10_IRQHandler
                0x0000000008000f8c                TIM8_UP_TIM13_IRQHandler
                0x0000000008000f8c                I2C3_ER_IRQHandler
                0x0000000008000f8c                EXTI0_IRQHandler
                0x0000000008000f8c                I2C2_EV_IRQHandler
                0x0000000008000f8c                DMA1_Stream2_IRQHandler
                0x0000000008000f8c                CAN1_RX0_IRQHandler
                0x0000000008000f8c                FPU_IRQHandler
                0x0000000008000f8c                OTG_HS_WKUP_IRQHandler
                0x0000000008000f8c                CAN2_SCE_IRQHandler
                0x0000000008000f8c                DMA2_Stream2_IRQHandler
                0x0000000008000f8c                SPI1_IRQHandler
                0x0000000008000f8c                TIM6_DAC_IRQHandler
                0x0000000008000f8c                TIM1_BRK_TIM9_IRQHandler
                0x0000000008000f8c                DCMI_IRQHandler
                0x0000000008000f8c                CAN2_RX0_IRQHandler
                0x0000000008000f8c                DMA2_Stream3_IRQHandler
                0x0000000008000f8c                USART6_IRQHandler
                0x0000000008000f8c                USART3_IRQHandler
                0x0000000008000f8c                CAN1_RX1_IRQHandler
                0x0000000008000f8c                UART5_IRQHandler
                0x0000000008000f8c                DMA2_Stream0_IRQHandler
                0x0000000008000f8c                TIM4_IRQHandler
                0x0000000008000f8c                I2C1_EV_IRQHandler
                0x0000000008000f8c                DMA1_Stream6_IRQHandler
                0x0000000008000f8c                DMA1_Stream1_IRQHandler
                0x0000000008000f8c                UART4_IRQHandler
                0x0000000008000f8c                TIM3_IRQHandler
                0x0000000008000f8c                RCC_IRQHandler
                0x0000000008000f8c                TIM8_BRK_TIM12_IRQHandler
                0x0000000008000f8c                Default_Handler
                0x0000000008000f8c                EXTI15_10_IRQHandler
                0x0000000008000f8c                ADC_IRQHandler
                0x0000000008000f8c                DMA1_Stream7_IRQHandler
                0x0000000008000f8c                TIM7_IRQHandler
                0x0000000008000f8c                CAN2_TX_IRQHandler
                0x0000000008000f8c                TIM5_IRQHandler
                0x0000000008000f8c                DMA2_Stream7_IRQHandler
                0x0000000008000f8c                I2C3_EV_IRQHandler
                0x0000000008000f8c                EXTI9_5_IRQHandler
                0x0000000008000f8c                RTC_WKUP_IRQHandler
                0x0000000008000f8c                ETH_WKUP_IRQHandler
                0x0000000008000f8c                SPI2_IRQHandler
                0x0000000008000f8c                OTG_HS_EP1_IN_IRQHandler
                0x0000000008000f8c                DMA1_Stream0_IRQHandler
                0x0000000008000f8c                CAN1_TX_IRQHandler
                0x0000000008000f8c                EXTI4_IRQHandler
                0x0000000008000f8c                FSMC_IRQHandler
                0x0000000008000f8c                ETH_IRQHandler
                0x0000000008000f8c                OTG_HS_EP1_OUT_IRQHandler
                0x0000000008000f8c                WWDG_IRQHandler
                0x0000000008000f8c                TIM2_IRQHandler
                0x0000000008000f8c                OTG_FS_WKUP_IRQHandler
                0x0000000008000f8c                TIM1_TRG_COM_TIM11_IRQHandler
                0x0000000008000f8c                OTG_HS_IRQHandler
                0x0000000008000f8c                EXTI1_IRQHandler
                0x0000000008000f8c                USART2_IRQHandler
                0x0000000008000f8c                I2C2_ER_IRQHandler
                0x0000000008000f8c                DMA2_Stream1_IRQHandler
                0x0000000008000f8c                CAN1_SCE_IRQHandler
                0x0000000008000f8c                FLASH_IRQHandler
                0x0000000008000f8c                DMA2_Stream4_IRQHandler
                0x0000000008000f8c                USART1_IRQHandler
                0x0000000008000f8c                OTG_FS_IRQHandler
                0x0000000008000f8c                SPI3_IRQHandler
                0x0000000008000f8c                I2C1_ER_IRQHandler
                0x0000000008000f8c                DMA2_Stream6_IRQHandler
 *fill*         0x0000000008000f8e        0x2 
 .text.HAL_Init
                0x0000000008000f90       0x44 ./Drivers/STM32F4xx_HAL_Driver/Src/stm32f4xx_hal.o
                0x0000000008000f90                HAL_Init
 .text.HAL_InitTick
                0x0000000008000fd4       0x60 ./Drivers/STM32F4xx_HAL_Driver/Src/stm32f4xx_hal.o
                0x0000000008000fd4                HAL_InitTick
 .text.HAL_IncTick
                0x0000000008001034       0x28 ./Drivers/STM32F4xx_HAL_Driver/Src/stm32f4xx_hal.o
                0x0000000008001034                HAL_IncTick
 .text.HAL_GetTick
                0x000000000800105c       0x18 ./Drivers/STM32F4xx_HAL_Driver/Src/stm32f4xx_hal.o
                0x000000000800105c                HAL_GetTick
 .text.__NVIC_SetPriorityGrouping
                0x0000000008001074       0x48 ./Drivers/STM32F4xx_HAL_Driver/Src/stm32f4xx_hal_cortex.o
 .text.__NVIC_GetPriorityGrouping
                0x00000000080010bc       0x1c ./Drivers/STM32F4xx_HAL_Driver/Src/stm32f4xx_hal_cortex.o
 .text.__NVIC_EnableIRQ
                0x00000000080010d8       0x3c ./Drivers/STM32F4xx_HAL_Driver/Src/stm32f4xx_hal_cortex.o
 .text.__NVIC_SetPriority
                0x0000000008001114       0x54 ./Drivers/STM32F4xx_HAL_Driver/Src/stm32f4xx_hal_cortex.o
 .text.NVIC_EncodePriority
                0x0000000008001168       0x66 ./Drivers/STM32F4xx_HAL_Driver/Src/stm32f4xx_hal_cortex.o
 *fill*         0x00000000080011ce        0x2 
 .text.SysTick_Config
                0x00000000080011d0       0x44 ./Drivers/STM32F4xx_HAL_Driver/Src/stm32f4xx_hal_cortex.o
 .text.HAL_NVIC_SetPriorityGrouping
                0x0000000008001214       0x16 ./Drivers/STM32F4xx_HAL_Driver/Src/stm32f4xx_hal_cortex.o
                0x0000000008001214                HAL_NVIC_SetPriorityGrouping
 .text.HAL_NVIC_SetPriority
                0x000000000800122a       0x38 ./Drivers/STM32F4xx_HAL_Driver/Src/stm32f4xx_hal_cortex.o
                0x000000000800122a                HAL_NVIC_SetPriority
 .text.HAL_NVIC_EnableIRQ
                0x0000000008001262       0x1c ./Drivers/STM32F4xx_HAL_Driver/Src/stm32f4xx_hal_cortex.o
                0x0000000008001262                HAL_NVIC_EnableIRQ
 .text.HAL_SYSTICK_Config
                0x000000000800127e       0x18 ./Drivers/STM32F4xx_HAL_Driver/Src/stm32f4xx_hal_cortex.o
                0x000000000800127e                HAL_SYSTICK_Config
 *fill*         0x0000000008001296        0x2 
 .text.HAL_DMA_Init
                0x0000000008001298      0x15c ./Drivers/STM32F4xx_HAL_Driver/Src/stm32f4xx_hal_dma.o
                0x0000000008001298                HAL_DMA_Init
 .text.HAL_DMA_Start_IT
                0x00000000080013f4       0xb0 ./Drivers/STM32F4xx_HAL_Driver/Src/stm32f4xx_hal_dma.o
                0x00000000080013f4                HAL_DMA_Start_IT
 .text.HAL_DMA_IRQHandler
                0x00000000080014a4      0x314 ./Drivers/STM32F4xx_HAL_Driver/Src/stm32f4xx_hal_dma.o
                0x00000000080014a4                HAL_DMA_IRQHandler
 .text.DMA_SetConfig
                0x00000000080017b8       0x5c ./Drivers/STM32F4xx_HAL_Driver/Src/stm32f4xx_hal_dma.o
 .text.DMA_CalcBaseAndBitshift
                0x0000000008001814       0x6c ./Drivers/STM32F4xx_HAL_Driver/Src/stm32f4xx_hal_dma.o
 .text.DMA_CheckFifoParam
                0x0000000008001880       0xf8 ./Drivers/STM32F4xx_HAL_Driver/Src/stm32f4xx_hal_dma.o
 .text.HAL_GPIO_Init
                0x0000000008001978      0x338 ./Drivers/STM32F4xx_HAL_Driver/Src/stm32f4xx_hal_gpio.o
                0x0000000008001978                HAL_GPIO_Init
 .text.HAL_I2S_Init
                0x0000000008001cb0      0x280 ./Drivers/STM32F4xx_HAL_Driver/Src/stm32f4xx_hal_i2s.o
                0x0000000008001cb0                HAL_I2S_Init
 .text.HAL_I2S_TxCpltCallback
                0x0000000008001f30       0x14 ./Drivers/STM32F4xx_HAL_Driver/Src/stm32f4xx_hal_i2s.o
                0x0000000008001f30                HAL_I2S_TxCpltCallback
 .text.HAL_I2S_RxCpltCallback
                0x0000000008001f44       0x14 ./Drivers/STM32F4xx_HAL_Driver/Src/stm32f4xx_hal_i2s.o
                0x0000000008001f44                HAL_I2S_RxCpltCallback
 .text.HAL_I2S_ErrorCallback
                0x0000000008001f58       0x14 ./Drivers/STM32F4xx_HAL_Driver/Src/stm32f4xx_hal_i2s.o
                0x0000000008001f58                HAL_I2S_ErrorCallback
 .text.I2S_Transmit_IT
                0x0000000008001f6c       0x5c ./Drivers/STM32F4xx_HAL_Driver/Src/stm32f4xx_hal_i2s.o
 .text.I2S_Receive_IT
                0x0000000008001fc8       0x5e ./Drivers/STM32F4xx_HAL_Driver/Src/stm32f4xx_hal_i2s.o
 .text.I2S_IRQHandler
                0x0000000008002026      0x114 ./Drivers/STM32F4xx_HAL_Driver/Src/stm32f4xx_hal_i2s.o
 *fill*         0x000000000800213a        0x2 
 .text.HAL_I2SEx_TransmitReceive_DMA
                0x000000000800213c      0x314 ./Drivers/STM32F4xx_HAL_Driver/Src/stm32f4xx_hal_i2s_ex.o
                0x000000000800213c                HAL_I2SEx_TransmitReceive_DMA
 .text.HAL_I2SEx_FullDuplex_IRQHandler
                0x0000000008002450      0x2a8 ./Drivers/STM32F4xx_HAL_Driver/Src/stm32f4xx_hal_i2s_ex.o
                0x0000000008002450                HAL_I2SEx_FullDuplex_IRQHandler
 .text.I2SEx_TxRxDMAHalfCplt
                0x00000000080026f8       0x1c ./Drivers/STM32F4xx_HAL_Driver/Src/stm32f4xx_hal_i2s_ex.o
 .text.I2SEx_TxRxDMACplt
                0x0000000008002714       0xd8 ./Drivers/STM32F4xx_HAL_Driver/Src/stm32f4xx_hal_i2s_ex.o
 .text.I2SEx_TxRxDMAError
                0x00000000080027ec       0x80 ./Drivers/STM32F4xx_HAL_Driver/Src/stm32f4xx_hal_i2s_ex.o
 .text.I2SEx_TxISR_I2S
                0x000000000800286c       0x62 ./Drivers/STM32F4xx_HAL_Driver/Src/stm32f4xx_hal_i2s_ex.o
 *fill*         0x00000000080028ce        0x2 
 .text.I2SEx_TxISR_I2SExt
                0x00000000080028d0       0x98 ./Drivers/STM32F4xx_HAL_Driver/Src/stm32f4xx_hal_i2s_ex.o
 .text.I2SEx_RxISR_I2S
                0x0000000008002968       0x64 ./Drivers/STM32F4xx_HAL_Driver/Src/stm32f4xx_hal_i2s_ex.o
 .text.I2SEx_RxISR_I2SExt
                0x00000000080029cc       0x98 ./Drivers/STM32F4xx_HAL_Driver/Src/stm32f4xx_hal_i2s_ex.o
 .text.HAL_RCC_OscConfig
                0x0000000008002a64      0x4f0 ./Drivers/STM32F4xx_HAL_Driver/Src/stm32f4xx_hal_rcc.o
                0x0000000008002a64                HAL_RCC_OscConfig
 .text.HAL_RCC_ClockConfig
                0x0000000008002f54      0x1cc ./Drivers/STM32F4xx_HAL_Driver/Src/stm32f4xx_hal_rcc.o
                0x0000000008002f54                HAL_RCC_ClockConfig
 .text.HAL_RCC_GetSysClockFreq
                0x0000000008003120      0x20c ./Drivers/STM32F4xx_HAL_Driver/Src/stm32f4xx_hal_rcc.o
                0x0000000008003120                HAL_RCC_GetSysClockFreq
 .text.HAL_RCC_GetHCLKFreq
                0x000000000800332c       0x18 ./Drivers/STM32F4xx_HAL_Driver/Src/stm32f4xx_hal_rcc.o
                0x000000000800332c                HAL_RCC_GetHCLKFreq
 .text.HAL_RCC_GetPCLK1Freq
                0x0000000008003344       0x28 ./Drivers/STM32F4xx_HAL_Driver/Src/stm32f4xx_hal_rcc.o
                0x0000000008003344                HAL_RCC_GetPCLK1Freq
 .text.HAL_RCC_GetPCLK2Freq
                0x000000000800336c       0x28 ./Drivers/STM32F4xx_HAL_Driver/Src/stm32f4xx_hal_rcc.o
                0x000000000800336c                HAL_RCC_GetPCLK2Freq
 .text.HAL_RCCEx_PeriphCLKConfig
                0x0000000008003394      0x1c4 ./Drivers/STM32F4xx_HAL_Driver/Src/stm32f4xx_hal_rcc_ex.o
                0x0000000008003394                HAL_RCCEx_PeriphCLKConfig
 .text.HAL_RCCEx_GetPeriphCLKFreq
                0x0000000008003558       0xbc ./Drivers/STM32F4xx_HAL_Driver/Src/stm32f4xx_hal_rcc_ex.o
                0x0000000008003558                HAL_RCCEx_GetPeriphCLKFreq
 .text.HAL_UART_Init
                0x0000000008003614       0x9a ./Drivers/STM32F4xx_HAL_Driver/Src/stm32f4xx_hal_uart.o
                0x0000000008003614                HAL_UART_Init
 *fill*         0x00000000080036ae        0x2 
 .text.HAL_UART_Transmit_DMA
                0x00000000080036b0       0xfc ./Drivers/STM32F4xx_HAL_Driver/Src/stm32f4xx_hal_uart.o
                0x00000000080036b0                HAL_UART_Transmit_DMA
 .text.HAL_UART_TxCpltCallback
                0x00000000080037ac       0x14 ./Drivers/STM32F4xx_HAL_Driver/Src/stm32f4xx_hal_uart.o
                0x00000000080037ac                HAL_UART_TxCpltCallback
 .text.HAL_UART_TxHalfCpltCallback
                0x00000000080037c0       0x14 ./Drivers/STM32F4xx_HAL_Driver/Src/stm32f4xx_hal_uart.o
                0x00000000080037c0                HAL_UART_TxHalfCpltCallback
 .text.HAL_UART_ErrorCallback
                0x00000000080037d4       0x14 ./Drivers/STM32F4xx_HAL_Driver/Src/stm32f4xx_hal_uart.o
                0x00000000080037d4                HAL_UART_ErrorCallback
 .text.UART_DMATransmitCplt
                0x00000000080037e8       0x9a ./Drivers/STM32F4xx_HAL_Driver/Src/stm32f4xx_hal_uart.o
 .text.UART_DMATxHalfCplt
                0x0000000008003882       0x1c ./Drivers/STM32F4xx_HAL_Driver/Src/stm32f4xx_hal_uart.o
 .text.UART_DMAError
                0x000000000800389e       0x94 ./Drivers/STM32F4xx_HAL_Driver/Src/stm32f4xx_hal_uart.o
 .text.UART_EndTxTransfer
                0x0000000008003932       0x50 ./Drivers/STM32F4xx_HAL_Driver/Src/stm32f4xx_hal_uart.o
 .text.UART_EndRxTransfer
                0x0000000008003982       0xc6 ./Drivers/STM32F4xx_HAL_Driver/Src/stm32f4xx_hal_uart.o
 .text.UART_SetConfig
                0x0000000008003a48      0x4e8 ./Drivers/STM32F4xx_HAL_Driver/Src/stm32f4xx_hal_uart.o
 .text.__errno  0x0000000008003f30        0xc /home/jake/Downloads/makeself_dir_OqaUza/y/plugins/com.st.stm32cube.ide.mcu.externaltools.gnu-tools-for-stm32.10.3-2021.10.linux64_1.0.100.202210260954/tools/bin/../lib/gcc/arm-none-eabi/10.3.1/../../../../arm-none-eabi/lib/thumb/v7e-m+fp/hard/libc_nano.a(lib_a-errno.o)
                0x0000000008003f30                __errno
 .text.__libc_init_array
                0x0000000008003f3c       0x48 /home/jake/Downloads/makeself_dir_OqaUza/y/plugins/com.st.stm32cube.ide.mcu.externaltools.gnu-tools-for-stm32.10.3-2021.10.linux64_1.0.100.202210260954/tools/bin/../lib/gcc/arm-none-eabi/10.3.1/../../../../arm-none-eabi/lib/thumb/v7e-m+fp/hard/libc_nano.a(lib_a-init.o)
                0x0000000008003f3c                __libc_init_array
 .text.memset   0x0000000008003f84       0x10 /home/jake/Downloads/makeself_dir_OqaUza/y/plugins/com.st.stm32cube.ide.mcu.externaltools.gnu-tools-for-stm32.10.3-2021.10.linux64_1.0.100.202210260954/tools/bin/../lib/gcc/arm-none-eabi/10.3.1/../../../../arm-none-eabi/lib/thumb/v7e-m+fp/hard/libc_nano.a(lib_a-memset.o)
                0x0000000008003f84                memset
 .text._puts_r  0x0000000008003f94       0xdc /home/jake/Downloads/makeself_dir_OqaUza/y/plugins/com.st.stm32cube.ide.mcu.externaltools.gnu-tools-for-stm32.10.3-2021.10.linux64_1.0.100.202210260954/tools/bin/../lib/gcc/arm-none-eabi/10.3.1/../../../../arm-none-eabi/lib/thumb/v7e-m+fp/hard/libc_nano.a(lib_a-puts.o)
                0x0000000008003f94                _puts_r
 .text.puts     0x0000000008004070       0x10 /home/jake/Downloads/makeself_dir_OqaUza/y/plugins/com.st.stm32cube.ide.mcu.externaltools.gnu-tools-for-stm32.10.3-2021.10.linux64_1.0.100.202210260954/tools/bin/../lib/gcc/arm-none-eabi/10.3.1/../../../../arm-none-eabi/lib/thumb/v7e-m+fp/hard/libc_nano.a(lib_a-puts.o)
                0x0000000008004070                puts
 .text.__swbuf_r
                0x0000000008004080       0xa4 /home/jake/Downloads/makeself_dir_OqaUza/y/plugins/com.st.stm32cube.ide.mcu.externaltools.gnu-tools-for-stm32.10.3-2021.10.linux64_1.0.100.202210260954/tools/bin/../lib/gcc/arm-none-eabi/10.3.1/../../../../arm-none-eabi/lib/thumb/v7e-m+fp/hard/libc_nano.a(lib_a-wbuf.o)
                0x0000000008004080                __swbuf_r
 .text.__swsetup_r
                0x0000000008004124       0xdc /home/jake/Downloads/makeself_dir_OqaUza/y/plugins/com.st.stm32cube.ide.mcu.externaltools.gnu-tools-for-stm32.10.3-2021.10.linux64_1.0.100.202210260954/tools/bin/../lib/gcc/arm-none-eabi/10.3.1/../../../../arm-none-eabi/lib/thumb/v7e-m+fp/hard/libc_nano.a(lib_a-wsetup.o)
                0x0000000008004124                __swsetup_r
 .text.__sflush_r
                0x0000000008004200      0x10c /home/jake/Downloads/makeself_dir_OqaUza/y/plugins/com.st.stm32cube.ide.mcu.externaltools.gnu-tools-for-stm32.10.3-2021.10.linux64_1.0.100.202210260954/tools/bin/../lib/gcc/arm-none-eabi/10.3.1/../../../../arm-none-eabi/lib/thumb/v7e-m+fp/hard/libc_nano.a(lib_a-fflush.o)
                0x0000000008004200                __sflush_r
 .text._fflush_r
                0x000000000800430c       0x78 /home/jake/Downloads/makeself_dir_OqaUza/y/plugins/com.st.stm32cube.ide.mcu.externaltools.gnu-tools-for-stm32.10.3-2021.10.linux64_1.0.100.202210260954/tools/bin/../lib/gcc/arm-none-eabi/10.3.1/../../../../arm-none-eabi/lib/thumb/v7e-m+fp/hard/libc_nano.a(lib_a-fflush.o)
                0x000000000800430c                _fflush_r
 .text.std      0x0000000008004384       0x48 /home/jake/Downloads/makeself_dir_OqaUza/y/plugins/com.st.stm32cube.ide.mcu.externaltools.gnu-tools-for-stm32.10.3-2021.10.linux64_1.0.100.202210260954/tools/bin/../lib/gcc/arm-none-eabi/10.3.1/../../../../arm-none-eabi/lib/thumb/v7e-m+fp/hard/libc_nano.a(lib_a-findfp.o)
 .text._cleanup_r
                0x00000000080043cc        0xc /home/jake/Downloads/makeself_dir_OqaUza/y/plugins/com.st.stm32cube.ide.mcu.externaltools.gnu-tools-for-stm32.10.3-2021.10.linux64_1.0.100.202210260954/tools/bin/../lib/gcc/arm-none-eabi/10.3.1/../../../../arm-none-eabi/lib/thumb/v7e-m+fp/hard/libc_nano.a(lib_a-findfp.o)
                0x00000000080043cc                _cleanup_r
 .text.__sfmoreglue
                0x00000000080043d8       0x2c /home/jake/Downloads/makeself_dir_OqaUza/y/plugins/com.st.stm32cube.ide.mcu.externaltools.gnu-tools-for-stm32.10.3-2021.10.linux64_1.0.100.202210260954/tools/bin/../lib/gcc/arm-none-eabi/10.3.1/../../../../arm-none-eabi/lib/thumb/v7e-m+fp/hard/libc_nano.a(lib_a-findfp.o)
                0x00000000080043d8                __sfmoreglue
 .text.__sfp_lock_acquire
                0x0000000008004404        0xc /home/jake/Downloads/makeself_dir_OqaUza/y/plugins/com.st.stm32cube.ide.mcu.externaltools.gnu-tools-for-stm32.10.3-2021.10.linux64_1.0.100.202210260954/tools/bin/../lib/gcc/arm-none-eabi/10.3.1/../../../../arm-none-eabi/lib/thumb/v7e-m+fp/hard/libc_nano.a(lib_a-findfp.o)
                0x0000000008004404                __sfp_lock_acquire
 .text.__sfp_lock_release
                0x0000000008004410        0xc /home/jake/Downloads/makeself_dir_OqaUza/y/plugins/com.st.stm32cube.ide.mcu.externaltools.gnu-tools-for-stm32.10.3-2021.10.linux64_1.0.100.202210260954/tools/bin/../lib/gcc/arm-none-eabi/10.3.1/../../../../arm-none-eabi/lib/thumb/v7e-m+fp/hard/libc_nano.a(lib_a-findfp.o)
                0x0000000008004410                __sfp_lock_release
 .text.__sinit_lock_acquire
                0x000000000800441c        0xc /home/jake/Downloads/makeself_dir_OqaUza/y/plugins/com.st.stm32cube.ide.mcu.externaltools.gnu-tools-for-stm32.10.3-2021.10.linux64_1.0.100.202210260954/tools/bin/../lib/gcc/arm-none-eabi/10.3.1/../../../../arm-none-eabi/lib/thumb/v7e-m+fp/hard/libc_nano.a(lib_a-findfp.o)
                0x000000000800441c                __sinit_lock_acquire
 .text.__sinit_lock_release
                0x0000000008004428        0xc /home/jake/Downloads/makeself_dir_OqaUza/y/plugins/com.st.stm32cube.ide.mcu.externaltools.gnu-tools-for-stm32.10.3-2021.10.linux64_1.0.100.202210260954/tools/bin/../lib/gcc/arm-none-eabi/10.3.1/../../../../arm-none-eabi/lib/thumb/v7e-m+fp/hard/libc_nano.a(lib_a-findfp.o)
                0x0000000008004428                __sinit_lock_release
 .text.__sinit  0x0000000008004434       0x70 /home/jake/Downloads/makeself_dir_OqaUza/y/plugins/com.st.stm32cube.ide.mcu.externaltools.gnu-tools-for-stm32.10.3-2021.10.linux64_1.0.100.202210260954/tools/bin/../lib/gcc/arm-none-eabi/10.3.1/../../../../arm-none-eabi/lib/thumb/v7e-m+fp/hard/libc_nano.a(lib_a-findfp.o)
                0x0000000008004434                __sinit
 .text.__sfp    0x00000000080044a4       0x8c /home/jake/Downloads/makeself_dir_OqaUza/y/plugins/com.st.stm32cube.ide.mcu.externaltools.gnu-tools-for-stm32.10.3-2021.10.linux64_1.0.100.202210260954/tools/bin/../lib/gcc/arm-none-eabi/10.3.1/../../../../arm-none-eabi/lib/thumb/v7e-m+fp/hard/libc_nano.a(lib_a-findfp.o)
                0x00000000080044a4                __sfp
 .text._fwalk_reent
                0x0000000008004530       0x3e /home/jake/Downloads/makeself_dir_OqaUza/y/plugins/com.st.stm32cube.ide.mcu.externaltools.gnu-tools-for-stm32.10.3-2021.10.linux64_1.0.100.202210260954/tools/bin/../lib/gcc/arm-none-eabi/10.3.1/../../../../arm-none-eabi/lib/thumb/v7e-m+fp/hard/libc_nano.a(lib_a-fwalk.o)
                0x0000000008004530                _fwalk_reent
 .text.__retarget_lock_init_recursive
                0x000000000800456e        0x2 /home/jake/Downloads/makeself_dir_OqaUza/y/plugins/com.st.stm32cube.ide.mcu.externaltools.gnu-tools-for-stm32.10.3-2021.10.linux64_1.0.100.202210260954/tools/bin/../lib/gcc/arm-none-eabi/10.3.1/../../../../arm-none-eabi/lib/thumb/v7e-m+fp/hard/libc_nano.a(lib_a-lock.o)
                0x000000000800456e                __retarget_lock_init_recursive
 .text.__retarget_lock_acquire_recursive
                0x0000000008004570        0x2 /home/jake/Downloads/makeself_dir_OqaUza/y/plugins/com.st.stm32cube.ide.mcu.externaltools.gnu-tools-for-stm32.10.3-2021.10.linux64_1.0.100.202210260954/tools/bin/../lib/gcc/arm-none-eabi/10.3.1/../../../../arm-none-eabi/lib/thumb/v7e-m+fp/hard/libc_nano.a(lib_a-lock.o)
                0x0000000008004570                __retarget_lock_acquire_recursive
 .text.__retarget_lock_release_recursive
                0x0000000008004572        0x2 /home/jake/Downloads/makeself_dir_OqaUza/y/plugins/com.st.stm32cube.ide.mcu.externaltools.gnu-tools-for-stm32.10.3-2021.10.linux64_1.0.100.202210260954/tools/bin/../lib/gcc/arm-none-eabi/10.3.1/../../../../arm-none-eabi/lib/thumb/v7e-m+fp/hard/libc_nano.a(lib_a-lock.o)
                0x0000000008004572                __retarget_lock_release_recursive
 .text.__swhatbuf_r
                0x0000000008004574       0x4a /home/jake/Downloads/makeself_dir_OqaUza/y/plugins/com.st.stm32cube.ide.mcu.externaltools.gnu-tools-for-stm32.10.3-2021.10.linux64_1.0.100.202210260954/tools/bin/../lib/gcc/arm-none-eabi/10.3.1/../../../../arm-none-eabi/lib/thumb/v7e-m+fp/hard/libc_nano.a(lib_a-makebuf.o)
                0x0000000008004574                __swhatbuf_r
 *fill*         0x00000000080045be        0x2 
 .text.__smakebuf_r
                0x00000000080045c0       0x80 /home/jake/Downloads/makeself_dir_OqaUza/y/plugins/com.st.stm32cube.ide.mcu.externaltools.gnu-tools-for-stm32.10.3-2021.10.linux64_1.0.100.202210260954/tools/bin/../lib/gcc/arm-none-eabi/10.3.1/../../../../arm-none-eabi/lib/thumb/v7e-m+fp/hard/libc_nano.a(lib_a-makebuf.o)
                0x00000000080045c0                __smakebuf_r
 .text._free_r  0x0000000008004640       0x98 /home/jake/Downloads/makeself_dir_OqaUza/y/plugins/com.st.stm32cube.ide.mcu.externaltools.gnu-tools-for-stm32.10.3-2021.10.linux64_1.0.100.202210260954/tools/bin/../lib/gcc/arm-none-eabi/10.3.1/../../../../arm-none-eabi/lib/thumb/v7e-m+fp/hard/libc_nano.a(lib_a-nano-freer.o)
                0x0000000008004640                _free_r
 .text.sbrk_aligned
                0x00000000080046d8       0x40 /home/jake/Downloads/makeself_dir_OqaUza/y/plugins/com.st.stm32cube.ide.mcu.externaltools.gnu-tools-for-stm32.10.3-2021.10.linux64_1.0.100.202210260954/tools/bin/../lib/gcc/arm-none-eabi/10.3.1/../../../../arm-none-eabi/lib/thumb/v7e-m+fp/hard/libc_nano.a(lib_a-nano-mallocr.o)
 .text._malloc_r
                0x0000000008004718       0xe8 /home/jake/Downloads/makeself_dir_OqaUza/y/plugins/com.st.stm32cube.ide.mcu.externaltools.gnu-tools-for-stm32.10.3-2021.10.linux64_1.0.100.202210260954/tools/bin/../lib/gcc/arm-none-eabi/10.3.1/../../../../arm-none-eabi/lib/thumb/v7e-m+fp/hard/libc_nano.a(lib_a-nano-mallocr.o)
                0x0000000008004718                _malloc_r
 .text._sbrk_r  0x0000000008004800       0x20 /home/jake/Downloads/makeself_dir_OqaUza/y/plugins/com.st.stm32cube.ide.mcu.externaltools.gnu-tools-for-stm32.10.3-2021.10.linux64_1.0.100.202210260954/tools/bin/../lib/gcc/arm-none-eabi/10.3.1/../../../../arm-none-eabi/lib/thumb/v7e-m+fp/hard/libc_nano.a(lib_a-sbrkr.o)
                0x0000000008004800                _sbrk_r
 .text.__sread  0x0000000008004820       0x22 /home/jake/Downloads/makeself_dir_OqaUza/y/plugins/com.st.stm32cube.ide.mcu.externaltools.gnu-tools-for-stm32.10.3-2021.10.linux64_1.0.100.202210260954/tools/bin/../lib/gcc/arm-none-eabi/10.3.1/../../../../arm-none-eabi/lib/thumb/v7e-m+fp/hard/libc_nano.a(lib_a-stdio.o)
                0x0000000008004820                __sread
 .text.__swrite
                0x0000000008004842       0x38 /home/jake/Downloads/makeself_dir_OqaUza/y/plugins/com.st.stm32cube.ide.mcu.externaltools.gnu-tools-for-stm32.10.3-2021.10.linux64_1.0.100.202210260954/tools/bin/../lib/gcc/arm-none-eabi/10.3.1/../../../../arm-none-eabi/lib/thumb/v7e-m+fp/hard/libc_nano.a(lib_a-stdio.o)
                0x0000000008004842                __swrite
 .text.__sseek  0x000000000800487a       0x24 /home/jake/Downloads/makeself_dir_OqaUza/y/plugins/com.st.stm32cube.ide.mcu.externaltools.gnu-tools-for-stm32.10.3-2021.10.linux64_1.0.100.202210260954/tools/bin/../lib/gcc/arm-none-eabi/10.3.1/../../../../arm-none-eabi/lib/thumb/v7e-m+fp/hard/libc_nano.a(lib_a-stdio.o)
                0x000000000800487a                __sseek
 .text.__sclose
                0x000000000800489e        0x8 /home/jake/Downloads/makeself_dir_OqaUza/y/plugins/com.st.stm32cube.ide.mcu.externaltools.gnu-tools-for-stm32.10.3-2021.10.linux64_1.0.100.202210260954/tools/bin/../lib/gcc/arm-none-eabi/10.3.1/../../../../arm-none-eabi/lib/thumb/v7e-m+fp/hard/libc_nano.a(lib_a-stdio.o)
                0x000000000800489e                __sclose
 *fill*         0x00000000080048a6        0x2 
 .text._write_r
                0x00000000080048a8       0x24 /home/jake/Downloads/makeself_dir_OqaUza/y/plugins/com.st.stm32cube.ide.mcu.externaltools.gnu-tools-for-stm32.10.3-2021.10.linux64_1.0.100.202210260954/tools/bin/../lib/gcc/arm-none-eabi/10.3.1/../../../../arm-none-eabi/lib/thumb/v7e-m+fp/hard/libc_nano.a(lib_a-writer.o)
                0x00000000080048a8                _write_r
 .text._close_r
                0x00000000080048cc       0x20 /home/jake/Downloads/makeself_dir_OqaUza/y/plugins/com.st.stm32cube.ide.mcu.externaltools.gnu-tools-for-stm32.10.3-2021.10.linux64_1.0.100.202210260954/tools/bin/../lib/gcc/arm-none-eabi/10.3.1/../../../../arm-none-eabi/lib/thumb/v7e-m+fp/hard/libc_nano.a(lib_a-closer.o)
                0x00000000080048cc                _close_r
 .text._fstat_r
                0x00000000080048ec       0x24 /home/jake/Downloads/makeself_dir_OqaUza/y/plugins/com.st.stm32cube.ide.mcu.externaltools.gnu-tools-for-stm32.10.3-2021.10.linux64_1.0.100.202210260954/tools/bin/../lib/gcc/arm-none-eabi/10.3.1/../../../../arm-none-eabi/lib/thumb/v7e-m+fp/hard/libc_nano.a(lib_a-fstatr.o)
                0x00000000080048ec                _fstat_r
 .text._isatty_r
                0x0000000008004910       0x20 /home/jake/Downloads/makeself_dir_OqaUza/y/plugins/com.st.stm32cube.ide.mcu.externaltools.gnu-tools-for-stm32.10.3-2021.10.linux64_1.0.100.202210260954/tools/bin/../lib/gcc/arm-none-eabi/10.3.1/../../../../arm-none-eabi/lib/thumb/v7e-m+fp/hard/libc_nano.a(lib_a-isattyr.o)
                0x0000000008004910                _isatty_r
 .text._lseek_r
                0x0000000008004930       0x24 /home/jake/Downloads/makeself_dir_OqaUza/y/plugins/com.st.stm32cube.ide.mcu.externaltools.gnu-tools-for-stm32.10.3-2021.10.linux64_1.0.100.202210260954/tools/bin/../lib/gcc/arm-none-eabi/10.3.1/../../../../arm-none-eabi/lib/thumb/v7e-m+fp/hard/libc_nano.a(lib_a-lseekr.o)
                0x0000000008004930                _lseek_r
 .text.__malloc_lock
                0x0000000008004954        0xc /home/jake/Downloads/makeself_dir_OqaUza/y/plugins/com.st.stm32cube.ide.mcu.externaltools.gnu-tools-for-stm32.10.3-2021.10.linux64_1.0.100.202210260954/tools/bin/../lib/gcc/arm-none-eabi/10.3.1/../../../../arm-none-eabi/lib/thumb/v7e-m+fp/hard/libc_nano.a(lib_a-mlock.o)
                0x0000000008004954                __malloc_lock
 .text.__malloc_unlock
                0x0000000008004960        0xc /home/jake/Downloads/makeself_dir_OqaUza/y/plugins/com.st.stm32cube.ide.mcu.externaltools.gnu-tools-for-stm32.10.3-2021.10.linux64_1.0.100.202210260954/tools/bin/../lib/gcc/arm-none-eabi/10.3.1/../../../../arm-none-eabi/lib/thumb/v7e-m+fp/hard/libc_nano.a(lib_a-mlock.o)
                0x0000000008004960                __malloc_unlock
 .text._read_r  0x000000000800496c       0x24 /home/jake/Downloads/makeself_dir_OqaUza/y/plugins/com.st.stm32cube.ide.mcu.externaltools.gnu-tools-for-stm32.10.3-2021.10.linux64_1.0.100.202210260954/tools/bin/../lib/gcc/arm-none-eabi/10.3.1/../../../../arm-none-eabi/lib/thumb/v7e-m+fp/hard/libc_nano.a(lib_a-readr.o)
                0x000000000800496c                _read_r
 *(.glue_7)
 .glue_7        0x0000000008004990        0x0 linker stubs
 *(.glue_7t)
 .glue_7t       0x0000000008004990        0x0 linker stubs
 *(.eh_frame)
 .eh_frame      0x0000000008004990        0x0 /home/jake/Downloads/makeself_dir_OqaUza/y/plugins/com.st.stm32cube.ide.mcu.externaltools.gnu-tools-for-stm32.10.3-2021.10.linux64_1.0.100.202210260954/tools/bin/../lib/gcc/arm-none-eabi/10.3.1/thumb/v7e-m+fp/hard/crtbegin.o
 *(.init)
 .init          0x0000000008004990        0x4 /home/jake/Downloads/makeself_dir_OqaUza/y/plugins/com.st.stm32cube.ide.mcu.externaltools.gnu-tools-for-stm32.10.3-2021.10.linux64_1.0.100.202210260954/tools/bin/../lib/gcc/arm-none-eabi/10.3.1/thumb/v7e-m+fp/hard/crti.o
                0x0000000008004990                _init
 .init          0x0000000008004994        0x8 /home/jake/Downloads/makeself_dir_OqaUza/y/plugins/com.st.stm32cube.ide.mcu.externaltools.gnu-tools-for-stm32.10.3-2021.10.linux64_1.0.100.202210260954/tools/bin/../lib/gcc/arm-none-eabi/10.3.1/thumb/v7e-m+fp/hard/crtn.o
 *(.fini)
 .fini          0x000000000800499c        0x4 /home/jake/Downloads/makeself_dir_OqaUza/y/plugins/com.st.stm32cube.ide.mcu.externaltools.gnu-tools-for-stm32.10.3-2021.10.linux64_1.0.100.202210260954/tools/bin/../lib/gcc/arm-none-eabi/10.3.1/thumb/v7e-m+fp/hard/crti.o
                0x000000000800499c                _fini
 .fini          0x00000000080049a0        0x8 /home/jake/Downloads/makeself_dir_OqaUza/y/plugins/com.st.stm32cube.ide.mcu.externaltools.gnu-tools-for-stm32.10.3-2021.10.linux64_1.0.100.202210260954/tools/bin/../lib/gcc/arm-none-eabi/10.3.1/thumb/v7e-m+fp/hard/crtn.o
                0x00000000080049a8                . = ALIGN (0x4)
                0x00000000080049a8                _etext = .

.vfp11_veneer   0x00000000080049a8        0x0
 .vfp11_veneer  0x00000000080049a8        0x0 linker stubs

.v4_bx          0x00000000080049a8        0x0
 .v4_bx         0x00000000080049a8        0x0 linker stubs

.iplt           0x00000000080049a8        0x0
 .iplt          0x00000000080049a8        0x0 /home/jake/Downloads/makeself_dir_OqaUza/y/plugins/com.st.stm32cube.ide.mcu.externaltools.gnu-tools-for-stm32.10.3-2021.10.linux64_1.0.100.202210260954/tools/bin/../lib/gcc/arm-none-eabi/10.3.1/thumb/v7e-m+fp/hard/crtbegin.o

.rodata         0x00000000080049a8       0xa0
                0x00000000080049a8                . = ALIGN (0x4)
 *(.rodata)
 .rodata        0x00000000080049a8       0x1b ./Core/Src/main.o
 *(.rodata*)
 *fill*         0x00000000080049c3        0x1 
 .rodata.AHBPrescTable
                0x00000000080049c4       0x10 ./Core/Src/system_stm32f4xx.o
                0x00000000080049c4                AHBPrescTable
 .rodata.APBPrescTable
                0x00000000080049d4        0x8 ./Core/Src/system_stm32f4xx.o
                0x00000000080049d4                APBPrescTable
 .rodata.flagBitshiftOffset.0
                0x00000000080049dc        0x8 ./Drivers/STM32F4xx_HAL_Driver/Src/stm32f4xx_hal_dma.o
 .rodata._global_impure_ptr
                0x00000000080049e4        0x4 /home/jake/Downloads/makeself_dir_OqaUza/y/plugins/com.st.stm32cube.ide.mcu.externaltools.gnu-tools-for-stm32.10.3-2021.10.linux64_1.0.100.202210260954/tools/bin/../lib/gcc/arm-none-eabi/10.3.1/../../../../arm-none-eabi/lib/thumb/v7e-m+fp/hard/libc_nano.a(lib_a-impure.o)
                0x00000000080049e4                _global_impure_ptr
 .rodata.__sf_fake_stderr
                0x00000000080049e8       0x20 /home/jake/Downloads/makeself_dir_OqaUza/y/plugins/com.st.stm32cube.ide.mcu.externaltools.gnu-tools-for-stm32.10.3-2021.10.linux64_1.0.100.202210260954/tools/bin/../lib/gcc/arm-none-eabi/10.3.1/../../../../arm-none-eabi/lib/thumb/v7e-m+fp/hard/libc_nano.a(lib_a-findfp.o)
                0x00000000080049e8                __sf_fake_stderr
 .rodata.__sf_fake_stdin
                0x0000000008004a08       0x20 /home/jake/Downloads/makeself_dir_OqaUza/y/plugins/com.st.stm32cube.ide.mcu.externaltools.gnu-tools-for-stm32.10.3-2021.10.linux64_1.0.100.202210260954/tools/bin/../lib/gcc/arm-none-eabi/10.3.1/../../../../arm-none-eabi/lib/thumb/v7e-m+fp/hard/libc_nano.a(lib_a-findfp.o)
                0x0000000008004a08                __sf_fake_stdin
 .rodata.__sf_fake_stdout
                0x0000000008004a28       0x20 /home/jake/Downloads/makeself_dir_OqaUza/y/plugins/com.st.stm32cube.ide.mcu.externaltools.gnu-tools-for-stm32.10.3-2021.10.linux64_1.0.100.202210260954/tools/bin/../lib/gcc/arm-none-eabi/10.3.1/../../../../arm-none-eabi/lib/thumb/v7e-m+fp/hard/libc_nano.a(lib_a-findfp.o)
                0x0000000008004a28                __sf_fake_stdout
                0x0000000008004a48                . = ALIGN (0x4)

.ARM.extab      0x0000000008004a48        0x0
                0x0000000008004a48                . = ALIGN (0x4)
 *(.ARM.extab* .gnu.linkonce.armextab.*)
                0x0000000008004a48                . = ALIGN (0x4)

.ARM            0x0000000008004a48        0x8
                0x0000000008004a48                . = ALIGN (0x4)
                0x0000000008004a48                __exidx_start = .
 *(.ARM.exidx*)
 .ARM.exidx     0x0000000008004a48        0x8 /home/jake/Downloads/makeself_dir_OqaUza/y/plugins/com.st.stm32cube.ide.mcu.externaltools.gnu-tools-for-stm32.10.3-2021.10.linux64_1.0.100.202210260954/tools/bin/../lib/gcc/arm-none-eabi/10.3.1/thumb/v7e-m+fp/hard/libgcc.a(_udivmoddi4.o)
                0x0000000008004a50                __exidx_end = .
                0x0000000008004a50                . = ALIGN (0x4)

.rel.dyn        0x0000000008004a50        0x0
 .rel.iplt      0x0000000008004a50        0x0 /home/jake/Downloads/makeself_dir_OqaUza/y/plugins/com.st.stm32cube.ide.mcu.externaltools.gnu-tools-for-stm32.10.3-2021.10.linux64_1.0.100.202210260954/tools/bin/../lib/gcc/arm-none-eabi/10.3.1/thumb/v7e-m+fp/hard/crtbegin.o

.preinit_array  0x0000000008004a50        0x0
                0x0000000008004a50                . = ALIGN (0x4)
                0x0000000008004a50                PROVIDE (__preinit_array_start = .)
 *(.preinit_array*)
                0x0000000008004a50                PROVIDE (__preinit_array_end = .)
                0x0000000008004a50                . = ALIGN (0x4)

.init_array     0x0000000008004a50        0x4
                0x0000000008004a50                . = ALIGN (0x4)
                0x0000000008004a50                PROVIDE (__init_array_start = .)
 *(SORT_BY_NAME(.init_array.*))
 *(.init_array*)
 .init_array    0x0000000008004a50        0x4 /home/jake/Downloads/makeself_dir_OqaUza/y/plugins/com.st.stm32cube.ide.mcu.externaltools.gnu-tools-for-stm32.10.3-2021.10.linux64_1.0.100.202210260954/tools/bin/../lib/gcc/arm-none-eabi/10.3.1/thumb/v7e-m+fp/hard/crtbegin.o
                0x0000000008004a54                PROVIDE (__init_array_end = .)
                0x0000000008004a54                . = ALIGN (0x4)

.fini_array     0x0000000008004a54        0x4
                0x0000000008004a54                . = ALIGN (0x4)
                [!provide]                        PROVIDE (__fini_array_start = .)
 *(SORT_BY_NAME(.fini_array.*))
 *(.fini_array*)
 .fini_array    0x0000000008004a54        0x4 /home/jake/Downloads/makeself_dir_OqaUza/y/plugins/com.st.stm32cube.ide.mcu.externaltools.gnu-tools-for-stm32.10.3-2021.10.linux64_1.0.100.202210260954/tools/bin/../lib/gcc/arm-none-eabi/10.3.1/thumb/v7e-m+fp/hard/crtbegin.o
                [!provide]                        PROVIDE (__fini_array_end = .)
                0x0000000008004a58                . = ALIGN (0x4)
                0x0000000008004a58                _sidata = LOADADDR (.data)

.data           0x0000000020000000       0x8c load address 0x0000000008004a58
                0x0000000020000000                . = ALIGN (0x4)
                0x0000000020000000                _sdata = .
 *(.data)
 *(.data*)
 .data.b0       0x0000000020000000        0x4 ./Core/Src/main.o
                0x0000000020000000                b0
 .data.b1       0x0000000020000004        0x4 ./Core/Src/main.o
                0x0000000020000004                b1
 .data.b2       0x0000000020000008        0x4 ./Core/Src/main.o
                0x0000000020000008                b2
 .data.b3       0x000000002000000c        0x4 ./Core/Src/main.o
                0x000000002000000c                b3
 .data.a1       0x0000000020000010        0x4 ./Core/Src/main.o
                0x0000000020000010                a1
 .data.a2       0x0000000020000014        0x4 ./Core/Src/main.o
                0x0000000020000014                a2
 .data.a3       0x0000000020000018        0x4 ./Core/Src/main.o
                0x0000000020000018                a3
 .data.SystemCoreClock
                0x000000002000001c        0x4 ./Core/Src/system_stm32f4xx.o
                0x000000002000001c                SystemCoreClock
 .data.uwTickPrio
                0x0000000020000020        0x4 ./Drivers/STM32F4xx_HAL_Driver/Src/stm32f4xx_hal.o
                0x0000000020000020                uwTickPrio
 .data.uwTickFreq
                0x0000000020000024        0x1 ./Drivers/STM32F4xx_HAL_Driver/Src/stm32f4xx_hal.o
                0x0000000020000024                uwTickFreq
 *fill*         0x0000000020000025        0x3 
 .data._impure_ptr
                0x0000000020000028        0x4 /home/jake/Downloads/makeself_dir_OqaUza/y/plugins/com.st.stm32cube.ide.mcu.externaltools.gnu-tools-for-stm32.10.3-2021.10.linux64_1.0.100.202210260954/tools/bin/../lib/gcc/arm-none-eabi/10.3.1/../../../../arm-none-eabi/lib/thumb/v7e-m+fp/hard/libc_nano.a(lib_a-impure.o)
                0x0000000020000028                _impure_ptr
 .data.impure_data
                0x000000002000002c       0x60 /home/jake/Downloads/makeself_dir_OqaUza/y/plugins/com.st.stm32cube.ide.mcu.externaltools.gnu-tools-for-stm32.10.3-2021.10.linux64_1.0.100.202210260954/tools/bin/../lib/gcc/arm-none-eabi/10.3.1/../../../../arm-none-eabi/lib/thumb/v7e-m+fp/hard/libc_nano.a(lib_a-impure.o)
 *(.RamFunc)
 *(.RamFunc*)
                0x000000002000008c                . = ALIGN (0x4)
                0x000000002000008c                _edata = .
                0x0000000008004ae4                _siccmram = LOADADDR (.ccmram)

.igot.plt       0x000000002000008c        0x0 load address 0x0000000008004ae4
 .igot.plt      0x000000002000008c        0x0 /home/jake/Downloads/makeself_dir_OqaUza/y/plugins/com.st.stm32cube.ide.mcu.externaltools.gnu-tools-for-stm32.10.3-2021.10.linux64_1.0.100.202210260954/tools/bin/../lib/gcc/arm-none-eabi/10.3.1/thumb/v7e-m+fp/hard/crtbegin.o

.ccmram         0x0000000010000000        0x0 load address 0x0000000008004ae4
                0x0000000010000000                . = ALIGN (0x4)
                0x0000000010000000                _sccmram = .
 *(.ccmram)
 *(.ccmram*)
                0x0000000010000000                . = ALIGN (0x4)
                0x0000000010000000                _eccmram = .
                0x0000000010000000                . = ALIGN (0x4)

.bss            0x000000002000008c      0x1e4
                0x000000002000008c                _sbss = .
                0x000000002000008c                __bss_start__ = _sbss
 *(.bss)
 .bss           0x000000002000008c       0x1c /home/jake/Downloads/makeself_dir_OqaUza/y/plugins/com.st.stm32cube.ide.mcu.externaltools.gnu-tools-for-stm32.10.3-2021.10.linux64_1.0.100.202210260954/tools/bin/../lib/gcc/arm-none-eabi/10.3.1/thumb/v7e-m+fp/hard/crtbegin.o
 *(.bss*)
 .bss.hi2s2     0x00000000200000a8       0x48 ./Core/Src/main.o
                0x00000000200000a8                hi2s2
 .bss.hdma_i2s2_ext_rx
                0x00000000200000f0       0x60 ./Core/Src/main.o
                0x00000000200000f0                hdma_i2s2_ext_rx
 .bss.hdma_spi2_tx
                0x0000000020000150       0x60 ./Core/Src/main.o
                0x0000000020000150                hdma_spi2_tx
 .bss.huart4    0x00000000200001b0       0x44 ./Core/Src/main.o
                0x00000000200001b0                huart4
 .bss.rx_buf    0x00000000200001f4       0x20 ./Core/Src/main.o
                0x00000000200001f4                rx_buf
 .bss.tx_buf    0x0000000020000214       0x20 ./Core/Src/main.o
                0x0000000020000214                tx_buf
 .bss.input_list
                0x0000000020000234       0x10 ./Core/Src/main.o
                0x0000000020000234                input_list
 .bss.output_list
                0x0000000020000244       0x10 ./Core/Src/main.o
                0x0000000020000244                output_list
 .bss.count     0x0000000020000254        0x4 ./Core/Src/main.o
                0x0000000020000254                count
 .bss.__sbrk_heap_end
                0x0000000020000258        0x4 ./Core/Src/sysmem.o
 .bss.uwTick    0x000000002000025c        0x4 ./Drivers/STM32F4xx_HAL_Driver/Src/stm32f4xx_hal.o
                0x000000002000025c                uwTick
 .bss.__lock___malloc_recursive_mutex
                0x0000000020000260        0x1 /home/jake/Downloads/makeself_dir_OqaUza/y/plugins/com.st.stm32cube.ide.mcu.externaltools.gnu-tools-for-stm32.10.3-2021.10.linux64_1.0.100.202210260954/tools/bin/../lib/gcc/arm-none-eabi/10.3.1/../../../../arm-none-eabi/lib/thumb/v7e-m+fp/hard/libc_nano.a(lib_a-lock.o)
                0x0000000020000260                __lock___malloc_recursive_mutex
 .bss.__lock___sfp_recursive_mutex
                0x0000000020000261        0x1 /home/jake/Downloads/makeself_dir_OqaUza/y/plugins/com.st.stm32cube.ide.mcu.externaltools.gnu-tools-for-stm32.10.3-2021.10.linux64_1.0.100.202210260954/tools/bin/../lib/gcc/arm-none-eabi/10.3.1/../../../../arm-none-eabi/lib/thumb/v7e-m+fp/hard/libc_nano.a(lib_a-lock.o)
                0x0000000020000261                __lock___sfp_recursive_mutex
 .bss.__lock___sinit_recursive_mutex
                0x0000000020000262        0x1 /home/jake/Downloads/makeself_dir_OqaUza/y/plugins/com.st.stm32cube.ide.mcu.externaltools.gnu-tools-for-stm32.10.3-2021.10.linux64_1.0.100.202210260954/tools/bin/../lib/gcc/arm-none-eabi/10.3.1/../../../../arm-none-eabi/lib/thumb/v7e-m+fp/hard/libc_nano.a(lib_a-lock.o)
                0x0000000020000262                __lock___sinit_recursive_mutex
 *fill*         0x0000000020000263        0x1 
 .bss.__malloc_free_list
                0x0000000020000264        0x4 /home/jake/Downloads/makeself_dir_OqaUza/y/plugins/com.st.stm32cube.ide.mcu.externaltools.gnu-tools-for-stm32.10.3-2021.10.linux64_1.0.100.202210260954/tools/bin/../lib/gcc/arm-none-eabi/10.3.1/../../../../arm-none-eabi/lib/thumb/v7e-m+fp/hard/libc_nano.a(lib_a-nano-mallocr.o)
                0x0000000020000264                __malloc_free_list
 .bss.__malloc_sbrk_start
                0x0000000020000268        0x4 /home/jake/Downloads/makeself_dir_OqaUza/y/plugins/com.st.stm32cube.ide.mcu.externaltools.gnu-tools-for-stm32.10.3-2021.10.linux64_1.0.100.202210260954/tools/bin/../lib/gcc/arm-none-eabi/10.3.1/../../../../arm-none-eabi/lib/thumb/v7e-m+fp/hard/libc_nano.a(lib_a-nano-mallocr.o)
                0x0000000020000268                __malloc_sbrk_start
 .bss.errno     0x000000002000026c        0x4 /home/jake/Downloads/makeself_dir_OqaUza/y/plugins/com.st.stm32cube.ide.mcu.externaltools.gnu-tools-for-stm32.10.3-2021.10.linux64_1.0.100.202210260954/tools/bin/../lib/gcc/arm-none-eabi/10.3.1/../../../../arm-none-eabi/lib/thumb/v7e-m+fp/hard/libc_nano.a(lib_a-reent.o)
                0x000000002000026c                errno
 *(COMMON)
                0x0000000020000270                . = ALIGN (0x4)
                0x0000000020000270                _ebss = .
                0x0000000020000270                __bss_end__ = _ebss

._user_heap_stack
                0x0000000020000270      0x600
                0x0000000020000270                . = ALIGN (0x8)
                [!provide]                        PROVIDE (end = .)
                0x0000000020000270                PROVIDE (_end = .)
                0x0000000020000470                . = (. + _Min_Heap_Size)
 *fill*         0x0000000020000270      0x200 
                0x0000000020000870                . = (. + _Min_Stack_Size)
 *fill*         0x0000000020000470      0x400 
                0x0000000020000870                . = ALIGN (0x8)

/DISCARD/
 libc.a(*)
 libm.a(*)
 libgcc.a(*)

.ARM.attributes
                0x0000000000000000       0x30
 *(.ARM.attributes)
 .ARM.attributes
                0x0000000000000000       0x1e /home/jake/Downloads/makeself_dir_OqaUza/y/plugins/com.st.stm32cube.ide.mcu.externaltools.gnu-tools-for-stm32.10.3-2021.10.linux64_1.0.100.202210260954/tools/bin/../lib/gcc/arm-none-eabi/10.3.1/thumb/v7e-m+fp/hard/crti.o
 .ARM.attributes
                0x000000000000001e       0x34 /home/jake/Downloads/makeself_dir_OqaUza/y/plugins/com.st.stm32cube.ide.mcu.externaltools.gnu-tools-for-stm32.10.3-2021.10.linux64_1.0.100.202210260954/tools/bin/../lib/gcc/arm-none-eabi/10.3.1/thumb/v7e-m+fp/hard/crtbegin.o
 .ARM.attributes
                0x0000000000000052       0x34 ./Core/Src/main.o
 .ARM.attributes
                0x0000000000000086       0x34 ./Core/Src/stm32f4xx_hal_msp.o
 .ARM.attributes
                0x00000000000000ba       0x34 ./Core/Src/stm32f4xx_it.o
 .ARM.attributes
                0x00000000000000ee       0x34 ./Core/Src/syscalls.o
 .ARM.attributes
                0x0000000000000122       0x34 ./Core/Src/sysmem.o
 .ARM.attributes
                0x0000000000000156       0x34 ./Core/Src/system_stm32f4xx.o
 .ARM.attributes
                0x000000000000018a       0x21 ./Core/Startup/startup_stm32f407vetx.o
 .ARM.attributes
                0x00000000000001ab       0x34 ./Drivers/STM32F4xx_HAL_Driver/Src/stm32f4xx_hal.o
 .ARM.attributes
                0x00000000000001df       0x34 ./Drivers/STM32F4xx_HAL_Driver/Src/stm32f4xx_hal_cortex.o
 .ARM.attributes
                0x0000000000000213       0x34 ./Drivers/STM32F4xx_HAL_Driver/Src/stm32f4xx_hal_dma.o
 .ARM.attributes
                0x0000000000000247       0x34 ./Drivers/STM32F4xx_HAL_Driver/Src/stm32f4xx_hal_gpio.o
 .ARM.attributes
                0x000000000000027b       0x34 ./Drivers/STM32F4xx_HAL_Driver/Src/stm32f4xx_hal_i2s.o
 .ARM.attributes
                0x00000000000002af       0x34 ./Drivers/STM32F4xx_HAL_Driver/Src/stm32f4xx_hal_i2s_ex.o
 .ARM.attributes
                0x00000000000002e3       0x34 ./Drivers/STM32F4xx_HAL_Driver/Src/stm32f4xx_hal_rcc.o
 .ARM.attributes
                0x0000000000000317       0x34 ./Drivers/STM32F4xx_HAL_Driver/Src/stm32f4xx_hal_rcc_ex.o
 .ARM.attributes
                0x000000000000034b       0x34 ./Drivers/STM32F4xx_HAL_Driver/Src/stm32f4xx_hal_uart.o
 .ARM.attributes
                0x000000000000037f       0x34 /home/jake/Downloads/makeself_dir_OqaUza/y/plugins/com.st.stm32cube.ide.mcu.externaltools.gnu-tools-for-stm32.10.3-2021.10.linux64_1.0.100.202210260954/tools/bin/../lib/gcc/arm-none-eabi/10.3.1/../../../../arm-none-eabi/lib/thumb/v7e-m+fp/hard/libc_nano.a(lib_a-errno.o)
 .ARM.attributes
                0x00000000000003b3       0x34 /home/jake/Downloads/makeself_dir_OqaUza/y/plugins/com.st.stm32cube.ide.mcu.externaltools.gnu-tools-for-stm32.10.3-2021.10.linux64_1.0.100.202210260954/tools/bin/../lib/gcc/arm-none-eabi/10.3.1/../../../../arm-none-eabi/lib/thumb/v7e-m+fp/hard/libc_nano.a(lib_a-impure.o)
 .ARM.attributes
                0x00000000000003e7       0x34 /home/jake/Downloads/makeself_dir_OqaUza/y/plugins/com.st.stm32cube.ide.mcu.externaltools.gnu-tools-for-stm32.10.3-2021.10.linux64_1.0.100.202210260954/tools/bin/../lib/gcc/arm-none-eabi/10.3.1/../../../../arm-none-eabi/lib/thumb/v7e-m+fp/hard/libc_nano.a(lib_a-init.o)
 .ARM.attributes
                0x000000000000041b       0x34 /home/jake/Downloads/makeself_dir_OqaUza/y/plugins/com.st.stm32cube.ide.mcu.externaltools.gnu-tools-for-stm32.10.3-2021.10.linux64_1.0.100.202210260954/tools/bin/../lib/gcc/arm-none-eabi/10.3.1/../../../../arm-none-eabi/lib/thumb/v7e-m+fp/hard/libc_nano.a(lib_a-memset.o)
 .ARM.attributes
                0x000000000000044f       0x34 /home/jake/Downloads/makeself_dir_OqaUza/y/plugins/com.st.stm32cube.ide.mcu.externaltools.gnu-tools-for-stm32.10.3-2021.10.linux64_1.0.100.202210260954/tools/bin/../lib/gcc/arm-none-eabi/10.3.1/../../../../arm-none-eabi/lib/thumb/v7e-m+fp/hard/libc_nano.a(lib_a-puts.o)
 .ARM.attributes
                0x0000000000000483       0x34 /home/jake/Downloads/makeself_dir_OqaUza/y/plugins/com.st.stm32cube.ide.mcu.externaltools.gnu-tools-for-stm32.10.3-2021.10.linux64_1.0.100.202210260954/tools/bin/../lib/gcc/arm-none-eabi/10.3.1/../../../../arm-none-eabi/lib/thumb/v7e-m+fp/hard/libc_nano.a(lib_a-wbuf.o)
 .ARM.attributes
                0x00000000000004b7       0x34 /home/jake/Downloads/makeself_dir_OqaUza/y/plugins/com.st.stm32cube.ide.mcu.externaltools.gnu-tools-for-stm32.10.3-2021.10.linux64_1.0.100.202210260954/tools/bin/../lib/gcc/arm-none-eabi/10.3.1/../../../../arm-none-eabi/lib/thumb/v7e-m+fp/hard/libc_nano.a(lib_a-wsetup.o)
 .ARM.attributes
                0x00000000000004eb       0x34 /home/jake/Downloads/makeself_dir_OqaUza/y/plugins/com.st.stm32cube.ide.mcu.externaltools.gnu-tools-for-stm32.10.3-2021.10.linux64_1.0.100.202210260954/tools/bin/../lib/gcc/arm-none-eabi/10.3.1/../../../../arm-none-eabi/lib/thumb/v7e-m+fp/hard/libc_nano.a(lib_a-fflush.o)
 .ARM.attributes
                0x000000000000051f       0x34 /home/jake/Downloads/makeself_dir_OqaUza/y/plugins/com.st.stm32cube.ide.mcu.externaltools.gnu-tools-for-stm32.10.3-2021.10.linux64_1.0.100.202210260954/tools/bin/../lib/gcc/arm-none-eabi/10.3.1/../../../../arm-none-eabi/lib/thumb/v7e-m+fp/hard/libc_nano.a(lib_a-findfp.o)
 .ARM.attributes
                0x0000000000000553       0x34 /home/jake/Downloads/makeself_dir_OqaUza/y/plugins/com.st.stm32cube.ide.mcu.externaltools.gnu-tools-for-stm32.10.3-2021.10.linux64_1.0.100.202210260954/tools/bin/../lib/gcc/arm-none-eabi/10.3.1/../../../../arm-none-eabi/lib/thumb/v7e-m+fp/hard/libc_nano.a(lib_a-fwalk.o)
 .ARM.attributes
                0x0000000000000587       0x34 /home/jake/Downloads/makeself_dir_OqaUza/y/plugins/com.st.stm32cube.ide.mcu.externaltools.gnu-tools-for-stm32.10.3-2021.10.linux64_1.0.100.202210260954/tools/bin/../lib/gcc/arm-none-eabi/10.3.1/../../../../arm-none-eabi/lib/thumb/v7e-m+fp/hard/libc_nano.a(lib_a-lock.o)
 .ARM.attributes
                0x00000000000005bb       0x34 /home/jake/Downloads/makeself_dir_OqaUza/y/plugins/com.st.stm32cube.ide.mcu.externaltools.gnu-tools-for-stm32.10.3-2021.10.linux64_1.0.100.202210260954/tools/bin/../lib/gcc/arm-none-eabi/10.3.1/../../../../arm-none-eabi/lib/thumb/v7e-m+fp/hard/libc_nano.a(lib_a-makebuf.o)
 .ARM.attributes
                0x00000000000005ef       0x34 /home/jake/Downloads/makeself_dir_OqaUza/y/plugins/com.st.stm32cube.ide.mcu.externaltools.gnu-tools-for-stm32.10.3-2021.10.linux64_1.0.100.202210260954/tools/bin/../lib/gcc/arm-none-eabi/10.3.1/../../../../arm-none-eabi/lib/thumb/v7e-m+fp/hard/libc_nano.a(lib_a-nano-freer.o)
 .ARM.attributes
                0x0000000000000623       0x34 /home/jake/Downloads/makeself_dir_OqaUza/y/plugins/com.st.stm32cube.ide.mcu.externaltools.gnu-tools-for-stm32.10.3-2021.10.linux64_1.0.100.202210260954/tools/bin/../lib/gcc/arm-none-eabi/10.3.1/../../../../arm-none-eabi/lib/thumb/v7e-m+fp/hard/libc_nano.a(lib_a-nano-mallocr.o)
 .ARM.attributes
                0x0000000000000657       0x34 /home/jake/Downloads/makeself_dir_OqaUza/y/plugins/com.st.stm32cube.ide.mcu.externaltools.gnu-tools-for-stm32.10.3-2021.10.linux64_1.0.100.202210260954/tools/bin/../lib/gcc/arm-none-eabi/10.3.1/../../../../arm-none-eabi/lib/thumb/v7e-m+fp/hard/libc_nano.a(lib_a-sbrkr.o)
 .ARM.attributes
                0x000000000000068b       0x34 /home/jake/Downloads/makeself_dir_OqaUza/y/plugins/com.st.stm32cube.ide.mcu.externaltools.gnu-tools-for-stm32.10.3-2021.10.linux64_1.0.100.202210260954/tools/bin/../lib/gcc/arm-none-eabi/10.3.1/../../../../arm-none-eabi/lib/thumb/v7e-m+fp/hard/libc_nano.a(lib_a-stdio.o)
 .ARM.attributes
                0x00000000000006bf       0x34 /home/jake/Downloads/makeself_dir_OqaUza/y/plugins/com.st.stm32cube.ide.mcu.externaltools.gnu-tools-for-stm32.10.3-2021.10.linux64_1.0.100.202210260954/tools/bin/../lib/gcc/arm-none-eabi/10.3.1/../../../../arm-none-eabi/lib/thumb/v7e-m+fp/hard/libc_nano.a(lib_a-writer.o)
 .ARM.attributes
                0x00000000000006f3       0x34 /home/jake/Downloads/makeself_dir_OqaUza/y/plugins/com.st.stm32cube.ide.mcu.externaltools.gnu-tools-for-stm32.10.3-2021.10.linux64_1.0.100.202210260954/tools/bin/../lib/gcc/arm-none-eabi/10.3.1/../../../../arm-none-eabi/lib/thumb/v7e-m+fp/hard/libc_nano.a(lib_a-closer.o)
 .ARM.attributes
                0x0000000000000727       0x34 /home/jake/Downloads/makeself_dir_OqaUza/y/plugins/com.st.stm32cube.ide.mcu.externaltools.gnu-tools-for-stm32.10.3-2021.10.linux64_1.0.100.202210260954/tools/bin/../lib/gcc/arm-none-eabi/10.3.1/../../../../arm-none-eabi/lib/thumb/v7e-m+fp/hard/libc_nano.a(lib_a-fstatr.o)
 .ARM.attributes
                0x000000000000075b       0x34 /home/jake/Downloads/makeself_dir_OqaUza/y/plugins/com.st.stm32cube.ide.mcu.externaltools.gnu-tools-for-stm32.10.3-2021.10.linux64_1.0.100.202210260954/tools/bin/../lib/gcc/arm-none-eabi/10.3.1/../../../../arm-none-eabi/lib/thumb/v7e-m+fp/hard/libc_nano.a(lib_a-isattyr.o)
 .ARM.attributes
                0x000000000000078f       0x34 /home/jake/Downloads/makeself_dir_OqaUza/y/plugins/com.st.stm32cube.ide.mcu.externaltools.gnu-tools-for-stm32.10.3-2021.10.linux64_1.0.100.202210260954/tools/bin/../lib/gcc/arm-none-eabi/10.3.1/../../../../arm-none-eabi/lib/thumb/v7e-m+fp/hard/libc_nano.a(lib_a-lseekr.o)
 .ARM.attributes
                0x00000000000007c3       0x34 /home/jake/Downloads/makeself_dir_OqaUza/y/plugins/com.st.stm32cube.ide.mcu.externaltools.gnu-tools-for-stm32.10.3-2021.10.linux64_1.0.100.202210260954/tools/bin/../lib/gcc/arm-none-eabi/10.3.1/../../../../arm-none-eabi/lib/thumb/v7e-m+fp/hard/libc_nano.a(lib_a-mlock.o)
 .ARM.attributes
                0x00000000000007f7       0x34 /home/jake/Downloads/makeself_dir_OqaUza/y/plugins/com.st.stm32cube.ide.mcu.externaltools.gnu-tools-for-stm32.10.3-2021.10.linux64_1.0.100.202210260954/tools/bin/../lib/gcc/arm-none-eabi/10.3.1/../../../../arm-none-eabi/lib/thumb/v7e-m+fp/hard/libc_nano.a(lib_a-readr.o)
 .ARM.attributes
                0x000000000000082b       0x34 /home/jake/Downloads/makeself_dir_OqaUza/y/plugins/com.st.stm32cube.ide.mcu.externaltools.gnu-tools-for-stm32.10.3-2021.10.linux64_1.0.100.202210260954/tools/bin/../lib/gcc/arm-none-eabi/10.3.1/../../../../arm-none-eabi/lib/thumb/v7e-m+fp/hard/libc_nano.a(lib_a-reent.o)
 .ARM.attributes
                0x000000000000085f       0x1e /home/jake/Downloads/makeself_dir_OqaUza/y/plugins/com.st.stm32cube.ide.mcu.externaltools.gnu-tools-for-stm32.10.3-2021.10.linux64_1.0.100.202210260954/tools/bin/../lib/gcc/arm-none-eabi/10.3.1/thumb/v7e-m+fp/hard/libgcc.a(_aeabi_uldivmod.o)
 .ARM.attributes
                0x000000000000087d       0x34 /home/jake/Downloads/makeself_dir_OqaUza/y/plugins/com.st.stm32cube.ide.mcu.externaltools.gnu-tools-for-stm32.10.3-2021.10.linux64_1.0.100.202210260954/tools/bin/../lib/gcc/arm-none-eabi/10.3.1/thumb/v7e-m+fp/hard/libgcc.a(_udivmoddi4.o)
 .ARM.attributes
                0x00000000000008b1       0x1e /home/jake/Downloads/makeself_dir_OqaUza/y/plugins/com.st.stm32cube.ide.mcu.externaltools.gnu-tools-for-stm32.10.3-2021.10.linux64_1.0.100.202210260954/tools/bin/../lib/gcc/arm-none-eabi/10.3.1/thumb/v7e-m+fp/hard/libgcc.a(_dvmd_tls.o)
 .ARM.attributes
                0x00000000000008cf       0x1e /home/jake/Downloads/makeself_dir_OqaUza/y/plugins/com.st.stm32cube.ide.mcu.externaltools.gnu-tools-for-stm32.10.3-2021.10.linux64_1.0.100.202210260954/tools/bin/../lib/gcc/arm-none-eabi/10.3.1/thumb/v7e-m+fp/hard/crtn.o
OUTPUT(STM32_Audio_Stream.elf elf32-littlearm)
LOAD linker stubs
LOAD /home/jake/Downloads/makeself_dir_OqaUza/y/plugins/com.st.stm32cube.ide.mcu.externaltools.gnu-tools-for-stm32.10.3-2021.10.linux64_1.0.100.202210260954/tools/bin/../lib/gcc/arm-none-eabi/10.3.1/../../../../arm-none-eabi/lib/thumb/v7e-m+fp/hard/libc.a
LOAD /home/jake/Downloads/makeself_dir_OqaUza/y/plugins/com.st.stm32cube.ide.mcu.externaltools.gnu-tools-for-stm32.10.3-2021.10.linux64_1.0.100.202210260954/tools/bin/../lib/gcc/arm-none-eabi/10.3.1/../../../../arm-none-eabi/lib/thumb/v7e-m+fp/hard/libm.a
LOAD /home/jake/Downloads/makeself_dir_OqaUza/y/plugins/com.st.stm32cube.ide.mcu.externaltools.gnu-tools-for-stm32.10.3-2021.10.linux64_1.0.100.202210260954/tools/bin/../lib/gcc/arm-none-eabi/10.3.1/thumb/v7e-m+fp/hard/libgcc.a

.debug_info     0x0000000000000000     0xb5a6
 .debug_info    0x0000000000000000     0x135c ./Core/Src/main.o
 .debug_info    0x000000000000135c      0xd9e ./Core/Src/stm32f4xx_hal_msp.o
 .debug_info    0x00000000000020fa      0x40a ./Core/Src/stm32f4xx_it.o
 .debug_info    0x0000000000002504      0x6e0 ./Core/Src/syscalls.o
 .debug_info    0x0000000000002be4      0x171 ./Core/Src/sysmem.o
 .debug_info    0x0000000000002d55      0x523 ./Core/Src/system_stm32f4xx.o
 .debug_info    0x0000000000003278       0x22 ./Core/Startup/startup_stm32f407vetx.o
 .debug_info    0x000000000000329a      0x97c ./Drivers/STM32F4xx_HAL_Driver/Src/stm32f4xx_hal.o
 .debug_info    0x0000000000003c16      0xe1b ./Drivers/STM32F4xx_HAL_Driver/Src/stm32f4xx_hal_cortex.o
 .debug_info    0x0000000000004a31      0x94f ./Drivers/STM32F4xx_HAL_Driver/Src/stm32f4xx_hal_dma.o
 .debug_info    0x0000000000005380      0x76a ./Drivers/STM32F4xx_HAL_Driver/Src/stm32f4xx_hal_gpio.o
 .debug_info    0x0000000000005aea      0xeb6 ./Drivers/STM32F4xx_HAL_Driver/Src/stm32f4xx_hal_i2s.o
 .debug_info    0x00000000000069a0      0xb7b ./Drivers/STM32F4xx_HAL_Driver/Src/stm32f4xx_hal_i2s_ex.o
 .debug_info    0x000000000000751b      0x966 ./Drivers/STM32F4xx_HAL_Driver/Src/stm32f4xx_hal_rcc.o
 .debug_info    0x0000000000007e81      0x569 ./Drivers/STM32F4xx_HAL_Driver/Src/stm32f4xx_hal_rcc_ex.o
 .debug_info    0x00000000000083ea     0x31bc ./Drivers/STM32F4xx_HAL_Driver/Src/stm32f4xx_hal_uart.o

.debug_abbrev   0x0000000000000000     0x1f54
 .debug_abbrev  0x0000000000000000      0x313 ./Core/Src/main.o
 .debug_abbrev  0x0000000000000313      0x205 ./Core/Src/stm32f4xx_hal_msp.o
 .debug_abbrev  0x0000000000000518      0x15f ./Core/Src/stm32f4xx_it.o
 .debug_abbrev  0x0000000000000677      0x1b3 ./Core/Src/syscalls.o
 .debug_abbrev  0x000000000000082a       0xbb ./Core/Src/sysmem.o
 .debug_abbrev  0x00000000000008e5      0x116 ./Core/Src/system_stm32f4xx.o
 .debug_abbrev  0x00000000000009fb       0x12 ./Core/Startup/startup_stm32f407vetx.o
 .debug_abbrev  0x0000000000000a0d      0x20d ./Drivers/STM32F4xx_HAL_Driver/Src/stm32f4xx_hal.o
 .debug_abbrev  0x0000000000000c1a      0x316 ./Drivers/STM32F4xx_HAL_Driver/Src/stm32f4xx_hal_cortex.o
 .debug_abbrev  0x0000000000000f30      0x25b ./Drivers/STM32F4xx_HAL_Driver/Src/stm32f4xx_hal_dma.o
 .debug_abbrev  0x000000000000118b      0x1c4 ./Drivers/STM32F4xx_HAL_Driver/Src/stm32f4xx_hal_gpio.o
 .debug_abbrev  0x000000000000134f      0x247 ./Drivers/STM32F4xx_HAL_Driver/Src/stm32f4xx_hal_i2s.o
 .debug_abbrev  0x0000000000001596      0x278 ./Drivers/STM32F4xx_HAL_Driver/Src/stm32f4xx_hal_i2s_ex.o
 .debug_abbrev  0x000000000000180e      0x2aa ./Drivers/STM32F4xx_HAL_Driver/Src/stm32f4xx_hal_rcc.o
 .debug_abbrev  0x0000000000001ab8      0x1a8 ./Drivers/STM32F4xx_HAL_Driver/Src/stm32f4xx_hal_rcc_ex.o
 .debug_abbrev  0x0000000000001c60      0x2f4 ./Drivers/STM32F4xx_HAL_Driver/Src/stm32f4xx_hal_uart.o

.debug_aranges  0x0000000000000000      0x990
 .debug_aranges
                0x0000000000000000       0x78 ./Core/Src/main.o
 .debug_aranges
                0x0000000000000078       0x40 ./Core/Src/stm32f4xx_hal_msp.o
 .debug_aranges
                0x00000000000000b8       0x70 ./Core/Src/stm32f4xx_it.o
 .debug_aranges
                0x0000000000000128       0xa8 ./Core/Src/syscalls.o
 .debug_aranges
                0x00000000000001d0       0x20 ./Core/Src/sysmem.o
 .debug_aranges
                0x00000000000001f0       0x28 ./Core/Src/system_stm32f4xx.o
 .debug_aranges
                0x0000000000000218       0x28 ./Core/Startup/startup_stm32f407vetx.o
 .debug_aranges
                0x0000000000000240       0xf0 ./Drivers/STM32F4xx_HAL_Driver/Src/stm32f4xx_hal.o
 .debug_aranges
                0x0000000000000330      0x118 ./Drivers/STM32F4xx_HAL_Driver/Src/stm32f4xx_hal_cortex.o
 .debug_aranges
                0x0000000000000448       0x90 ./Drivers/STM32F4xx_HAL_Driver/Src/stm32f4xx_hal_dma.o
 .debug_aranges
                0x00000000000004d8       0x58 ./Drivers/STM32F4xx_HAL_Driver/Src/stm32f4xx_hal_gpio.o
 .debug_aranges
                0x0000000000000530      0x108 ./Drivers/STM32F4xx_HAL_Driver/Src/stm32f4xx_hal_i2s.o
 .debug_aranges
                0x0000000000000638       0x88 ./Drivers/STM32F4xx_HAL_Driver/Src/stm32f4xx_hal_i2s_ex.o
 .debug_aranges
                0x00000000000006c0       0x88 ./Drivers/STM32F4xx_HAL_Driver/Src/stm32f4xx_hal_rcc.o
 .debug_aranges
                0x0000000000000748       0x48 ./Drivers/STM32F4xx_HAL_Driver/Src/stm32f4xx_hal_rcc_ex.o
 .debug_aranges
                0x0000000000000790      0x200 ./Drivers/STM32F4xx_HAL_Driver/Src/stm32f4xx_hal_uart.o

.debug_ranges   0x0000000000000000      0x8c8
 .debug_ranges  0x0000000000000000       0x68 ./Core/Src/main.o
 .debug_ranges  0x0000000000000068       0x30 ./Core/Src/stm32f4xx_hal_msp.o
 .debug_ranges  0x0000000000000098       0x60 ./Core/Src/stm32f4xx_it.o
 .debug_ranges  0x00000000000000f8       0x98 ./Core/Src/syscalls.o
 .debug_ranges  0x0000000000000190       0x10 ./Core/Src/sysmem.o
 .debug_ranges  0x00000000000001a0       0x18 ./Core/Src/system_stm32f4xx.o
 .debug_ranges  0x00000000000001b8       0x20 ./Core/Startup/startup_stm32f407vetx.o
 .debug_ranges  0x00000000000001d8       0xe0 ./Drivers/STM32F4xx_HAL_Driver/Src/stm32f4xx_hal.o
 .debug_ranges  0x00000000000002b8      0x108 ./Drivers/STM32F4xx_HAL_Driver/Src/stm32f4xx_hal_cortex.o
 .debug_ranges  0x00000000000003c0       0x80 ./Drivers/STM32F4xx_HAL_Driver/Src/stm32f4xx_hal_dma.o
 .debug_ranges  0x0000000000000440       0x48 ./Drivers/STM32F4xx_HAL_Driver/Src/stm32f4xx_hal_gpio.o
 .debug_ranges  0x0000000000000488       0xf8 ./Drivers/STM32F4xx_HAL_Driver/Src/stm32f4xx_hal_i2s.o
 .debug_ranges  0x0000000000000580       0x78 ./Drivers/STM32F4xx_HAL_Driver/Src/stm32f4xx_hal_i2s_ex.o
 .debug_ranges  0x00000000000005f8       0x78 ./Drivers/STM32F4xx_HAL_Driver/Src/stm32f4xx_hal_rcc.o
 .debug_ranges  0x0000000000000670       0x38 ./Drivers/STM32F4xx_HAL_Driver/Src/stm32f4xx_hal_rcc_ex.o
 .debug_ranges  0x00000000000006a8      0x220 ./Drivers/STM32F4xx_HAL_Driver/Src/stm32f4xx_hal_uart.o

.debug_macro    0x0000000000000000    0x1fe94
 .debug_macro   0x0000000000000000      0x3d7 ./Core/Src/main.o
 .debug_macro   0x00000000000003d7      0x29b ./Core/Src/main.o
 .debug_macro   0x0000000000000672       0x2e ./Core/Src/main.o
 .debug_macro   0x00000000000006a0       0x2f ./Core/Src/main.o
 .debug_macro   0x00000000000006cf       0x1c ./Core/Src/main.o
 .debug_macro   0x00000000000006eb       0x22 ./Core/Src/main.o
 .debug_macro   0x000000000000070d     0x102d ./Core/Src/main.o
 .debug_macro   0x000000000000173a      0x11f ./Core/Src/main.o
 .debug_macro   0x0000000000001859    0x15e82 ./Core/Src/main.o
 .debug_macro   0x00000000000176db       0x6d ./Core/Src/main.o
 .debug_macro   0x0000000000017748     0x367e ./Core/Src/main.o
 .debug_macro   0x000000000001adc6       0x5c ./Core/Src/main.o
 .debug_macro   0x000000000001ae22      0x96b ./Core/Src/main.o
 .debug_macro   0x000000000001b78d      0x9fe ./Core/Src/main.o
 .debug_macro   0x000000000001c18b      0x115 ./Core/Src/main.o
 .debug_macro   0x000000000001c2a0      0x13e ./Core/Src/main.o
 .debug_macro   0x000000000001c3de       0xa5 ./Core/Src/main.o
 .debug_macro   0x000000000001c483      0x174 ./Core/Src/main.o
 .debug_macro   0x000000000001c5f7      0x287 ./Core/Src/main.o
 .debug_macro   0x000000000001c87e       0x5f ./Core/Src/main.o
 .debug_macro   0x000000000001c8dd      0x236 ./Core/Src/main.o
 .debug_macro   0x000000000001cb13      0x12c ./Core/Src/main.o
 .debug_macro   0x000000000001cc3f      0x21e ./Core/Src/main.o
 .debug_macro   0x000000000001ce5d       0x2e ./Core/Src/main.o
 .debug_macro   0x000000000001ce8b      0x1a7 ./Core/Src/main.o
 .debug_macro   0x000000000001d032       0x46 ./Core/Src/main.o
 .debug_macro   0x000000000001d078       0x4a ./Core/Src/main.o
 .debug_macro   0x000000000001d0c2      0x11a ./Core/Src/main.o
 .debug_macro   0x000000000001d1dc       0x7e ./Core/Src/main.o
 .debug_macro   0x000000000001d25a       0x89 ./Core/Src/main.o
 .debug_macro   0x000000000001d2e3      0x295 ./Core/Src/main.o
 .debug_macro   0x000000000001d578      0x12d ./Core/Src/main.o
 .debug_macro   0x000000000001d6a5       0x16 ./Core/Src/main.o
 .debug_macro   0x000000000001d6bb       0x10 ./Core/Src/main.o
 .debug_macro   0x000000000001d6cb       0x10 ./Core/Src/main.o
 .debug_macro   0x000000000001d6db       0x1c ./Core/Src/main.o
 .debug_macro   0x000000000001d6f7       0x52 ./Core/Src/main.o
 .debug_macro   0x000000000001d749       0x22 ./Core/Src/main.o
 .debug_macro   0x000000000001d76b       0x10 ./Core/Src/main.o
 .debug_macro   0x000000000001d77b       0x52 ./Core/Src/main.o
 .debug_macro   0x000000000001d7cd       0xd5 ./Core/Src/main.o
 .debug_macro   0x000000000001d8a2       0x1c ./Core/Src/main.o
 .debug_macro   0x000000000001d8be       0x3d ./Core/Src/main.o
 .debug_macro   0x000000000001d8fb       0x16 ./Core/Src/main.o
 .debug_macro   0x000000000001d911      0x145 ./Core/Src/main.o
 .debug_macro   0x000000000001da56       0x16 ./Core/Src/main.o
 .debug_macro   0x000000000001da6c      0x1dd ./Core/Src/stm32f4xx_hal_msp.o
 .debug_macro   0x000000000001dc49      0x1e7 ./Core/Src/stm32f4xx_it.o
 .debug_macro   0x000000000001de30      0x24c ./Core/Src/syscalls.o
 .debug_macro   0x000000000001e07c       0x4c ./Core/Src/syscalls.o
 .debug_macro   0x000000000001e0c8       0x94 ./Core/Src/syscalls.o
 .debug_macro   0x000000000001e15c       0x57 ./Core/Src/syscalls.o
 .debug_macro   0x000000000001e1b3       0x10 ./Core/Src/syscalls.o
 .debug_macro   0x000000000001e1c3       0x10 ./Core/Src/syscalls.o
 .debug_macro   0x000000000001e1d3       0x10 ./Core/Src/syscalls.o
 .debug_macro   0x000000000001e1e3       0x35 ./Core/Src/syscalls.o
 .debug_macro   0x000000000001e218      0x12c ./Core/Src/syscalls.o
 .debug_macro   0x000000000001e344       0x16 ./Core/Src/syscalls.o
 .debug_macro   0x000000000001e35a       0x16 ./Core/Src/syscalls.o
 .debug_macro   0x000000000001e370       0x29 ./Core/Src/syscalls.o
 .debug_macro   0x000000000001e399       0x10 ./Core/Src/syscalls.o
 .debug_macro   0x000000000001e3a9      0x241 ./Core/Src/syscalls.o
 .debug_macro   0x000000000001e5ea       0x1c ./Core/Src/syscalls.o
 .debug_macro   0x000000000001e606       0x10 ./Core/Src/syscalls.o
 .debug_macro   0x000000000001e616      0x189 ./Core/Src/syscalls.o
 .debug_macro   0x000000000001e79f       0x16 ./Core/Src/syscalls.o
 .debug_macro   0x000000000001e7b5       0xce ./Core/Src/syscalls.o
 .debug_macro   0x000000000001e883       0xff ./Core/Src/sysmem.o
 .debug_macro   0x000000000001e982      0x23b ./Core/Src/sysmem.o
 .debug_macro   0x000000000001ebbd      0x1d3 ./Core/Src/system_stm32f4xx.o
 .debug_macro   0x000000000001ed90      0x233 ./Drivers/STM32F4xx_HAL_Driver/Src/stm32f4xx_hal.o
 .debug_macro   0x000000000001efc3      0x1d3 ./Drivers/STM32F4xx_HAL_Driver/Src/stm32f4xx_hal_cortex.o
 .debug_macro   0x000000000001f196      0x1d9 ./Drivers/STM32F4xx_HAL_Driver/Src/stm32f4xx_hal_dma.o
 .debug_macro   0x000000000001f36f      0x1d9 ./Drivers/STM32F4xx_HAL_Driver/Src/stm32f4xx_hal_gpio.o
 .debug_macro   0x000000000001f548      0x1db ./Drivers/STM32F4xx_HAL_Driver/Src/stm32f4xx_hal_i2s.o
 .debug_macro   0x000000000001f723      0x1d3 ./Drivers/STM32F4xx_HAL_Driver/Src/stm32f4xx_hal_i2s_ex.o
 .debug_macro   0x000000000001f8f6      0x1f7 ./Drivers/STM32F4xx_HAL_Driver/Src/stm32f4xx_hal_rcc.o
 .debug_macro   0x000000000001faed      0x1d3 ./Drivers/STM32F4xx_HAL_Driver/Src/stm32f4xx_hal_rcc_ex.o
 .debug_macro   0x000000000001fcc0      0x1d4 ./Drivers/STM32F4xx_HAL_Driver/Src/stm32f4xx_hal_uart.o

.debug_line     0x0000000000000000     0xcb89
 .debug_line    0x0000000000000000      0xce1 ./Core/Src/main.o
 .debug_line    0x0000000000000ce1      0x7fd ./Core/Src/stm32f4xx_hal_msp.o
 .debug_line    0x00000000000014de      0x7ce ./Core/Src/stm32f4xx_it.o
 .debug_line    0x0000000000001cac      0x81c ./Core/Src/syscalls.o
 .debug_line    0x00000000000024c8      0x512 ./Core/Src/sysmem.o
 .debug_line    0x00000000000029da      0x75d ./Core/Src/system_stm32f4xx.o
 .debug_line    0x0000000000003137       0x88 ./Core/Startup/startup_stm32f407vetx.o
 .debug_line    0x00000000000031bf      0x9c3 ./Drivers/STM32F4xx_HAL_Driver/Src/stm32f4xx_hal.o
 .debug_line    0x0000000000003b82      0xc72 ./Drivers/STM32F4xx_HAL_Driver/Src/stm32f4xx_hal_cortex.o
 .debug_line    0x00000000000047f4      0xf27 ./Drivers/STM32F4xx_HAL_Driver/Src/stm32f4xx_hal_dma.o
 .debug_line    0x000000000000571b      0xb37 ./Drivers/STM32F4xx_HAL_Driver/Src/stm32f4xx_hal_gpio.o
 .debug_line    0x0000000000006252     0x135c ./Drivers/STM32F4xx_HAL_Driver/Src/stm32f4xx_hal_i2s.o
 .debug_line    0x00000000000075ae     0x145b ./Drivers/STM32F4xx_HAL_Driver/Src/stm32f4xx_hal_i2s_ex.o
 .debug_line    0x0000000000008a09      0xd3f ./Drivers/STM32F4xx_HAL_Driver/Src/stm32f4xx_hal_rcc.o
 .debug_line    0x0000000000009748      0x9d9 ./Drivers/STM32F4xx_HAL_Driver/Src/stm32f4xx_hal_rcc_ex.o
 .debug_line    0x000000000000a121     0x2a68 ./Drivers/STM32F4xx_HAL_Driver/Src/stm32f4xx_hal_uart.o

.debug_str      0x0000000000000000    0xc7274
 .debug_str     0x0000000000000000    0xc3c23 ./Core/Src/main.o
                                      0xc408f (size before relaxing)
 .debug_str     0x00000000000c3c23      0x1ae ./Core/Src/stm32f4xx_hal_msp.o
                                      0xbe5df (size before relaxing)
 .debug_str     0x00000000000c3dd1      0x10c ./Core/Src/stm32f4xx_it.o
                                      0xbe073 (size before relaxing)
 .debug_str     0x00000000000c3edd     0x1746 ./Core/Src/syscalls.o
                                       0x8a7a (size before relaxing)
 .debug_str     0x00000000000c5623       0x6b ./Core/Src/sysmem.o
                                       0x5db6 (size before relaxing)
 .debug_str     0x00000000000c568e       0xdb ./Core/Src/system_stm32f4xx.o
                                      0xbdedc (size before relaxing)
 .debug_str     0x00000000000c5769       0x36 ./Core/Startup/startup_stm32f407vetx.o
                                         0x78 (size before relaxing)
 .debug_str     0x00000000000c579f      0x612 ./Drivers/STM32F4xx_HAL_Driver/Src/stm32f4xx_hal.o
                                      0xbea60 (size before relaxing)
 .debug_str     0x00000000000c5db1      0x341 ./Drivers/STM32F4xx_HAL_Driver/Src/stm32f4xx_hal_cortex.o
                                      0xbe793 (size before relaxing)
 .debug_str     0x00000000000c60f2      0x2f3 ./Drivers/STM32F4xx_HAL_Driver/Src/stm32f4xx_hal_dma.o
                                      0xbe2f6 (size before relaxing)
 .debug_str     0x00000000000c63e5      0x15d ./Drivers/STM32F4xx_HAL_Driver/Src/stm32f4xx_hal_gpio.o
                                      0xbe057 (size before relaxing)
 .debug_str     0x00000000000c6542      0x2c0 ./Drivers/STM32F4xx_HAL_Driver/Src/stm32f4xx_hal_i2s.o
                                      0xbe4cd (size before relaxing)
 .debug_str     0x00000000000c6802      0x184 ./Drivers/STM32F4xx_HAL_Driver/Src/stm32f4xx_hal_i2s_ex.o
                                      0xbe3d8 (size before relaxing)
 .debug_str     0x00000000000c6986      0x228 ./Drivers/STM32F4xx_HAL_Driver/Src/stm32f4xx_hal_rcc.o
                                      0xbe310 (size before relaxing)
 .debug_str     0x00000000000c6bae       0xde ./Drivers/STM32F4xx_HAL_Driver/Src/stm32f4xx_hal_rcc_ex.o
                                      0xbe02e (size before relaxing)
 .debug_str     0x00000000000c6c8c      0x5e8 ./Drivers/STM32F4xx_HAL_Driver/Src/stm32f4xx_hal_uart.o
                                      0xbe8af (size before relaxing)

.comment        0x0000000000000000       0x50
 .comment       0x0000000000000000       0x50 ./Core/Src/main.o
                                         0x51 (size before relaxing)
 .comment       0x0000000000000050       0x51 ./Core/Src/stm32f4xx_hal_msp.o
 .comment       0x0000000000000050       0x51 ./Core/Src/stm32f4xx_it.o
 .comment       0x0000000000000050       0x51 ./Core/Src/syscalls.o
 .comment       0x0000000000000050       0x51 ./Core/Src/sysmem.o
 .comment       0x0000000000000050       0x51 ./Core/Src/system_stm32f4xx.o
 .comment       0x0000000000000050       0x51 ./Drivers/STM32F4xx_HAL_Driver/Src/stm32f4xx_hal.o
 .comment       0x0000000000000050       0x51 ./Drivers/STM32F4xx_HAL_Driver/Src/stm32f4xx_hal_cortex.o
 .comment       0x0000000000000050       0x51 ./Drivers/STM32F4xx_HAL_Driver/Src/stm32f4xx_hal_dma.o
 .comment       0x0000000000000050       0x51 ./Drivers/STM32F4xx_HAL_Driver/Src/stm32f4xx_hal_gpio.o
 .comment       0x0000000000000050       0x51 ./Drivers/STM32F4xx_HAL_Driver/Src/stm32f4xx_hal_i2s.o
 .comment       0x0000000000000050       0x51 ./Drivers/STM32F4xx_HAL_Driver/Src/stm32f4xx_hal_i2s_ex.o
 .comment       0x0000000000000050       0x51 ./Drivers/STM32F4xx_HAL_Driver/Src/stm32f4xx_hal_rcc.o
 .comment       0x0000000000000050       0x51 ./Drivers/STM32F4xx_HAL_Driver/Src/stm32f4xx_hal_rcc_ex.o
 .comment       0x0000000000000050       0x51 ./Drivers/STM32F4xx_HAL_Driver/Src/stm32f4xx_hal_uart.o

.debug_frame    0x0000000000000000     0x2c80
 .debug_frame   0x0000000000000000      0x1a4 ./Core/Src/main.o
 .debug_frame   0x00000000000001a4       0xc8 ./Core/Src/stm32f4xx_hal_msp.o
 .debug_frame   0x000000000000026c      0x13c ./Core/Src/stm32f4xx_it.o
 .debug_frame   0x00000000000003a8      0x2ac ./Core/Src/syscalls.o
 .debug_frame   0x0000000000000654       0x34 ./Core/Src/sysmem.o
 .debug_frame   0x0000000000000688       0x58 ./Core/Src/system_stm32f4xx.o
 .debug_frame   0x00000000000006e0      0x374 ./Drivers/STM32F4xx_HAL_Driver/Src/stm32f4xx_hal.o
 .debug_frame   0x0000000000000a54      0x498 ./Drivers/STM32F4xx_HAL_Driver/Src/stm32f4xx_hal_cortex.o
 .debug_frame   0x0000000000000eec      0x250 ./Drivers/STM32F4xx_HAL_Driver/Src/stm32f4xx_hal_dma.o
 .debug_frame   0x000000000000113c      0x14c ./Drivers/STM32F4xx_HAL_Driver/Src/stm32f4xx_hal_gpio.o
 .debug_frame   0x0000000000001288      0x484 ./Drivers/STM32F4xx_HAL_Driver/Src/stm32f4xx_hal_i2s.o
 .debug_frame   0x000000000000170c      0x220 ./Drivers/STM32F4xx_HAL_Driver/Src/stm32f4xx_hal_i2s_ex.o
 .debug_frame   0x000000000000192c      0x1f4 ./Drivers/STM32F4xx_HAL_Driver/Src/stm32f4xx_hal_rcc.o
 .debug_frame   0x0000000000001b20       0xf0 ./Drivers/STM32F4xx_HAL_Driver/Src/stm32f4xx_hal_rcc_ex.o
 .debug_frame   0x0000000000001c10      0x92c ./Drivers/STM32F4xx_HAL_Driver/Src/stm32f4xx_hal_uart.o
 .debug_frame   0x000000000000253c       0x20 /home/jake/Downloads/makeself_dir_OqaUza/y/plugins/com.st.stm32cube.ide.mcu.externaltools.gnu-tools-for-stm32.10.3-2021.10.linux64_1.0.100.202210260954/tools/bin/../lib/gcc/arm-none-eabi/10.3.1/../../../../arm-none-eabi/lib/thumb/v7e-m+fp/hard/libc_nano.a(lib_a-errno.o)
 .debug_frame   0x000000000000255c       0x2c /home/jake/Downloads/makeself_dir_OqaUza/y/plugins/com.st.stm32cube.ide.mcu.externaltools.gnu-tools-for-stm32.10.3-2021.10.linux64_1.0.100.202210260954/tools/bin/../lib/gcc/arm-none-eabi/10.3.1/../../../../arm-none-eabi/lib/thumb/v7e-m+fp/hard/libc_nano.a(lib_a-init.o)
 .debug_frame   0x0000000000002588       0x20 /home/jake/Downloads/makeself_dir_OqaUza/y/plugins/com.st.stm32cube.ide.mcu.externaltools.gnu-tools-for-stm32.10.3-2021.10.linux64_1.0.100.202210260954/tools/bin/../lib/gcc/arm-none-eabi/10.3.1/../../../../arm-none-eabi/lib/thumb/v7e-m+fp/hard/libc_nano.a(lib_a-memset.o)
 .debug_frame   0x00000000000025a8       0x3c /home/jake/Downloads/makeself_dir_OqaUza/y/plugins/com.st.stm32cube.ide.mcu.externaltools.gnu-tools-for-stm32.10.3-2021.10.linux64_1.0.100.202210260954/tools/bin/../lib/gcc/arm-none-eabi/10.3.1/../../../../arm-none-eabi/lib/thumb/v7e-m+fp/hard/libc_nano.a(lib_a-puts.o)
 .debug_frame   0x00000000000025e4       0x40 /home/jake/Downloads/makeself_dir_OqaUza/y/plugins/com.st.stm32cube.ide.mcu.externaltools.gnu-tools-for-stm32.10.3-2021.10.linux64_1.0.100.202210260954/tools/bin/../lib/gcc/arm-none-eabi/10.3.1/../../../../arm-none-eabi/lib/thumb/v7e-m+fp/hard/libc_nano.a(lib_a-wbuf.o)
 .debug_frame   0x0000000000002624       0x2c /home/jake/Downloads/makeself_dir_OqaUza/y/plugins/com.st.stm32cube.ide.mcu.externaltools.gnu-tools-for-stm32.10.3-2021.10.linux64_1.0.100.202210260954/tools/bin/../lib/gcc/arm-none-eabi/10.3.1/../../../../arm-none-eabi/lib/thumb/v7e-m+fp/hard/libc_nano.a(lib_a-wsetup.o)
 .debug_frame   0x0000000000002650       0x5c /home/jake/Downloads/makeself_dir_OqaUza/y/plugins/com.st.stm32cube.ide.mcu.externaltools.gnu-tools-for-stm32.10.3-2021.10.linux64_1.0.100.202210260954/tools/bin/../lib/gcc/arm-none-eabi/10.3.1/../../../../arm-none-eabi/lib/thumb/v7e-m+fp/hard/libc_nano.a(lib_a-fflush.o)
 .debug_frame   0x00000000000026ac      0x14c /home/jake/Downloads/makeself_dir_OqaUza/y/plugins/com.st.stm32cube.ide.mcu.externaltools.gnu-tools-for-stm32.10.3-2021.10.linux64_1.0.100.202210260954/tools/bin/../lib/gcc/arm-none-eabi/10.3.1/../../../../arm-none-eabi/lib/thumb/v7e-m+fp/hard/libc_nano.a(lib_a-findfp.o)
 .debug_frame   0x00000000000027f8       0x54 /home/jake/Downloads/makeself_dir_OqaUza/y/plugins/com.st.stm32cube.ide.mcu.externaltools.gnu-tools-for-stm32.10.3-2021.10.linux64_1.0.100.202210260954/tools/bin/../lib/gcc/arm-none-eabi/10.3.1/../../../../arm-none-eabi/lib/thumb/v7e-m+fp/hard/libc_nano.a(lib_a-fwalk.o)
 .debug_frame   0x000000000000284c       0xb0 /home/jake/Downloads/makeself_dir_OqaUza/y/plugins/com.st.stm32cube.ide.mcu.externaltools.gnu-tools-for-stm32.10.3-2021.10.linux64_1.0.100.202210260954/tools/bin/../lib/gcc/arm-none-eabi/10.3.1/../../../../arm-none-eabi/lib/thumb/v7e-m+fp/hard/libc_nano.a(lib_a-lock.o)
 .debug_frame   0x00000000000028fc       0x58 /home/jake/Downloads/makeself_dir_OqaUza/y/plugins/com.st.stm32cube.ide.mcu.externaltools.gnu-tools-for-stm32.10.3-2021.10.linux64_1.0.100.202210260954/tools/bin/../lib/gcc/arm-none-eabi/10.3.1/../../../../arm-none-eabi/lib/thumb/v7e-m+fp/hard/libc_nano.a(lib_a-makebuf.o)
 .debug_frame   0x0000000000002954       0x38 /home/jake/Downloads/makeself_dir_OqaUza/y/plugins/com.st.stm32cube.ide.mcu.externaltools.gnu-tools-for-stm32.10.3-2021.10.linux64_1.0.100.202210260954/tools/bin/../lib/gcc/arm-none-eabi/10.3.1/../../../../arm-none-eabi/lib/thumb/v7e-m+fp/hard/libc_nano.a(lib_a-nano-freer.o)