../Core/Src/main.c:84:5:_write	24	static
../Core/Src/main.c:100:5:main	8	static
../Core/Src/main.c:152:6:SystemClock_Config	88	static
../Core/Src/main.c:198:13:MX_I2S2_Init	8	static
../Core/Src/main.c:232:13:MX_UART4_Init	8	static
../Core/Src/main.c:263:13:MX_DMA_Init	16	static
../Core/Src/main.c:284:13:MX_GPIO_Init	24	static
../Core/Src/main.c:296:6:HAL_I2SEx_TxRxHalfCpltCallback	24	static
../Core/Src/main.c:300:6:HAL_I2SEx_TxRxCpltCallback	24	static
../Core/Src/main.c:306:6:Process_Data	72	static
../Core/Src/main.c:367:7:low_pass_filter	24	static
../Core/Src/main.c:403:6:Error_Handler	4	static,ignoring_inline_asm
