../Core/Src/main.c:83:5:_write	24	static
../Core/Src/main.c:99:5:main	8	static
../Core/Src/main.c:151:6:SystemClock_Config	88	static
../Core/Src/main.c:197:13:MX_I2S2_Init	8	static
../Core/Src/main.c:231:13:MX_UART4_Init	8	static
../Core/Src/main.c:262:13:MX_DMA_Init	16	static
../Core/Src/main.c:283:13:MX_GPIO_Init	24	static
../Core/Src/main.c:295:6:HAL_I2SEx_TxRxHalfCpltCallback	24	static
../Core/Src/main.c:299:6:HAL_I2SEx_TxRxCpltCallback	24	static
../Core/Src/main.c:305:6:Process_Data	56	static
../Core/Src/main.c:354:8:low_pass_filter	40	static
../Core/Src/main.c:397:6:tanh_approx	32	static
../Core/Src/main.c:409:6:Error_Handler	4	static,ignoring_inline_asm
